[0.015s] Invoking command in '/workspaces/isaac_ros-dev/build/gxf_isaac_gems': AMENT_PREFIX_PATH=/workspaces/isaac_ros-dev/install/isaac_ros_gxf:${AMENT_PREFIX_PATH} CMAKE_PREFIX_PATH=/workspaces/isaac_ros-dev/install/isaac_ros_gxf:/workspaces/isaac_ros-dev/install/isaac_ros_common:/usr/local/libcudss-linux-0.3.0.9_cuda12-archive:/workspaces/isaac_ros-dev/install/isaac_ros_test:/workspaces/isaac_ros-dev/install/isaac_ros_launch_utils:/workspaces/isaac_ros-dev/install/isaac_common_py:/opt/ros/humble LD_LIBRARY_PATH=/workspaces/isaac_ros-dev/install/isaac_ros_gxf/lib:/workspaces/isaac_ros-dev/install/isaac_ros_common/lib:/opt/ros/humble/opt/openvdb_vendor/lib:/opt/ros/humble/opt/rviz_ogre_vendor/lib:/opt/ros/humble/lib/x86_64-linux-gnu:/opt/ros/humble/lib:/usr/local/libcudss-linux-0.3.0.9_cuda12-archive/lib:/opt/hpcx/ucc/lib/:/opt/hpcx/ucx/lib/:/usr/local/cuda/compat/lib:/usr/local/nvidia/lib:/usr/local/nvidia/lib64:/opt/tritonserver/lib /usr/bin/cmake /workspaces/isaac_ros-dev/src/isaac_ros_nitros/isaac_ros_gxf_extensions/gxf_isaac_gems -DBUILD_TESTING=OFF -DAMENT_CMAKE_SYMLINK_INSTALL=1 -DCMAKE_INSTALL_PREFIX=/workspaces/isaac_ros-dev/install/gxf_isaac_gems
[0.065s] -- The C compiler identification is GNU 11.4.0
[0.121s] -- The CXX compiler identification is GNU 11.4.0
[0.127s] -- Detecting C compiler ABI info
[0.194s] -- Detecting C compiler ABI info - done
[0.200s] -- Check for working C compiler: /usr/bin/cc - skipped
[0.200s] -- Detecting C compile features
[0.201s] -- Detecting C compile features - done
[0.204s] -- Detecting CXX compiler ABI info
[0.266s] -- Detecting CXX compiler ABI info - done
[0.271s] -- Check for working CXX compiler: /usr/bin/c++ - skipped
[0.271s] -- Detecting CXX compile features
[0.272s] -- Detecting CXX compile features - done
[0.274s] -- Found ament_cmake_auto: 1.3.12 (/opt/ros/humble/share/ament_cmake_auto/cmake)
[0.788s] -- Found Python3: /usr/bin/python3 (found version "3.10.12") found components: Interpreter 
[0.841s] -- Override CMake install command with custom implementation using symlinks instead of copying resources
[0.954s] -- Loading isaac_ros_common extras
[0.954s] -- CMAKE_BUILD_TYPE: Release
[0.968s] -- Looking for pthread.h
[1.050s] -- Looking for pthread.h - found
[1.050s] -- Performing Test CMAKE_HAVE_LIBC_PTHREAD
[1.121s] -- Performing Test CMAKE_HAVE_LIBC_PTHREAD - Success
[1.122s] -- Found Threads: TRUE  
[1.137s] -- Found CUDA: /usr/local/cuda (found version "12.6") 
[1.137s] -- CUDA architectures: 89;86;80;75;70
[1.137s] -- Loading isaac_ros_common extras (modules)
[1.180s] -- Found rosidl_generator_c: 3.1.7 (/opt/ros/humble/share/rosidl_generator_c/cmake)
[1.187s] -- Found rosidl_adapter: 3.1.7 (/opt/ros/humble/share/rosidl_adapter/cmake)
[1.196s] -- Found rosidl_generator_cpp: 3.1.7 (/opt/ros/humble/share/rosidl_generator_cpp/cmake)
[1.207s] -- Using all available rosidl_typesupport_c: rosidl_typesupport_fastrtps_c;rosidl_typesupport_introspection_c
[1.224s] -- Using all available rosidl_typesupport_cpp: rosidl_typesupport_fastrtps_cpp;rosidl_typesupport_introspection_cpp
[1.268s] -- Found rmw_implementation_cmake: 6.1.2 (/opt/ros/humble/share/rmw_implementation_cmake/cmake)
[1.272s] -- Found rmw_fastrtps_cpp: 6.2.9 (/opt/ros/humble/share/rmw_fastrtps_cpp/cmake)
[1.358s] -- Found OpenSSL: /usr/lib/x86_64-linux-gnu/libcrypto.so (found version "3.0.2")  
[1.383s] -- Found FastRTPS: /opt/ros/humble/include  
[1.430s] -- Using RMW implementation 'rmw_fastrtps_cpp' as default
[1.485s] -- Loading isaac_ros_gxf extras
[1.550s] -- Configuring done
[1.554s] -- Generating done
[1.555s] -- Build files have been written to: /workspaces/isaac_ros-dev/build/gxf_isaac_gems
[1.563s] Invoked command in '/workspaces/isaac_ros-dev/build/gxf_isaac_gems' returned '0': AMENT_PREFIX_PATH=/workspaces/isaac_ros-dev/install/isaac_ros_gxf:${AMENT_PREFIX_PATH} CMAKE_PREFIX_PATH=/workspaces/isaac_ros-dev/install/isaac_ros_gxf:/workspaces/isaac_ros-dev/install/isaac_ros_common:/usr/local/libcudss-linux-0.3.0.9_cuda12-archive:/workspaces/isaac_ros-dev/install/isaac_ros_test:/workspaces/isaac_ros-dev/install/isaac_ros_launch_utils:/workspaces/isaac_ros-dev/install/isaac_common_py:/opt/ros/humble LD_LIBRARY_PATH=/workspaces/isaac_ros-dev/install/isaac_ros_gxf/lib:/workspaces/isaac_ros-dev/install/isaac_ros_common/lib:/opt/ros/humble/opt/openvdb_vendor/lib:/opt/ros/humble/opt/rviz_ogre_vendor/lib:/opt/ros/humble/lib/x86_64-linux-gnu:/opt/ros/humble/lib:/usr/local/libcudss-linux-0.3.0.9_cuda12-archive/lib:/opt/hpcx/ucc/lib/:/opt/hpcx/ucx/lib/:/usr/local/cuda/compat/lib:/usr/local/nvidia/lib:/usr/local/nvidia/lib64:/opt/tritonserver/lib /usr/bin/cmake /workspaces/isaac_ros-dev/src/isaac_ros_nitros/isaac_ros_gxf_extensions/gxf_isaac_gems -DBUILD_TESTING=OFF -DAMENT_CMAKE_SYMLINK_INSTALL=1 -DCMAKE_INSTALL_PREFIX=/workspaces/isaac_ros-dev/install/gxf_isaac_gems
[1.563s] Invoking command in '/workspaces/isaac_ros-dev/build/gxf_isaac_gems': AMENT_PREFIX_PATH=/workspaces/isaac_ros-dev/install/isaac_ros_gxf:${AMENT_PREFIX_PATH} CMAKE_PREFIX_PATH=/workspaces/isaac_ros-dev/install/isaac_ros_gxf:/workspaces/isaac_ros-dev/install/isaac_ros_common:/usr/local/libcudss-linux-0.3.0.9_cuda12-archive:/workspaces/isaac_ros-dev/install/isaac_ros_test:/workspaces/isaac_ros-dev/install/isaac_ros_launch_utils:/workspaces/isaac_ros-dev/install/isaac_common_py:/opt/ros/humble LD_LIBRARY_PATH=/workspaces/isaac_ros-dev/install/isaac_ros_gxf/lib:/workspaces/isaac_ros-dev/install/isaac_ros_common/lib:/opt/ros/humble/opt/openvdb_vendor/lib:/opt/ros/humble/opt/rviz_ogre_vendor/lib:/opt/ros/humble/lib/x86_64-linux-gnu:/opt/ros/humble/lib:/usr/local/libcudss-linux-0.3.0.9_cuda12-archive/lib:/opt/hpcx/ucc/lib/:/opt/hpcx/ucx/lib/:/usr/local/cuda/compat/lib:/usr/local/nvidia/lib:/usr/local/nvidia/lib64:/opt/tritonserver/lib /usr/bin/cmake --build /workspaces/isaac_ros-dev/build/gxf_isaac_gems -- -j16 -l16
[1.603s] [100%] [34m[1mGenerating version information as YAML[0m
[1.672s] [100%] Built target generate_version_info_target_gxf_isaac_gems
[1.681s] Invoked command in '/workspaces/isaac_ros-dev/build/gxf_isaac_gems' returned '0': AMENT_PREFIX_PATH=/workspaces/isaac_ros-dev/install/isaac_ros_gxf:${AMENT_PREFIX_PATH} CMAKE_PREFIX_PATH=/workspaces/isaac_ros-dev/install/isaac_ros_gxf:/workspaces/isaac_ros-dev/install/isaac_ros_common:/usr/local/libcudss-linux-0.3.0.9_cuda12-archive:/workspaces/isaac_ros-dev/install/isaac_ros_test:/workspaces/isaac_ros-dev/install/isaac_ros_launch_utils:/workspaces/isaac_ros-dev/install/isaac_common_py:/opt/ros/humble LD_LIBRARY_PATH=/workspaces/isaac_ros-dev/install/isaac_ros_gxf/lib:/workspaces/isaac_ros-dev/install/isaac_ros_common/lib:/opt/ros/humble/opt/openvdb_vendor/lib:/opt/ros/humble/opt/rviz_ogre_vendor/lib:/opt/ros/humble/lib/x86_64-linux-gnu:/opt/ros/humble/lib:/usr/local/libcudss-linux-0.3.0.9_cuda12-archive/lib:/opt/hpcx/ucc/lib/:/opt/hpcx/ucx/lib/:/usr/local/cuda/compat/lib:/usr/local/nvidia/lib:/usr/local/nvidia/lib64:/opt/tritonserver/lib /usr/bin/cmake --build /workspaces/isaac_ros-dev/build/gxf_isaac_gems -- -j16 -l16
[1.682s] Invoking command in '/workspaces/isaac_ros-dev/build/gxf_isaac_gems': AMENT_PREFIX_PATH=/workspaces/isaac_ros-dev/install/isaac_ros_gxf:${AMENT_PREFIX_PATH} CMAKE_PREFIX_PATH=/workspaces/isaac_ros-dev/install/isaac_ros_gxf:/workspaces/isaac_ros-dev/install/isaac_ros_common:/usr/local/libcudss-linux-0.3.0.9_cuda12-archive:/workspaces/isaac_ros-dev/install/isaac_ros_test:/workspaces/isaac_ros-dev/install/isaac_ros_launch_utils:/workspaces/isaac_ros-dev/install/isaac_common_py:/opt/ros/humble LD_LIBRARY_PATH=/workspaces/isaac_ros-dev/install/isaac_ros_gxf/lib:/workspaces/isaac_ros-dev/install/isaac_ros_common/lib:/opt/ros/humble/opt/openvdb_vendor/lib:/opt/ros/humble/opt/rviz_ogre_vendor/lib:/opt/ros/humble/lib/x86_64-linux-gnu:/opt/ros/humble/lib:/usr/local/libcudss-linux-0.3.0.9_cuda12-archive/lib:/opt/hpcx/ucc/lib/:/opt/hpcx/ucx/lib/:/usr/local/cuda/compat/lib:/usr/local/nvidia/lib:/usr/local/nvidia/lib64:/opt/tritonserver/lib /usr/bin/cmake --install /workspaces/isaac_ros-dev/build/gxf_isaac_gems
[1.687s] -- Install configuration: "Release"
[1.687s] -- Execute custom install script
[1.688s] -- Symlinking: /workspaces/isaac_ros-dev/install/gxf_isaac_gems/share/gxf_isaac_gems/gxf/include/gems/algorithm/string_utils.hpp
[1.694s] -- Symlinking: /workspaces/isaac_ros-dev/install/gxf_isaac_gems/share/gxf_isaac_gems/gxf/include/gems/common/composite_schema_uid.hpp
[1.701s] -- Symlinking: /workspaces/isaac_ros-dev/install/gxf_isaac_gems/share/gxf_isaac_gems/gxf/include/gems/common/pose_frame_uid.hpp
[1.707s] -- Symlinking: /workspaces/isaac_ros-dev/install/gxf_isaac_gems/share/gxf_isaac_gems/gxf/include/gems/composite/composite_from_tensor.hpp
[1.714s] -- Symlinking: /workspaces/isaac_ros-dev/install/gxf_isaac_gems/share/gxf_isaac_gems/gxf/include/gems/composite/composite_view.hpp
[1.720s] -- Symlinking: /workspaces/isaac_ros-dev/install/gxf_isaac_gems/share/gxf_isaac_gems/gxf/include/gems/composite/measure.hpp
[1.727s] -- Symlinking: /workspaces/isaac_ros-dev/install/gxf_isaac_gems/share/gxf_isaac_gems/gxf/include/gems/composite/quantity.hpp
[1.732s] -- Symlinking: /workspaces/isaac_ros-dev/install/gxf_isaac_gems/share/gxf_isaac_gems/gxf/include/gems/composite/schema.hpp
[1.742s] -- Symlinking: /workspaces/isaac_ros-dev/install/gxf_isaac_gems/share/gxf_isaac_gems/gxf/include/gems/composite/schema_tensor_archive.hpp
[1.751s] -- Symlinking: /workspaces/isaac_ros-dev/install/gxf_isaac_gems/share/gxf_isaac_gems/gxf/include/gems/coms/socket.hpp
[1.759s] -- Symlinking: /workspaces/isaac_ros-dev/install/gxf_isaac_gems/share/gxf_isaac_gems/gxf/include/gems/control_types/differential_drive.hpp
[1.768s] -- Symlinking: /workspaces/isaac_ros-dev/install/gxf_isaac_gems/share/gxf_isaac_gems/gxf/include/gems/core/allocator/allocator_base.hpp
[1.776s] -- Symlinking: /workspaces/isaac_ros-dev/install/gxf_isaac_gems/share/gxf_isaac_gems/gxf/include/gems/core/allocator/allocators.hpp
[1.783s] -- Symlinking: /workspaces/isaac_ros-dev/install/gxf_isaac_gems/share/gxf_isaac_gems/gxf/include/gems/core/assert.hpp
[1.790s] -- Symlinking: /workspaces/isaac_ros-dev/install/gxf_isaac_gems/share/gxf_isaac_gems/gxf/include/gems/core/buffers/algorithm.hpp
[1.796s] -- Symlinking: /workspaces/isaac_ros-dev/install/gxf_isaac_gems/share/gxf_isaac_gems/gxf/include/gems/core/buffers/buffer.hpp
[1.802s] -- Symlinking: /workspaces/isaac_ros-dev/install/gxf_isaac_gems/share/gxf_isaac_gems/gxf/include/gems/core/buffers/traits.hpp
[1.809s] -- Symlinking: /workspaces/isaac_ros-dev/install/gxf_isaac_gems/share/gxf_isaac_gems/gxf/include/gems/core/byte.hpp
[1.814s] -- Symlinking: /workspaces/isaac_ros-dev/install/gxf_isaac_gems/share/gxf_isaac_gems/gxf/include/gems/core/constants.hpp
[1.820s] -- Symlinking: /workspaces/isaac_ros-dev/install/gxf_isaac_gems/share/gxf_isaac_gems/gxf/include/gems/core/epsilon.hpp
[1.827s] -- Symlinking: /workspaces/isaac_ros-dev/install/gxf_isaac_gems/share/gxf_isaac_gems/gxf/include/gems/core/image/image.hpp
[1.834s] -- Symlinking: /workspaces/isaac_ros-dev/install/gxf_isaac_gems/share/gxf_isaac_gems/gxf/include/gems/core/logger.hpp
[1.840s] -- Symlinking: /workspaces/isaac_ros-dev/install/gxf_isaac_gems/share/gxf_isaac_gems/gxf/include/gems/core/math/macros.hpp
[1.848s] -- Symlinking: /workspaces/isaac_ros-dev/install/gxf_isaac_gems/share/gxf_isaac_gems/gxf/include/gems/core/math/pose2.hpp
[1.854s] -- Symlinking: /workspaces/isaac_ros-dev/install/gxf_isaac_gems/share/gxf_isaac_gems/gxf/include/gems/core/math/pose3.hpp
[1.861s] -- Symlinking: /workspaces/isaac_ros-dev/install/gxf_isaac_gems/share/gxf_isaac_gems/gxf/include/gems/core/math/so2.hpp
[1.869s] -- Symlinking: /workspaces/isaac_ros-dev/install/gxf_isaac_gems/share/gxf_isaac_gems/gxf/include/gems/core/math/so3.hpp
[1.877s] -- Symlinking: /workspaces/isaac_ros-dev/install/gxf_isaac_gems/share/gxf_isaac_gems/gxf/include/gems/core/math/types.hpp
[1.886s] -- Symlinking: /workspaces/isaac_ros-dev/install/gxf_isaac_gems/share/gxf_isaac_gems/gxf/include/gems/core/math/utils.hpp
[1.893s] -- Symlinking: /workspaces/isaac_ros-dev/install/gxf_isaac_gems/share/gxf_isaac_gems/gxf/include/gems/core/optional.hpp
[1.899s] -- Symlinking: /workspaces/isaac_ros-dev/install/gxf_isaac_gems/share/gxf_isaac_gems/gxf/include/gems/core/tensor/sample_cloud.hpp
[1.906s] -- Symlinking: /workspaces/isaac_ros-dev/install/gxf_isaac_gems/share/gxf_isaac_gems/gxf/include/gems/core/tensor/tensor.hpp
[1.912s] -- Symlinking: /workspaces/isaac_ros-dev/install/gxf_isaac_gems/share/gxf_isaac_gems/gxf/include/gems/cuda_utils/launch_utils.hpp
[1.919s] -- Symlinking: /workspaces/isaac_ros-dev/install/gxf_isaac_gems/share/gxf_isaac_gems/gxf/include/gems/cuda_utils/stride_pointer.hpp
[1.926s] -- Symlinking: /workspaces/isaac_ros-dev/install/gxf_isaac_gems/share/gxf_isaac_gems/gxf/include/gems/cuda_utils/stride_pointer_3d.hpp
[1.933s] -- Symlinking: /workspaces/isaac_ros-dev/install/gxf_isaac_gems/share/gxf_isaac_gems/gxf/include/gems/cuda_utils/vector_math.hpp
[1.939s] -- Symlinking: /workspaces/isaac_ros-dev/install/gxf_isaac_gems/share/gxf_isaac_gems/gxf/include/gems/flatscan/flatscan_info.hpp
[1.945s] -- Symlinking: /workspaces/isaac_ros-dev/install/gxf_isaac_gems/share/gxf_isaac_gems/gxf/include/gems/flatscan/flatscan_types.hpp
[1.953s] -- Symlinking: /workspaces/isaac_ros-dev/install/gxf_isaac_gems/share/gxf_isaac_gems/gxf/include/gems/geometry/line.hpp
[1.964s] -- Symlinking: /workspaces/isaac_ros-dev/install/gxf_isaac_gems/share/gxf_isaac_gems/gxf/include/gems/geometry/line_segment.hpp
[1.972s] -- Symlinking: /workspaces/isaac_ros-dev/install/gxf_isaac_gems/share/gxf_isaac_gems/gxf/include/gems/geometry/line_utils.hpp
[1.979s] -- Symlinking: /workspaces/isaac_ros-dev/install/gxf_isaac_gems/share/gxf_isaac_gems/gxf/include/gems/geometry/n_cuboid.hpp
[1.985s] -- Symlinking: /workspaces/isaac_ros-dev/install/gxf_isaac_gems/share/gxf_isaac_gems/gxf/include/gems/geometry/n_sphere.hpp
[1.992s] -- Symlinking: /workspaces/isaac_ros-dev/install/gxf_isaac_gems/share/gxf_isaac_gems/gxf/include/gems/geometry/pinhole.hpp
[1.999s] -- Symlinking: /workspaces/isaac_ros-dev/install/gxf_isaac_gems/share/gxf_isaac_gems/gxf/include/gems/geometry/plane.hpp
[2.006s] -- Symlinking: /workspaces/isaac_ros-dev/install/gxf_isaac_gems/share/gxf_isaac_gems/gxf/include/gems/geometry/polygon.hpp
[2.015s] -- Symlinking: /workspaces/isaac_ros-dev/install/gxf_isaac_gems/share/gxf_isaac_gems/gxf/include/gems/geometry/polyline.hpp
[2.023s] -- Symlinking: /workspaces/isaac_ros-dev/install/gxf_isaac_gems/share/gxf_isaac_gems/gxf/include/gems/geometry/types.hpp
[2.035s] -- Symlinking: /workspaces/isaac_ros-dev/install/gxf_isaac_gems/share/gxf_isaac_gems/gxf/include/gems/gxf_helpers/expected_macro_abstract.hpp
[2.051s] -- Symlinking: /workspaces/isaac_ros-dev/install/gxf_isaac_gems/share/gxf_isaac_gems/gxf/include/gems/gxf_helpers/expected_macro_common.hpp
[2.069s] -- Symlinking: /workspaces/isaac_ros-dev/install/gxf_isaac_gems/share/gxf_isaac_gems/gxf/include/gems/gxf_helpers/expected_macro_cuda.hpp
[2.088s] -- Symlinking: /workspaces/isaac_ros-dev/install/gxf_isaac_gems/share/gxf_isaac_gems/gxf/include/gems/gxf_helpers/expected_macro_gxf.hpp
[2.100s] -- Symlinking: /workspaces/isaac_ros-dev/install/gxf_isaac_gems/share/gxf_isaac_gems/gxf/include/gems/gxf_helpers/expected_macro_isaac.hpp
[2.109s] -- Symlinking: /workspaces/isaac_ros-dev/install/gxf_isaac_gems/share/gxf_isaac_gems/gxf/include/gems/gxf_helpers/image_view.hpp
[2.116s] -- Symlinking: /workspaces/isaac_ros-dev/install/gxf_isaac_gems/share/gxf_isaac_gems/gxf/include/gems/image/color.hpp
[2.126s] -- Symlinking: /workspaces/isaac_ros-dev/install/gxf_isaac_gems/share/gxf_isaac_gems/gxf/include/gems/image/io.hpp
[2.141s] -- Symlinking: /workspaces/isaac_ros-dev/install/gxf_isaac_gems/share/gxf_isaac_gems/gxf/include/gems/image/utils.hpp
[2.156s] -- Symlinking: /workspaces/isaac_ros-dev/install/gxf_isaac_gems/share/gxf_isaac_gems/gxf/include/gems/pose_tree/pose_tree.hpp
[2.166s] -- Symlinking: /workspaces/isaac_ros-dev/install/gxf_isaac_gems/share/gxf_isaac_gems/gxf/include/gems/pose_tree/pose_tree_edge_history.hpp
[2.175s] -- Symlinking: /workspaces/isaac_ros-dev/install/gxf_isaac_gems/share/gxf_isaac_gems/gxf/include/gems/serialization/base64.hpp
[2.189s] -- Symlinking: /workspaces/isaac_ros-dev/install/gxf_isaac_gems/share/gxf_isaac_gems/gxf/include/gems/serialization/json.hpp
[2.199s] -- Symlinking: /workspaces/isaac_ros-dev/install/gxf_isaac_gems/share/gxf_isaac_gems/gxf/include/gems/serialization/json_formatter.hpp
[2.206s] -- Symlinking: /workspaces/isaac_ros-dev/install/gxf_isaac_gems/share/gxf_isaac_gems/gxf/include/gems/sight/sop.hpp
[2.215s] -- Symlinking: /workspaces/isaac_ros-dev/install/gxf_isaac_gems/share/gxf_isaac_gems/gxf/include/gems/sight/sop_asset.hpp
[2.224s] -- Symlinking: /workspaces/isaac_ros-dev/install/gxf_isaac_gems/share/gxf_isaac_gems/gxf/include/gems/sight/sop_image.hpp
[2.239s] -- Symlinking: /workspaces/isaac_ros-dev/install/gxf_isaac_gems/share/gxf_isaac_gems/gxf/include/gems/sight/sop_mesh.hpp
[2.253s] -- Symlinking: /workspaces/isaac_ros-dev/install/gxf_isaac_gems/share/gxf_isaac_gems/gxf/include/gems/sight/sop_point_cloud.hpp
[2.265s] -- Symlinking: /workspaces/isaac_ros-dev/install/gxf_isaac_gems/share/gxf_isaac_gems/gxf/include/gems/sight/sop_style.hpp
[2.278s] -- Symlinking: /workspaces/isaac_ros-dev/install/gxf_isaac_gems/share/gxf_isaac_gems/gxf/include/gems/sight/sop_text.hpp
[2.294s] -- Symlinking: /workspaces/isaac_ros-dev/install/gxf_isaac_gems/share/gxf_isaac_gems/gxf/include/gems/sight/sop_transform.hpp
[2.304s] -- Symlinking: /workspaces/isaac_ros-dev/install/gxf_isaac_gems/share/gxf_isaac_gems/gxf/include/gems/uuid/uuid.hpp
[2.313s] -- Symlinking: /workspaces/isaac_ros-dev/install/gxf_isaac_gems/share/gxf_isaac_gems/gxf/include/gems/video_buffer/allocator.hpp
[2.320s] -- Symlinking: /workspaces/isaac_ros-dev/install/gxf_isaac_gems/share/gxf_isaac_gems/gxf/include/third_party/nlohmann/json.hpp
[2.328s] -- Symlinking: /workspaces/isaac_ros-dev/install/gxf_isaac_gems/share/gxf_isaac_gems/environment/library_path.sh
[2.337s] -- Symlinking: /workspaces/isaac_ros-dev/install/gxf_isaac_gems/share/gxf_isaac_gems/environment/library_path.dsv
[2.352s] -- Symlinking: /workspaces/isaac_ros-dev/install/gxf_isaac_gems/share/gxf_isaac_gems/version_info.yaml
[2.364s] -- Symlinking: /workspaces/isaac_ros-dev/install/gxf_isaac_gems/share/ament_index/resource_index/package_run_dependencies/gxf_isaac_gems
[2.375s] -- Symlinking: /workspaces/isaac_ros-dev/install/gxf_isaac_gems/share/ament_index/resource_index/parent_prefix_path/gxf_isaac_gems
[2.388s] -- Symlinking: /workspaces/isaac_ros-dev/install/gxf_isaac_gems/share/gxf_isaac_gems/environment/ament_prefix_path.sh
[2.409s] -- Symlinking: /workspaces/isaac_ros-dev/install/gxf_isaac_gems/share/gxf_isaac_gems/environment/ament_prefix_path.dsv
[2.427s] -- Symlinking: /workspaces/isaac_ros-dev/install/gxf_isaac_gems/share/gxf_isaac_gems/environment/path.sh
[2.435s] -- Symlinking: /workspaces/isaac_ros-dev/install/gxf_isaac_gems/share/gxf_isaac_gems/environment/path.dsv
[2.448s] -- Symlinking: /workspaces/isaac_ros-dev/install/gxf_isaac_gems/share/gxf_isaac_gems/local_setup.bash
[2.462s] -- Symlinking: /workspaces/isaac_ros-dev/install/gxf_isaac_gems/share/gxf_isaac_gems/local_setup.sh
[2.472s] -- Symlinking: /workspaces/isaac_ros-dev/install/gxf_isaac_gems/share/gxf_isaac_gems/local_setup.zsh
[2.478s] -- Symlinking: /workspaces/isaac_ros-dev/install/gxf_isaac_gems/share/gxf_isaac_gems/local_setup.dsv
[2.491s] -- Symlinking: /workspaces/isaac_ros-dev/install/gxf_isaac_gems/share/gxf_isaac_gems/package.dsv
[2.508s] -- Symlinking: /workspaces/isaac_ros-dev/install/gxf_isaac_gems/share/ament_index/resource_index/packages/gxf_isaac_gems
[2.519s] -- Symlinking: /workspaces/isaac_ros-dev/install/gxf_isaac_gems/share/gxf_isaac_gems/cmake/ament_cmake_export_targets-extras.cmake
[2.527s] -- Symlinking: /workspaces/isaac_ros-dev/install/gxf_isaac_gems/share/gxf_isaac_gems/cmake/ament_cmake_export_dependencies-extras.cmake
[2.539s] -- Symlinking: /workspaces/isaac_ros-dev/install/gxf_isaac_gems/share/gxf_isaac_gems/cmake/gxf_isaac_gemsConfig.cmake
[2.545s] -- Symlinking: /workspaces/isaac_ros-dev/install/gxf_isaac_gems/share/gxf_isaac_gems/cmake/gxf_isaac_gemsConfig-version.cmake
[2.551s] -- Symlinking: /workspaces/isaac_ros-dev/install/gxf_isaac_gems/share/gxf_isaac_gems/package.xml
[2.560s] -- Installing: /workspaces/isaac_ros-dev/install/gxf_isaac_gems/share/gxf_isaac_gems/cmake/export_gxf_isaac_gemsExport.cmake
[2.563s] Invoked command in '/workspaces/isaac_ros-dev/build/gxf_isaac_gems' returned '0': AMENT_PREFIX_PATH=/workspaces/isaac_ros-dev/install/isaac_ros_gxf:${AMENT_PREFIX_PATH} CMAKE_PREFIX_PATH=/workspaces/isaac_ros-dev/install/isaac_ros_gxf:/workspaces/isaac_ros-dev/install/isaac_ros_common:/usr/local/libcudss-linux-0.3.0.9_cuda12-archive:/workspaces/isaac_ros-dev/install/isaac_ros_test:/workspaces/isaac_ros-dev/install/isaac_ros_launch_utils:/workspaces/isaac_ros-dev/install/isaac_common_py:/opt/ros/humble LD_LIBRARY_PATH=/workspaces/isaac_ros-dev/install/isaac_ros_gxf/lib:/workspaces/isaac_ros-dev/install/isaac_ros_common/lib:/opt/ros/humble/opt/openvdb_vendor/lib:/opt/ros/humble/opt/rviz_ogre_vendor/lib:/opt/ros/humble/lib/x86_64-linux-gnu:/opt/ros/humble/lib:/usr/local/libcudss-linux-0.3.0.9_cuda12-archive/lib:/opt/hpcx/ucc/lib/:/opt/hpcx/ucx/lib/:/usr/local/cuda/compat/lib:/usr/local/nvidia/lib:/usr/local/nvidia/lib64:/opt/tritonserver/lib /usr/bin/cmake --install /workspaces/isaac_ros-dev/build/gxf_isaac_gems
