[0.010s] Invoking command in '/workspaces/isaac_ros-dev/build/isaac_ros_gxf': CMAKE_PREFIX_PATH=${CMAKE_PREFIX_PATH}/workspaces/isaac_ros-dev/install/isaac_ros_test:/workspaces/isaac_ros-dev/install/isaac_ros_launch_utils:/workspaces/isaac_ros-dev/install/isaac_common_py:/opt/ros/humble LD_LIBRARY_PATH=/workspaces/isaac_ros-dev/install/isaac_ros_common/lib:/opt/ros/humble/opt/openvdb_vendor/lib:/opt/ros/humble/opt/rviz_ogre_vendor/lib:/opt/ros/humble/lib/x86_64-linux-gnu:/opt/ros/humble/lib:/usr/local/libcudss-linux-0.3.0.9_cuda12-archive/lib:/opt/hpcx/ucc/lib/:/opt/hpcx/ucx/lib/:/usr/local/cuda/compat/lib:/usr/local/nvidia/lib:/usr/local/nvidia/lib64:/opt/tritonserver/lib /usr/bin/cmake /workspaces/isaac_ros-dev/src/isaac_ros_nitros/isaac_ros_gxf -DBUILD_TESTING=OFF -DAMENT_CMAKE_SYMLINK_INSTALL=1 -DCMAKE_INSTALL_PREFIX=/workspaces/isaac_ros-dev/install/isaac_ros_gxf
[0.055s] -- The C compiler identification is GNU 11.4.0
[0.097s] -- The CXX compiler identification is GNU 11.4.0
[0.102s] -- Detecting C compiler ABI info
[0.162s] -- Detecting C compiler ABI info - done
[0.167s] -- Check for working C compiler: /usr/bin/cc - skipped
[0.168s] -- Detecting C compile features
[0.168s] -- Detecting C compile features - done
[0.170s] -- Detecting CXX compiler ABI info
[0.232s] -- Detecting CXX compiler ABI info - done
[0.237s] -- Check for working CXX compiler: /usr/bin/c++ - skipped
[0.237s] -- Detecting CXX compile features
[0.238s] -- Detecting CXX compile features - done
[0.240s] -- Architecture: x86_64
[0.243s] -- Found ament_cmake_auto: 1.3.12 (/opt/ros/humble/share/ament_cmake_auto/cmake)
[0.751s] -- Found Python3: /usr/bin/python3 (found version "3.10.12") found components: Interpreter 
[0.806s] -- Override CMake install command with custom implementation using symlinks instead of copying resources
[0.906s] -- Loading isaac_ros_common extras
[0.906s] -- CMAKE_BUILD_TYPE: Release
[0.921s] -- Looking for pthread.h
[0.983s] -- Looking for pthread.h - found
[0.983s] -- Performing Test CMAKE_HAVE_LIBC_PTHREAD
[1.057s] -- Performing Test CMAKE_HAVE_LIBC_PTHREAD - Success
[1.058s] -- Found Threads: TRUE  
[1.072s] -- Found CUDA: /usr/local/cuda (found version "12.6") 
[1.072s] -- CUDA architectures: 89;86;80;75;70
[1.072s] -- Loading isaac_ros_common extras (modules)
[1.116s] -- Found rosidl_generator_c: 3.1.7 (/opt/ros/humble/share/rosidl_generator_c/cmake)
[1.122s] -- Found rosidl_adapter: 3.1.7 (/opt/ros/humble/share/rosidl_adapter/cmake)
[1.131s] -- Found rosidl_generator_cpp: 3.1.7 (/opt/ros/humble/share/rosidl_generator_cpp/cmake)
[1.142s] -- Using all available rosidl_typesupport_c: rosidl_typesupport_fastrtps_c;rosidl_typesupport_introspection_c
[1.159s] -- Using all available rosidl_typesupport_cpp: rosidl_typesupport_fastrtps_cpp;rosidl_typesupport_introspection_cpp
[1.203s] -- Found rmw_implementation_cmake: 6.1.2 (/opt/ros/humble/share/rmw_implementation_cmake/cmake)
[1.208s] -- Found rmw_fastrtps_cpp: 6.2.9 (/opt/ros/humble/share/rmw_fastrtps_cpp/cmake)
[1.297s] -- Found OpenSSL: /usr/lib/x86_64-linux-gnu/libcrypto.so (found version "3.0.2")  
[1.322s] -- Found FastRTPS: /opt/ros/humble/include  
[1.371s] -- Using RMW implementation 'rmw_fastrtps_cpp' as default
[1.480s] -- Configuring done
[1.484s] -- Generating done
[1.486s] -- Build files have been written to: /workspaces/isaac_ros-dev/build/isaac_ros_gxf
[1.492s] Invoked command in '/workspaces/isaac_ros-dev/build/isaac_ros_gxf' returned '0': CMAKE_PREFIX_PATH=${CMAKE_PREFIX_PATH}/workspaces/isaac_ros-dev/install/isaac_ros_test:/workspaces/isaac_ros-dev/install/isaac_ros_launch_utils:/workspaces/isaac_ros-dev/install/isaac_common_py:/opt/ros/humble LD_LIBRARY_PATH=/workspaces/isaac_ros-dev/install/isaac_ros_common/lib:/opt/ros/humble/opt/openvdb_vendor/lib:/opt/ros/humble/opt/rviz_ogre_vendor/lib:/opt/ros/humble/lib/x86_64-linux-gnu:/opt/ros/humble/lib:/usr/local/libcudss-linux-0.3.0.9_cuda12-archive/lib:/opt/hpcx/ucc/lib/:/opt/hpcx/ucx/lib/:/usr/local/cuda/compat/lib:/usr/local/nvidia/lib:/usr/local/nvidia/lib64:/opt/tritonserver/lib /usr/bin/cmake /workspaces/isaac_ros-dev/src/isaac_ros_nitros/isaac_ros_gxf -DBUILD_TESTING=OFF -DAMENT_CMAKE_SYMLINK_INSTALL=1 -DCMAKE_INSTALL_PREFIX=/workspaces/isaac_ros-dev/install/isaac_ros_gxf
[1.493s] Invoking command in '/workspaces/isaac_ros-dev/build/isaac_ros_gxf': CMAKE_PREFIX_PATH=${CMAKE_PREFIX_PATH}/workspaces/isaac_ros-dev/install/isaac_ros_test:/workspaces/isaac_ros-dev/install/isaac_ros_launch_utils:/workspaces/isaac_ros-dev/install/isaac_common_py:/opt/ros/humble LD_LIBRARY_PATH=/workspaces/isaac_ros-dev/install/isaac_ros_common/lib:/opt/ros/humble/opt/openvdb_vendor/lib:/opt/ros/humble/opt/rviz_ogre_vendor/lib:/opt/ros/humble/lib/x86_64-linux-gnu:/opt/ros/humble/lib:/usr/local/libcudss-linux-0.3.0.9_cuda12-archive/lib:/opt/hpcx/ucc/lib/:/opt/hpcx/ucx/lib/:/usr/local/cuda/compat/lib:/usr/local/nvidia/lib:/usr/local/nvidia/lib64:/opt/tritonserver/lib /usr/bin/cmake --build /workspaces/isaac_ros-dev/build/isaac_ros_gxf -- -j16 -l16
[1.536s] [ 33%] [34m[1mGenerating version information as YAML[0m
[1.537s] [ 66%] [32mBuilding CXX object CMakeFiles/isaac_ros_gxf.dir/src/isaac_ros_gxf.cpp.o[0m
[1.555s] [100%] [32m[1mLinking CXX static library libisaac_ros_gxf.a[0m
[1.653s] [100%] Built target isaac_ros_gxf
[7.055s] [100%] Built target generate_version_info_target_isaac_ros_gxf
[7.069s] Invoked command in '/workspaces/isaac_ros-dev/build/isaac_ros_gxf' returned '0': CMAKE_PREFIX_PATH=${CMAKE_PREFIX_PATH}/workspaces/isaac_ros-dev/install/isaac_ros_test:/workspaces/isaac_ros-dev/install/isaac_ros_launch_utils:/workspaces/isaac_ros-dev/install/isaac_common_py:/opt/ros/humble LD_LIBRARY_PATH=/workspaces/isaac_ros-dev/install/isaac_ros_common/lib:/opt/ros/humble/opt/openvdb_vendor/lib:/opt/ros/humble/opt/rviz_ogre_vendor/lib:/opt/ros/humble/lib/x86_64-linux-gnu:/opt/ros/humble/lib:/usr/local/libcudss-linux-0.3.0.9_cuda12-archive/lib:/opt/hpcx/ucc/lib/:/opt/hpcx/ucx/lib/:/usr/local/cuda/compat/lib:/usr/local/nvidia/lib:/usr/local/nvidia/lib64:/opt/tritonserver/lib /usr/bin/cmake --build /workspaces/isaac_ros-dev/build/isaac_ros_gxf -- -j16 -l16
[7.071s] Invoking command in '/workspaces/isaac_ros-dev/build/isaac_ros_gxf': CMAKE_PREFIX_PATH=${CMAKE_PREFIX_PATH}/workspaces/isaac_ros-dev/install/isaac_ros_test:/workspaces/isaac_ros-dev/install/isaac_ros_launch_utils:/workspaces/isaac_ros-dev/install/isaac_common_py:/opt/ros/humble LD_LIBRARY_PATH=/workspaces/isaac_ros-dev/install/isaac_ros_common/lib:/opt/ros/humble/opt/openvdb_vendor/lib:/opt/ros/humble/opt/rviz_ogre_vendor/lib:/opt/ros/humble/lib/x86_64-linux-gnu:/opt/ros/humble/lib:/usr/local/libcudss-linux-0.3.0.9_cuda12-archive/lib:/opt/hpcx/ucc/lib/:/opt/hpcx/ucx/lib/:/usr/local/cuda/compat/lib:/usr/local/nvidia/lib:/usr/local/nvidia/lib64:/opt/tritonserver/lib /usr/bin/cmake --install /workspaces/isaac_ros-dev/build/isaac_ros_gxf
[7.082s] -- Install configuration: "Release"
[7.082s] -- Execute custom install script
[7.084s] -- Symlinking: /workspaces/isaac_ros-dev/install/isaac_ros_gxf/share/isaac_ros_gxf/gxf/include//common/assert.hpp
[7.093s] -- Symlinking: /workspaces/isaac_ros-dev/install/isaac_ros_gxf/share/isaac_ros_gxf/gxf/include//common/backtrace.hpp
[7.102s] -- Symlinking: /workspaces/isaac_ros-dev/install/isaac_ros_gxf/share/isaac_ros_gxf/gxf/include//common/byte.hpp
[7.114s] -- Symlinking: /workspaces/isaac_ros-dev/install/isaac_ros_gxf/share/isaac_ros_gxf/gxf/include//common/endian.hpp
[7.125s] -- Symlinking: /workspaces/isaac_ros-dev/install/isaac_ros_gxf/share/isaac_ros_gxf/gxf/include//common/expected.hpp
[7.136s] -- Symlinking: /workspaces/isaac_ros-dev/install/isaac_ros_gxf/share/isaac_ros_gxf/gxf/include//common/fixed_map.hpp
[7.146s] -- Symlinking: /workspaces/isaac_ros-dev/install/isaac_ros_gxf/share/isaac_ros_gxf/gxf/include//common/fixed_string.hpp
[7.154s] -- Symlinking: /workspaces/isaac_ros-dev/install/isaac_ros_gxf/share/isaac_ros_gxf/gxf/include//common/fixed_vector.hpp
[7.169s] -- Symlinking: /workspaces/isaac_ros-dev/install/isaac_ros_gxf/share/isaac_ros_gxf/gxf/include//common/iterator.hpp
[7.185s] -- Symlinking: /workspaces/isaac_ros-dev/install/isaac_ros_gxf/share/isaac_ros_gxf/gxf/include//common/logger.hpp
[7.195s] -- Symlinking: /workspaces/isaac_ros-dev/install/isaac_ros_gxf/share/isaac_ros_gxf/gxf/include//common/memory_utils.hpp
[7.205s] -- Symlinking: /workspaces/isaac_ros-dev/install/isaac_ros_gxf/share/isaac_ros_gxf/gxf/include//common/nvtx_helper.hpp
[7.214s] -- Symlinking: /workspaces/isaac_ros-dev/install/isaac_ros_gxf/share/isaac_ros_gxf/gxf/include//common/singleton.hpp
[7.222s] -- Symlinking: /workspaces/isaac_ros-dev/install/isaac_ros_gxf/share/isaac_ros_gxf/gxf/include//common/span.hpp
[7.235s] -- Symlinking: /workspaces/isaac_ros-dev/install/isaac_ros_gxf/share/isaac_ros_gxf/gxf/include//common/strong_type.hpp
[7.249s] -- Symlinking: /workspaces/isaac_ros-dev/install/isaac_ros_gxf/share/isaac_ros_gxf/gxf/include//common/type_name.hpp
[7.265s] -- Symlinking: /workspaces/isaac_ros-dev/install/isaac_ros_gxf/share/isaac_ros_gxf/gxf/include//common/type_name_gnuc.hpp
[7.281s] -- Symlinking: /workspaces/isaac_ros-dev/install/isaac_ros_gxf/share/isaac_ros_gxf/gxf/include//common/type_utils.hpp
[7.298s] -- Symlinking: /workspaces/isaac_ros-dev/install/isaac_ros_gxf/share/isaac_ros_gxf/gxf/include//common/unique_index_map.hpp
[7.316s] -- Symlinking: /workspaces/isaac_ros-dev/install/isaac_ros_gxf/share/isaac_ros_gxf/gxf/include//common/yaml_parser.hpp
[7.327s] -- Symlinking: /workspaces/isaac_ros-dev/install/isaac_ros_gxf/share/isaac_ros_gxf/gxf/include//dlpack/dlpack.h
[7.338s] -- Symlinking: /workspaces/isaac_ros-dev/install/isaac_ros_gxf/share/isaac_ros_gxf/gxf/include//gxf/app/application.hpp
[7.352s] -- Symlinking: /workspaces/isaac_ros-dev/install/isaac_ros_gxf/share/isaac_ros_gxf/gxf/include//gxf/app/arg.hpp
[7.361s] -- Symlinking: /workspaces/isaac_ros-dev/install/isaac_ros_gxf/share/isaac_ros_gxf/gxf/include//gxf/app/arg_parse.hpp
[7.373s] -- Symlinking: /workspaces/isaac_ros-dev/install/isaac_ros_gxf/share/isaac_ros_gxf/gxf/include//gxf/app/config_parser.hpp
[7.387s] -- Symlinking: /workspaces/isaac_ros-dev/install/isaac_ros_gxf/share/isaac_ros_gxf/gxf/include//gxf/app/driver.hpp
[7.407s] -- Symlinking: /workspaces/isaac_ros-dev/install/isaac_ros_gxf/share/isaac_ros_gxf/gxf/include//gxf/app/entity_group.hpp
[7.421s] -- Symlinking: /workspaces/isaac_ros-dev/install/isaac_ros_gxf/share/isaac_ros_gxf/gxf/include//gxf/app/extension_manager.hpp
[7.430s] -- Symlinking: /workspaces/isaac_ros-dev/install/isaac_ros_gxf/share/isaac_ros_gxf/gxf/include//gxf/app/graph_entity.hpp
[7.440s] -- Symlinking: /workspaces/isaac_ros-dev/install/isaac_ros_gxf/share/isaac_ros_gxf/gxf/include//gxf/app/graph_utils.hpp
[7.449s] -- Symlinking: /workspaces/isaac_ros-dev/install/isaac_ros_gxf/share/isaac_ros_gxf/gxf/include//gxf/app/proxy_component.hpp
[7.460s] -- Symlinking: /workspaces/isaac_ros-dev/install/isaac_ros_gxf/share/isaac_ros_gxf/gxf/include//gxf/app/segment.hpp
[7.474s] -- Symlinking: /workspaces/isaac_ros-dev/install/isaac_ros_gxf/share/isaac_ros_gxf/gxf/include//gxf/app/worker.hpp
[7.485s] -- Symlinking: /workspaces/isaac_ros-dev/install/isaac_ros_gxf/share/isaac_ros_gxf/gxf/include//gxf/behavior_tree/constant_behavior.hpp
[7.497s] -- Symlinking: /workspaces/isaac_ros-dev/install/isaac_ros_gxf/share/isaac_ros_gxf/gxf/include//gxf/behavior_tree/entity_count_failure_repeat_controller.hpp
[7.506s] -- Symlinking: /workspaces/isaac_ros-dev/install/isaac_ros_gxf/share/isaac_ros_gxf/gxf/include//gxf/behavior_tree/parallel_behavior.hpp
[7.515s] -- Symlinking: /workspaces/isaac_ros-dev/install/isaac_ros_gxf/share/isaac_ros_gxf/gxf/include//gxf/behavior_tree/repeat_behavior.hpp
[7.523s] -- Symlinking: /workspaces/isaac_ros-dev/install/isaac_ros_gxf/share/isaac_ros_gxf/gxf/include//gxf/behavior_tree/selector_behavior.hpp
[7.534s] -- Symlinking: /workspaces/isaac_ros-dev/install/isaac_ros_gxf/share/isaac_ros_gxf/gxf/include//gxf/behavior_tree/sequence_behavior.hpp
[7.541s] -- Symlinking: /workspaces/isaac_ros-dev/install/isaac_ros_gxf/share/isaac_ros_gxf/gxf/include//gxf/behavior_tree/switch_behavior.hpp
[7.548s] -- Symlinking: /workspaces/isaac_ros-dev/install/isaac_ros_gxf/share/isaac_ros_gxf/gxf/include//gxf/behavior_tree/timer_behavior.hpp
[7.555s] -- Symlinking: /workspaces/isaac_ros-dev/install/isaac_ros_gxf/share/isaac_ros_gxf/gxf/include//gxf/core/common_expected_macro.hpp
[7.563s] -- Symlinking: /workspaces/isaac_ros-dev/install/isaac_ros_gxf/share/isaac_ros_gxf/gxf/include//gxf/core/component.hpp
[7.569s] -- Symlinking: /workspaces/isaac_ros-dev/install/isaac_ros_gxf/share/isaac_ros_gxf/gxf/include//gxf/core/entity.hpp
[7.577s] -- Symlinking: /workspaces/isaac_ros-dev/install/isaac_ros_gxf/share/isaac_ros_gxf/gxf/include//gxf/core/expected.hpp
[7.583s] -- Symlinking: /workspaces/isaac_ros-dev/install/isaac_ros_gxf/share/isaac_ros_gxf/gxf/include//gxf/core/expected_macro.hpp
[7.590s] -- Symlinking: /workspaces/isaac_ros-dev/install/isaac_ros_gxf/share/isaac_ros_gxf/gxf/include//gxf/core/filepath.hpp
[7.598s] -- Symlinking: /workspaces/isaac_ros-dev/install/isaac_ros_gxf/share/isaac_ros_gxf/gxf/include//gxf/core/gxf.h
[7.606s] -- Symlinking: /workspaces/isaac_ros-dev/install/isaac_ros_gxf/share/isaac_ros_gxf/gxf/include//gxf/core/gxf_ext.h
[7.618s] -- Symlinking: /workspaces/isaac_ros-dev/install/isaac_ros_gxf/share/isaac_ros_gxf/gxf/include//gxf/core/handle.hpp
[7.628s] -- Symlinking: /workspaces/isaac_ros-dev/install/isaac_ros_gxf/share/isaac_ros_gxf/gxf/include//gxf/core/parameter.hpp
[7.638s] -- Symlinking: /workspaces/isaac_ros-dev/install/isaac_ros_gxf/share/isaac_ros_gxf/gxf/include//gxf/core/parameter_parser.hpp
[7.645s] -- Symlinking: /workspaces/isaac_ros-dev/install/isaac_ros_gxf/share/isaac_ros_gxf/gxf/include//gxf/core/parameter_parser_std.hpp
[7.651s] -- Symlinking: /workspaces/isaac_ros-dev/install/isaac_ros_gxf/share/isaac_ros_gxf/gxf/include//gxf/core/parameter_registrar.hpp
[7.657s] -- Symlinking: /workspaces/isaac_ros-dev/install/isaac_ros_gxf/share/isaac_ros_gxf/gxf/include//gxf/core/parameter_storage.hpp
[7.669s] -- Symlinking: /workspaces/isaac_ros-dev/install/isaac_ros_gxf/share/isaac_ros_gxf/gxf/include//gxf/core/parameter_wrapper.hpp
[7.681s] -- Symlinking: /workspaces/isaac_ros-dev/install/isaac_ros_gxf/share/isaac_ros_gxf/gxf/include//gxf/core/registrar.hpp
[7.694s] -- Symlinking: /workspaces/isaac_ros-dev/install/isaac_ros_gxf/share/isaac_ros_gxf/gxf/include//gxf/core/resource.hpp
[7.708s] -- Symlinking: /workspaces/isaac_ros-dev/install/isaac_ros_gxf/share/isaac_ros_gxf/gxf/include//gxf/core/resource_manager.hpp
[7.728s] -- Symlinking: /workspaces/isaac_ros-dev/install/isaac_ros_gxf/share/isaac_ros_gxf/gxf/include//gxf/core/resource_registrar.hpp
[7.739s] -- Symlinking: /workspaces/isaac_ros-dev/install/isaac_ros_gxf/share/isaac_ros_gxf/gxf/include//gxf/core/type_registry.hpp
[7.747s] -- Symlinking: /workspaces/isaac_ros-dev/install/isaac_ros_gxf/share/isaac_ros_gxf/gxf/include//gxf/cuda/cuda_allocator.hpp
[7.759s] -- Symlinking: /workspaces/isaac_ros-dev/install/isaac_ros_gxf/share/isaac_ros_gxf/gxf/include//gxf/cuda/cuda_buffer.hpp
[7.769s] -- Symlinking: /workspaces/isaac_ros-dev/install/isaac_ros_gxf/share/isaac_ros_gxf/gxf/include//gxf/cuda/cuda_common.hpp
[7.780s] -- Symlinking: /workspaces/isaac_ros-dev/install/isaac_ros_gxf/share/isaac_ros_gxf/gxf/include//gxf/cuda/cuda_event.hpp
[7.793s] -- Symlinking: /workspaces/isaac_ros-dev/install/isaac_ros_gxf/share/isaac_ros_gxf/gxf/include//gxf/cuda/cuda_scheduling_terms.hpp
[7.806s] -- Symlinking: /workspaces/isaac_ros-dev/install/isaac_ros_gxf/share/isaac_ros_gxf/gxf/include//gxf/cuda/cuda_stream.hpp
[7.824s] -- Symlinking: /workspaces/isaac_ros-dev/install/isaac_ros_gxf/share/isaac_ros_gxf/gxf/include//gxf/cuda/cuda_stream_id.hpp
[7.847s] -- Symlinking: /workspaces/isaac_ros-dev/install/isaac_ros_gxf/share/isaac_ros_gxf/gxf/include//gxf/cuda/cuda_stream_pool.hpp
[7.864s] -- Symlinking: /workspaces/isaac_ros-dev/install/isaac_ros_gxf/share/isaac_ros_gxf/gxf/include//gxf/cuda/cuda_stream_sync.hpp
[7.879s] -- Symlinking: /workspaces/isaac_ros-dev/install/isaac_ros_gxf/share/isaac_ros_gxf/gxf/include//gxf/cuda/stream_ordered_allocator.hpp
[7.891s] -- Symlinking: /workspaces/isaac_ros-dev/install/isaac_ros_gxf/share/isaac_ros_gxf/gxf/include//gxf/cuda/tests/convolution.h
[7.899s] -- Symlinking: /workspaces/isaac_ros-dev/install/isaac_ros_gxf/share/isaac_ros_gxf/gxf/include//gxf/cuda/tests/test_cuda_helper.hpp
[7.910s] -- Symlinking: /workspaces/isaac_ros-dev/install/isaac_ros_gxf/share/isaac_ros_gxf/gxf/include//gxf/ipc/grpc/grpc_client.hpp
[7.921s] -- Symlinking: /workspaces/isaac_ros-dev/install/isaac_ros_gxf/share/isaac_ros_gxf/gxf/include//gxf/ipc/grpc/grpc_server.hpp
[7.931s] -- Symlinking: /workspaces/isaac_ros-dev/install/isaac_ros_gxf/share/isaac_ros_gxf/gxf/include//gxf/ipc/http/http_client.hpp
[7.944s] -- Symlinking: /workspaces/isaac_ros-dev/install/isaac_ros_gxf/share/isaac_ros_gxf/gxf/include//gxf/ipc/http/http_client_cpprest_impl.hpp
[7.956s] -- Symlinking: /workspaces/isaac_ros-dev/install/isaac_ros_gxf/share/isaac_ros_gxf/gxf/include//gxf/ipc/http/http_ipc_client.hpp
[7.971s] -- Symlinking: /workspaces/isaac_ros-dev/install/isaac_ros_gxf/share/isaac_ros_gxf/gxf/include//gxf/ipc/http/http_server.hpp
[7.980s] -- Symlinking: /workspaces/isaac_ros-dev/install/isaac_ros_gxf/share/isaac_ros_gxf/gxf/include//gxf/logger/gxf_logger.hpp
[7.987s] -- Symlinking: /workspaces/isaac_ros-dev/install/isaac_ros_gxf/share/isaac_ros_gxf/gxf/include//gxf/logger/logger.hpp
[7.993s] -- Symlinking: /workspaces/isaac_ros-dev/install/isaac_ros_gxf/share/isaac_ros_gxf/gxf/include//gxf/multimedia/audio.hpp
[8.001s] -- Symlinking: /workspaces/isaac_ros-dev/install/isaac_ros_gxf/share/isaac_ros_gxf/gxf/include//gxf/multimedia/camera.hpp
[8.008s] -- Symlinking: /workspaces/isaac_ros-dev/install/isaac_ros_gxf/share/isaac_ros_gxf/gxf/include//gxf/multimedia/video.hpp
[8.014s] -- Symlinking: /workspaces/isaac_ros-dev/install/isaac_ros_gxf/share/isaac_ros_gxf/gxf/include//gxf/network/tcp_client.hpp
[8.034s] -- Symlinking: /workspaces/isaac_ros-dev/install/isaac_ros_gxf/share/isaac_ros_gxf/gxf/include//gxf/network/tcp_client_socket.hpp
[8.057s] -- Symlinking: /workspaces/isaac_ros-dev/install/isaac_ros_gxf/share/isaac_ros_gxf/gxf/include//gxf/network/tcp_codelet.hpp
[8.077s] -- Symlinking: /workspaces/isaac_ros-dev/install/isaac_ros_gxf/share/isaac_ros_gxf/gxf/include//gxf/network/tcp_server.hpp
[8.092s] -- Symlinking: /workspaces/isaac_ros-dev/install/isaac_ros_gxf/share/isaac_ros_gxf/gxf/include//gxf/network/tcp_server_socket.hpp
[8.101s] -- Symlinking: /workspaces/isaac_ros-dev/install/isaac_ros_gxf/share/isaac_ros_gxf/gxf/include//gxf/npp/nppi_mul_c.hpp
[8.113s] -- Symlinking: /workspaces/isaac_ros-dev/install/isaac_ros_gxf/share/isaac_ros_gxf/gxf/include//gxf/npp/nppi_set.hpp
[8.120s] -- Symlinking: /workspaces/isaac_ros-dev/install/isaac_ros_gxf/share/isaac_ros_gxf/gxf/include//gxf/rmm/rmm_allocator.hpp
[8.126s] -- Symlinking: /workspaces/isaac_ros-dev/install/isaac_ros_gxf/share/isaac_ros_gxf/gxf/include//gxf/serialization/component_serializer.hpp
[8.136s] -- Symlinking: /workspaces/isaac_ros-dev/install/isaac_ros_gxf/share/isaac_ros_gxf/gxf/include//gxf/serialization/endpoint.hpp
[8.144s] -- Symlinking: /workspaces/isaac_ros-dev/install/isaac_ros_gxf/share/isaac_ros_gxf/gxf/include//gxf/serialization/entity_recorder.hpp
[8.160s] -- Symlinking: /workspaces/isaac_ros-dev/install/isaac_ros_gxf/share/isaac_ros_gxf/gxf/include//gxf/serialization/entity_replayer.hpp
[8.180s] -- Symlinking: /workspaces/isaac_ros-dev/install/isaac_ros_gxf/share/isaac_ros_gxf/gxf/include//gxf/serialization/entity_serializer.hpp
[8.199s] -- Symlinking: /workspaces/isaac_ros-dev/install/isaac_ros_gxf/share/isaac_ros_gxf/gxf/include//gxf/serialization/file.hpp
[8.209s] -- Symlinking: /workspaces/isaac_ros-dev/install/isaac_ros_gxf/share/isaac_ros_gxf/gxf/include//gxf/serialization/file_stream.hpp
[8.215s] -- Symlinking: /workspaces/isaac_ros-dev/install/isaac_ros_gxf/share/isaac_ros_gxf/gxf/include//gxf/serialization/serialization_buffer.hpp
[8.222s] -- Symlinking: /workspaces/isaac_ros-dev/install/isaac_ros_gxf/share/isaac_ros_gxf/gxf/include//gxf/serialization/std_component_serializer.hpp
[8.228s] -- Symlinking: /workspaces/isaac_ros-dev/install/isaac_ros_gxf/share/isaac_ros_gxf/gxf/include//gxf/serialization/std_entity_id_serializer.hpp
[8.235s] -- Symlinking: /workspaces/isaac_ros-dev/install/isaac_ros_gxf/share/isaac_ros_gxf/gxf/include//gxf/serialization/std_entity_serializer.hpp
[8.241s] -- Symlinking: /workspaces/isaac_ros-dev/install/isaac_ros_gxf/share/isaac_ros_gxf/gxf/include//gxf/serialization/tests/serialization_tester.hpp
[8.249s] -- Symlinking: /workspaces/isaac_ros-dev/install/isaac_ros_gxf/share/isaac_ros_gxf/gxf/include//gxf/serialization/tid_hash.hpp
[8.260s] -- Symlinking: /workspaces/isaac_ros-dev/install/isaac_ros_gxf/share/isaac_ros_gxf/gxf/include//gxf/std/allocator.hpp
[8.270s] -- Symlinking: /workspaces/isaac_ros-dev/install/isaac_ros_gxf/share/isaac_ros_gxf/gxf/include//gxf/std/async_buffer_receiver.hpp
[8.279s] -- Symlinking: /workspaces/isaac_ros-dev/install/isaac_ros_gxf/share/isaac_ros_gxf/gxf/include//gxf/std/async_buffer_transmitter.hpp
[8.288s] -- Symlinking: /workspaces/isaac_ros-dev/install/isaac_ros_gxf/share/isaac_ros_gxf/gxf/include//gxf/std/block_memory_pool.hpp
[8.297s] -- Symlinking: /workspaces/isaac_ros-dev/install/isaac_ros_gxf/share/isaac_ros_gxf/gxf/include//gxf/std/clock.hpp
[8.303s] -- Symlinking: /workspaces/isaac_ros-dev/install/isaac_ros_gxf/share/isaac_ros_gxf/gxf/include//gxf/std/codelet.hpp
[8.312s] -- Symlinking: /workspaces/isaac_ros-dev/install/isaac_ros_gxf/share/isaac_ros_gxf/gxf/include//gxf/std/complex.hpp
[8.319s] -- Symlinking: /workspaces/isaac_ros-dev/install/isaac_ros_gxf/share/isaac_ros_gxf/gxf/include//gxf/std/component_allocator.hpp
[8.325s] -- Symlinking: /workspaces/isaac_ros-dev/install/isaac_ros_gxf/share/isaac_ros_gxf/gxf/include//gxf/std/component_factory.hpp
[8.335s] -- Symlinking: /workspaces/isaac_ros-dev/install/isaac_ros_gxf/share/isaac_ros_gxf/gxf/include//gxf/std/controller.hpp
[8.345s] -- Symlinking: /workspaces/isaac_ros-dev/install/isaac_ros_gxf/share/isaac_ros_gxf/gxf/include//gxf/std/cpu_thread.hpp
[8.354s] -- Symlinking: /workspaces/isaac_ros-dev/install/isaac_ros_gxf/share/isaac_ros_gxf/gxf/include//gxf/std/default_extension.hpp
[8.364s] -- Symlinking: /workspaces/isaac_ros-dev/install/isaac_ros_gxf/share/isaac_ros_gxf/gxf/include//gxf/std/dlpack_utils.hpp
[8.375s] -- Symlinking: /workspaces/isaac_ros-dev/install/isaac_ros_gxf/share/isaac_ros_gxf/gxf/include//gxf/std/double_buffer_receiver.hpp
[8.386s] -- Symlinking: /workspaces/isaac_ros-dev/install/isaac_ros_gxf/share/isaac_ros_gxf/gxf/include//gxf/std/double_buffer_transmitter.hpp
[8.395s] -- Symlinking: /workspaces/isaac_ros-dev/install/isaac_ros_gxf/share/isaac_ros_gxf/gxf/include//gxf/std/eos.hpp
[8.402s] -- Symlinking: /workspaces/isaac_ros-dev/install/isaac_ros_gxf/share/isaac_ros_gxf/gxf/include//gxf/std/event_based_scheduler.hpp
[8.408s] -- Symlinking: /workspaces/isaac_ros-dev/install/isaac_ros_gxf/share/isaac_ros_gxf/gxf/include//gxf/std/extension.hpp
[8.415s] -- Symlinking: /workspaces/isaac_ros-dev/install/isaac_ros_gxf/share/isaac_ros_gxf/gxf/include//gxf/std/extension_factory_helper.hpp
[8.425s] -- Symlinking: /workspaces/isaac_ros-dev/install/isaac_ros_gxf/share/isaac_ros_gxf/gxf/include//gxf/std/gems/event_list/event_list.hpp
[8.441s] -- Symlinking: /workspaces/isaac_ros-dev/install/isaac_ros_gxf/share/isaac_ros_gxf/gxf/include//gxf/std/gems/event_list/unique_event_list.hpp
[8.450s] -- Symlinking: /workspaces/isaac_ros-dev/install/isaac_ros_gxf/share/isaac_ros_gxf/gxf/include//gxf/std/gems/queue_thread/queue_thread.hpp
[8.458s] -- Symlinking: /workspaces/isaac_ros-dev/install/isaac_ros_gxf/share/isaac_ros_gxf/gxf/include//gxf/std/gems/staging_queue/staging_queue.hpp
[8.472s] -- Symlinking: /workspaces/isaac_ros-dev/install/isaac_ros_gxf/share/isaac_ros_gxf/gxf/include//gxf/std/gems/staging_queue/staging_queue_iterator.hpp
[8.489s] -- Symlinking: /workspaces/isaac_ros-dev/install/isaac_ros_gxf/share/isaac_ros_gxf/gxf/include//gxf/std/gems/suballocators/first_fit_allocator.hpp
[8.508s] -- Symlinking: /workspaces/isaac_ros-dev/install/isaac_ros_gxf/share/isaac_ros_gxf/gxf/include//gxf/std/gems/suballocators/first_fit_allocator_base.hpp
[8.522s] -- Symlinking: /workspaces/isaac_ros-dev/install/isaac_ros_gxf/share/isaac_ros_gxf/gxf/include//gxf/std/gems/timed_job_list/timed_job_list.hpp
[8.533s] -- Symlinking: /workspaces/isaac_ros-dev/install/isaac_ros_gxf/share/isaac_ros_gxf/gxf/include//gxf/std/gems/utils/time.hpp
[8.544s] -- Symlinking: /workspaces/isaac_ros-dev/install/isaac_ros_gxf/share/isaac_ros_gxf/gxf/include//gxf/std/gems/video_buffer/allocator.hpp
[8.555s] -- Symlinking: /workspaces/isaac_ros-dev/install/isaac_ros_gxf/share/isaac_ros_gxf/gxf/include//gxf/std/graph_driver.hpp
[8.563s] -- Symlinking: /workspaces/isaac_ros-dev/install/isaac_ros_gxf/share/isaac_ros_gxf/gxf/include//gxf/std/graph_driver_worker_common.hpp
[8.571s] -- Symlinking: /workspaces/isaac_ros-dev/install/isaac_ros_gxf/share/isaac_ros_gxf/gxf/include//gxf/std/graph_worker.hpp
[8.582s] -- Symlinking: /workspaces/isaac_ros-dev/install/isaac_ros_gxf/share/isaac_ros_gxf/gxf/include//gxf/std/greedy_scheduler.hpp
[8.600s] -- Symlinking: /workspaces/isaac_ros-dev/install/isaac_ros_gxf/share/isaac_ros_gxf/gxf/include//gxf/std/ipc_client.hpp
[8.619s] -- Symlinking: /workspaces/isaac_ros-dev/install/isaac_ros_gxf/share/isaac_ros_gxf/gxf/include//gxf/std/ipc_server.hpp
[8.635s] -- Symlinking: /workspaces/isaac_ros-dev/install/isaac_ros_gxf/share/isaac_ros_gxf/gxf/include//gxf/std/memory_buffer.hpp
[8.654s] -- Symlinking: /workspaces/isaac_ros-dev/install/isaac_ros_gxf/share/isaac_ros_gxf/gxf/include//gxf/std/metric.hpp
[8.665s] -- Symlinking: /workspaces/isaac_ros-dev/install/isaac_ros_gxf/share/isaac_ros_gxf/gxf/include//gxf/std/monitor.hpp
[8.674s] -- Symlinking: /workspaces/isaac_ros-dev/install/isaac_ros_gxf/share/isaac_ros_gxf/gxf/include//gxf/std/multi_thread_scheduler.hpp
[8.683s] -- Symlinking: /workspaces/isaac_ros-dev/install/isaac_ros_gxf/share/isaac_ros_gxf/gxf/include//gxf/std/network_context.hpp
[8.691s] -- Symlinking: /workspaces/isaac_ros-dev/install/isaac_ros_gxf/share/isaac_ros_gxf/gxf/include//gxf/std/new_component_allocator.hpp
[8.706s] -- Symlinking: /workspaces/isaac_ros-dev/install/isaac_ros_gxf/share/isaac_ros_gxf/gxf/include//gxf/std/queue.hpp
[8.721s] -- Symlinking: /workspaces/isaac_ros-dev/install/isaac_ros_gxf/share/isaac_ros_gxf/gxf/include//gxf/std/receiver.hpp
[8.733s] -- Symlinking: /workspaces/isaac_ros-dev/install/isaac_ros_gxf/share/isaac_ros_gxf/gxf/include//gxf/std/resources.hpp
[8.747s] -- Symlinking: /workspaces/isaac_ros-dev/install/isaac_ros_gxf/share/isaac_ros_gxf/gxf/include//gxf/std/scheduler.hpp
[8.757s] -- Symlinking: /workspaces/isaac_ros-dev/install/isaac_ros_gxf/share/isaac_ros_gxf/gxf/include//gxf/std/scheduling_condition.hpp
[8.764s] -- Symlinking: /workspaces/isaac_ros-dev/install/isaac_ros_gxf/share/isaac_ros_gxf/gxf/include//gxf/std/scheduling_term.hpp
[8.773s] -- Symlinking: /workspaces/isaac_ros-dev/install/isaac_ros_gxf/share/isaac_ros_gxf/gxf/include//gxf/std/scheduling_term_combiner.hpp
[8.783s] -- Symlinking: /workspaces/isaac_ros-dev/install/isaac_ros_gxf/share/isaac_ros_gxf/gxf/include//gxf/std/scheduling_terms.hpp
[8.798s] -- Symlinking: /workspaces/isaac_ros-dev/install/isaac_ros_gxf/share/isaac_ros_gxf/gxf/include//gxf/std/system.hpp
[8.811s] -- Symlinking: /workspaces/isaac_ros-dev/install/isaac_ros_gxf/share/isaac_ros_gxf/gxf/include//gxf/std/tensor.hpp
[8.823s] -- Symlinking: /workspaces/isaac_ros-dev/install/isaac_ros_gxf/share/isaac_ros_gxf/gxf/include//gxf/std/timestamp.hpp
[8.838s] -- Symlinking: /workspaces/isaac_ros-dev/install/isaac_ros_gxf/share/isaac_ros_gxf/gxf/include//gxf/std/topic.hpp
[8.854s] -- Symlinking: /workspaces/isaac_ros-dev/install/isaac_ros_gxf/share/isaac_ros_gxf/gxf/include//gxf/std/transmitter.hpp
[8.866s] -- Symlinking: /workspaces/isaac_ros-dev/install/isaac_ros_gxf/share/isaac_ros_gxf/gxf/include//gxf/std/unbounded_allocator.hpp
[8.872s] -- Symlinking: /workspaces/isaac_ros-dev/install/isaac_ros_gxf/share/isaac_ros_gxf/gxf/include//gxf/std/vault.hpp
[8.879s] -- Symlinking: /workspaces/isaac_ros-dev/install/isaac_ros_gxf/share/isaac_ros_gxf/gxf/include//gxf/std/yaml_file_loader.hpp
[8.884s] -- Symlinking: /workspaces/isaac_ros-dev/install/isaac_ros_gxf/share/isaac_ros_gxf/gxf/include//gxf/stream/stream_nvsci.hpp
[8.890s] -- Symlinking: /workspaces/isaac_ros-dev/install/isaac_ros_gxf/share/isaac_ros_gxf/gxf/include//gxf/stream/stream_nvscisync.hpp
[8.896s] -- Symlinking: /workspaces/isaac_ros-dev/install/isaac_ros_gxf/share/isaac_ros_gxf/gxf/include//gxf/stream/stream_sync_id.hpp
[8.904s] -- Symlinking: /workspaces/isaac_ros-dev/install/isaac_ros_gxf/share/isaac_ros_gxf/gxf/include//gxf/stream/tests/test_gxf_stream_sync_cuda_helper.hpp
[8.915s] -- Symlinking: /workspaces/isaac_ros-dev/install/isaac_ros_gxf/share/isaac_ros_gxf/gxf/include//gxf/ucx/ucx_common.hpp
[8.927s] -- Symlinking: /workspaces/isaac_ros-dev/install/isaac_ros_gxf/share/isaac_ros_gxf/gxf/include//gxf/ucx/ucx_component_serializer.hpp
[8.937s] -- Symlinking: /workspaces/isaac_ros-dev/install/isaac_ros_gxf/share/isaac_ros_gxf/gxf/include//gxf/ucx/ucx_context.hpp
[8.946s] -- Symlinking: /workspaces/isaac_ros-dev/install/isaac_ros_gxf/share/isaac_ros_gxf/gxf/include//gxf/ucx/ucx_entity_serializer.hpp
[8.956s] -- Symlinking: /workspaces/isaac_ros-dev/install/isaac_ros_gxf/share/isaac_ros_gxf/gxf/include//gxf/ucx/ucx_receiver.hpp
[8.963s] -- Symlinking: /workspaces/isaac_ros-dev/install/isaac_ros_gxf/share/isaac_ros_gxf/gxf/include//gxf/ucx/ucx_serialization_buffer.hpp
[8.970s] -- Symlinking: /workspaces/isaac_ros-dev/install/isaac_ros_gxf/share/isaac_ros_gxf/gxf/include//gxf/ucx/ucx_transmitter.hpp
[8.976s] -- Symlinking: /workspaces/isaac_ros-dev/install/isaac_ros_gxf/share/isaac_ros_gxf/gxf/include//third_party/LICENSE.txt
[8.984s] -- Symlinking: /workspaces/isaac_ros-dev/install/isaac_ros_gxf/share/isaac_ros_gxf/gxf/lib/behavior_tree/libgxf_behavior_tree.so
[8.992s] -- Symlinking: /workspaces/isaac_ros-dev/install/isaac_ros_gxf/share/isaac_ros_gxf/gxf/lib/core/core_pybind.so
[8.999s] -- Symlinking: /workspaces/isaac_ros-dev/install/isaac_ros_gxf/share/isaac_ros_gxf/gxf/lib/core/libgxf_core.so
[9.007s] -- Symlinking: /workspaces/isaac_ros-dev/install/isaac_ros_gxf/share/isaac_ros_gxf/gxf/lib/cuda/cuda_pybind.so
[9.018s] -- Symlinking: /workspaces/isaac_ros-dev/install/isaac_ros_gxf/share/isaac_ros_gxf/gxf/lib/cuda/libgxf_cuda.so
[9.031s] -- Symlinking: /workspaces/isaac_ros-dev/install/isaac_ros_gxf/share/isaac_ros_gxf/gxf/lib/cuda/tests/libgxf_test_cuda.so
[9.043s] -- Symlinking: /workspaces/isaac_ros-dev/install/isaac_ros_gxf/share/isaac_ros_gxf/gxf/lib/ipc/grpc/libgxf_grpc.so
[9.053s] -- Symlinking: /workspaces/isaac_ros-dev/install/isaac_ros_gxf/share/isaac_ros_gxf/gxf/lib/ipc/http/libgxf_http.so
[9.074s] -- Symlinking: /workspaces/isaac_ros-dev/install/isaac_ros_gxf/share/isaac_ros_gxf/gxf/lib/logger/libgxf_logger.so
[9.095s] -- Symlinking: /workspaces/isaac_ros-dev/install/isaac_ros_gxf/share/isaac_ros_gxf/gxf/lib/multimedia/libgxf_multimedia.so
[9.109s] -- Symlinking: /workspaces/isaac_ros-dev/install/isaac_ros_gxf/share/isaac_ros_gxf/gxf/lib/network/libgxf_network.so
[9.118s] -- Symlinking: /workspaces/isaac_ros-dev/install/isaac_ros_gxf/share/isaac_ros_gxf/gxf/lib/npp/libgxf_npp.so
[9.128s] -- Symlinking: /workspaces/isaac_ros-dev/install/isaac_ros_gxf/share/isaac_ros_gxf/gxf/lib/python_codelet/libgxf_python_codelet.so
[9.138s] -- Symlinking: /workspaces/isaac_ros-dev/install/isaac_ros_gxf/share/isaac_ros_gxf/gxf/lib/python_codelet/pycodelet.so
[9.147s] -- Symlinking: /workspaces/isaac_ros-dev/install/isaac_ros_gxf/share/isaac_ros_gxf/gxf/lib/sample/libgxf_sample.so
[9.155s] -- Symlinking: /workspaces/isaac_ros-dev/install/isaac_ros_gxf/share/isaac_ros_gxf/gxf/lib/serialization/libgxf_serialization.so
[9.171s] -- Symlinking: /workspaces/isaac_ros-dev/install/isaac_ros_gxf/share/isaac_ros_gxf/gxf/lib/std/allocator_pybind.so
[9.183s] -- Symlinking: /workspaces/isaac_ros-dev/install/isaac_ros_gxf/share/isaac_ros_gxf/gxf/lib/std/clock_pybind.so
[9.196s] -- Symlinking: /workspaces/isaac_ros-dev/install/isaac_ros_gxf/share/isaac_ros_gxf/gxf/lib/std/libgxf_std.so
[9.207s] -- Symlinking: /workspaces/isaac_ros-dev/install/isaac_ros_gxf/share/isaac_ros_gxf/gxf/lib/std/receiver_pybind.so
[9.215s] -- Symlinking: /workspaces/isaac_ros-dev/install/isaac_ros_gxf/share/isaac_ros_gxf/gxf/lib/std/tensor_pybind.so
[9.224s] -- Symlinking: /workspaces/isaac_ros-dev/install/isaac_ros_gxf/share/isaac_ros_gxf/gxf/lib/std/timestamp_pybind.so
[9.231s] -- Symlinking: /workspaces/isaac_ros-dev/install/isaac_ros_gxf/share/isaac_ros_gxf/gxf/lib/std/transmitter_pybind.so
[9.243s] -- Symlinking: /workspaces/isaac_ros-dev/install/isaac_ros_gxf/share/isaac_ros_gxf/gxf/lib/std/vault_pybind.so
[9.252s] -- Symlinking: /workspaces/isaac_ros-dev/install/isaac_ros_gxf/share/isaac_ros_gxf/gxf/lib/test/extensions/libgxf_test.so
[9.261s] -- Symlinking: /workspaces/isaac_ros-dev/install/isaac_ros_gxf/lib/libgxf_core.so
[9.273s] -- Symlinking: /workspaces/isaac_ros-dev/install/isaac_ros_gxf/lib/libgxf_logger.so
[9.285s] -- Symlinking: /workspaces/isaac_ros-dev/install/isaac_ros_gxf/lib/libgxf_multimedia.so
[9.291s] -- Symlinking: /workspaces/isaac_ros-dev/install/isaac_ros_gxf/lib/libgxf_cuda.so
[9.299s] -- Symlinking: /workspaces/isaac_ros-dev/install/isaac_ros_gxf/share/ament_index/resource_index/isaac_ros_gxf_cmake_path/isaac_ros_gxf
[9.306s] -- Symlinking: /workspaces/isaac_ros-dev/install/isaac_ros_gxf/share/isaac_ros_gxf/environment/library_path.sh
[9.312s] -- Symlinking: /workspaces/isaac_ros-dev/install/isaac_ros_gxf/share/isaac_ros_gxf/environment/library_path.dsv
[9.319s] -- Symlinking: /workspaces/isaac_ros-dev/install/isaac_ros_gxf/share/isaac_ros_gxf/version_info.yaml
[9.327s] -- Symlinking: /workspaces/isaac_ros-dev/install/isaac_ros_gxf/share/isaac_ros_gxf/cmake/isaac_ros_gxf-extras.cmake
[9.335s] -- Symlinking: /workspaces/isaac_ros-dev/install/isaac_ros_gxf/share/isaac_ros_gxf/cmake/modules/FindGXF.cmake
[9.348s] -- Symlinking: /workspaces/isaac_ros-dev/install/isaac_ros_gxf/share/ament_index/resource_index/package_run_dependencies/isaac_ros_gxf
[9.359s] -- Symlinking: /workspaces/isaac_ros-dev/install/isaac_ros_gxf/share/ament_index/resource_index/parent_prefix_path/isaac_ros_gxf
[9.369s] -- Symlinking: /workspaces/isaac_ros-dev/install/isaac_ros_gxf/share/isaac_ros_gxf/environment/ament_prefix_path.sh
[9.380s] -- Symlinking: /workspaces/isaac_ros-dev/install/isaac_ros_gxf/share/isaac_ros_gxf/environment/ament_prefix_path.dsv
[9.389s] -- Symlinking: /workspaces/isaac_ros-dev/install/isaac_ros_gxf/share/isaac_ros_gxf/environment/path.sh
[9.409s] -- Symlinking: /workspaces/isaac_ros-dev/install/isaac_ros_gxf/share/isaac_ros_gxf/environment/path.dsv
[9.420s] -- Symlinking: /workspaces/isaac_ros-dev/install/isaac_ros_gxf/share/isaac_ros_gxf/local_setup.bash
[9.430s] -- Symlinking: /workspaces/isaac_ros-dev/install/isaac_ros_gxf/share/isaac_ros_gxf/local_setup.sh
[9.440s] -- Symlinking: /workspaces/isaac_ros-dev/install/isaac_ros_gxf/share/isaac_ros_gxf/local_setup.zsh
[9.451s] -- Symlinking: /workspaces/isaac_ros-dev/install/isaac_ros_gxf/share/isaac_ros_gxf/local_setup.dsv
[9.463s] -- Symlinking: /workspaces/isaac_ros-dev/install/isaac_ros_gxf/share/isaac_ros_gxf/package.dsv
[9.473s] -- Symlinking: /workspaces/isaac_ros-dev/install/isaac_ros_gxf/share/ament_index/resource_index/packages/isaac_ros_gxf
[9.483s] -- Up-to-date symlink: /workspaces/isaac_ros-dev/install/isaac_ros_gxf/share/isaac_ros_gxf/cmake/isaac_ros_gxf-extras.cmake
[9.483s] -- Symlinking: /workspaces/isaac_ros-dev/install/isaac_ros_gxf/share/isaac_ros_gxf/cmake/ament_cmake_export_targets-extras.cmake
[9.495s] -- Symlinking: /workspaces/isaac_ros-dev/install/isaac_ros_gxf/share/isaac_ros_gxf/cmake/ament_cmake_export_dependencies-extras.cmake
[9.510s] -- Symlinking: /workspaces/isaac_ros-dev/install/isaac_ros_gxf/share/isaac_ros_gxf/cmake/isaac_ros_gxfConfig.cmake
[9.522s] -- Symlinking: /workspaces/isaac_ros-dev/install/isaac_ros_gxf/share/isaac_ros_gxf/cmake/isaac_ros_gxfConfig-version.cmake
[9.532s] -- Symlinking: /workspaces/isaac_ros-dev/install/isaac_ros_gxf/share/isaac_ros_gxf/package.xml
[9.539s] -- Installing: /workspaces/isaac_ros-dev/install/isaac_ros_gxf/share/isaac_ros_gxf/cmake/export_isaac_ros_gxfExport.cmake
[9.541s] Invoked command in '/workspaces/isaac_ros-dev/build/isaac_ros_gxf' returned '0': CMAKE_PREFIX_PATH=${CMAKE_PREFIX_PATH}/workspaces/isaac_ros-dev/install/isaac_ros_test:/workspaces/isaac_ros-dev/install/isaac_ros_launch_utils:/workspaces/isaac_ros-dev/install/isaac_common_py:/opt/ros/humble LD_LIBRARY_PATH=/workspaces/isaac_ros-dev/install/isaac_ros_common/lib:/opt/ros/humble/opt/openvdb_vendor/lib:/opt/ros/humble/opt/rviz_ogre_vendor/lib:/opt/ros/humble/lib/x86_64-linux-gnu:/opt/ros/humble/lib:/usr/local/libcudss-linux-0.3.0.9_cuda12-archive/lib:/opt/hpcx/ucc/lib/:/opt/hpcx/ucx/lib/:/usr/local/cuda/compat/lib:/usr/local/nvidia/lib:/usr/local/nvidia/lib64:/opt/tritonserver/lib /usr/bin/cmake --install /workspaces/isaac_ros-dev/build/isaac_ros_gxf
