[0.014s] Invoking command in '/workspaces/isaac_ros-dev/build/gxf_isaac_message_compositor': AMENT_PREFIX_PATH=/workspaces/isaac_ros-dev/install/isaac_ros_gxf:${AMENT_PREFIX_PATH} CMAKE_PREFIX_PATH=/workspaces/isaac_ros-dev/install/isaac_ros_gxf:/workspaces/isaac_ros-dev/install/isaac_ros_common:/usr/local/libcudss-linux-0.3.0.9_cuda12-archive:/workspaces/isaac_ros-dev/install/isaac_ros_test:/workspaces/isaac_ros-dev/install/isaac_ros_launch_utils:/workspaces/isaac_ros-dev/install/isaac_common_py:/opt/ros/humble LD_LIBRARY_PATH=/workspaces/isaac_ros-dev/install/isaac_ros_gxf/lib:/workspaces/isaac_ros-dev/install/isaac_ros_common/lib:/opt/ros/humble/opt/openvdb_vendor/lib:/opt/ros/humble/opt/rviz_ogre_vendor/lib:/opt/ros/humble/lib/x86_64-linux-gnu:/opt/ros/humble/lib:/usr/local/libcudss-linux-0.3.0.9_cuda12-archive/lib:/opt/hpcx/ucc/lib/:/opt/hpcx/ucx/lib/:/usr/local/cuda/compat/lib:/usr/local/nvidia/lib:/usr/local/nvidia/lib64:/opt/tritonserver/lib /usr/bin/cmake /workspaces/isaac_ros-dev/src/isaac_ros_nitros/isaac_ros_gxf_extensions/gxf_isaac_message_compositor -DBUILD_TESTING=OFF -DAMENT_CMAKE_SYMLINK_INSTALL=1 -DCMAKE_INSTALL_PREFIX=/workspaces/isaac_ros-dev/install/gxf_isaac_message_compositor
[0.056s] -- The C compiler identification is GNU 11.4.0
[0.111s] -- The CXX compiler identification is GNU 11.4.0
[0.118s] -- Detecting C compiler ABI info
[0.175s] -- Detecting C compiler ABI info - done
[0.183s] -- Check for working C compiler: /usr/bin/cc - skipped
[0.183s] -- Detecting C compile features
[0.184s] -- Detecting C compile features - done
[0.187s] -- Detecting CXX compiler ABI info
[0.255s] -- Detecting CXX compiler ABI info - done
[0.262s] -- Check for working CXX compiler: /usr/bin/c++ - skipped
[0.262s] -- Detecting CXX compile features
[0.263s] -- Detecting CXX compile features - done
[0.266s] -- Found ament_cmake_auto: 1.3.12 (/opt/ros/humble/share/ament_cmake_auto/cmake)
[0.769s] -- Found Python3: /usr/bin/python3 (found version "3.10.12") found components: Interpreter 
[0.825s] -- Override CMake install command with custom implementation using symlinks instead of copying resources
[0.928s] -- Loading isaac_ros_common extras
[0.928s] -- CMAKE_BUILD_TYPE: Release
[0.944s] -- Looking for pthread.h
[1.001s] -- Looking for pthread.h - found
[1.001s] -- Performing Test CMAKE_HAVE_LIBC_PTHREAD
[1.077s] -- Performing Test CMAKE_HAVE_LIBC_PTHREAD - Success
[1.078s] -- Found Threads: TRUE  
[1.095s] -- Found CUDA: /usr/local/cuda (found version "12.6") 
[1.096s] -- CUDA architectures: 89;86;80;75;70
[1.096s] -- Loading isaac_ros_common extras (modules)
[1.143s] -- Found rosidl_generator_c: 3.1.7 (/opt/ros/humble/share/rosidl_generator_c/cmake)
[1.151s] -- Found rosidl_adapter: 3.1.7 (/opt/ros/humble/share/rosidl_adapter/cmake)
[1.160s] -- Found rosidl_generator_cpp: 3.1.7 (/opt/ros/humble/share/rosidl_generator_cpp/cmake)
[1.172s] -- Using all available rosidl_typesupport_c: rosidl_typesupport_fastrtps_c;rosidl_typesupport_introspection_c
[1.188s] -- Using all available rosidl_typesupport_cpp: rosidl_typesupport_fastrtps_cpp;rosidl_typesupport_introspection_cpp
[1.233s] -- Found rmw_implementation_cmake: 6.1.2 (/opt/ros/humble/share/rmw_implementation_cmake/cmake)
[1.236s] -- Found rmw_fastrtps_cpp: 6.2.9 (/opt/ros/humble/share/rmw_fastrtps_cpp/cmake)
[1.328s] -- Found OpenSSL: /usr/lib/x86_64-linux-gnu/libcrypto.so (found version "3.0.2")  
[1.355s] -- Found FastRTPS: /opt/ros/humble/include  
[1.400s] -- Using RMW implementation 'rmw_fastrtps_cpp' as default
[1.454s] -- Loading isaac_ros_gxf extras
[1.510s] -- Configuring done
[1.513s] -- Generating done
[1.514s] -- Build files have been written to: /workspaces/isaac_ros-dev/build/gxf_isaac_message_compositor
[1.520s] Invoked command in '/workspaces/isaac_ros-dev/build/gxf_isaac_message_compositor' returned '0': AMENT_PREFIX_PATH=/workspaces/isaac_ros-dev/install/isaac_ros_gxf:${AMENT_PREFIX_PATH} CMAKE_PREFIX_PATH=/workspaces/isaac_ros-dev/install/isaac_ros_gxf:/workspaces/isaac_ros-dev/install/isaac_ros_common:/usr/local/libcudss-linux-0.3.0.9_cuda12-archive:/workspaces/isaac_ros-dev/install/isaac_ros_test:/workspaces/isaac_ros-dev/install/isaac_ros_launch_utils:/workspaces/isaac_ros-dev/install/isaac_common_py:/opt/ros/humble LD_LIBRARY_PATH=/workspaces/isaac_ros-dev/install/isaac_ros_gxf/lib:/workspaces/isaac_ros-dev/install/isaac_ros_common/lib:/opt/ros/humble/opt/openvdb_vendor/lib:/opt/ros/humble/opt/rviz_ogre_vendor/lib:/opt/ros/humble/lib/x86_64-linux-gnu:/opt/ros/humble/lib:/usr/local/libcudss-linux-0.3.0.9_cuda12-archive/lib:/opt/hpcx/ucc/lib/:/opt/hpcx/ucx/lib/:/usr/local/cuda/compat/lib:/usr/local/nvidia/lib:/usr/local/nvidia/lib64:/opt/tritonserver/lib /usr/bin/cmake /workspaces/isaac_ros-dev/src/isaac_ros_nitros/isaac_ros_gxf_extensions/gxf_isaac_message_compositor -DBUILD_TESTING=OFF -DAMENT_CMAKE_SYMLINK_INSTALL=1 -DCMAKE_INSTALL_PREFIX=/workspaces/isaac_ros-dev/install/gxf_isaac_message_compositor
[1.522s] Invoking command in '/workspaces/isaac_ros-dev/build/gxf_isaac_message_compositor': AMENT_PREFIX_PATH=/workspaces/isaac_ros-dev/install/isaac_ros_gxf:${AMENT_PREFIX_PATH} CMAKE_PREFIX_PATH=/workspaces/isaac_ros-dev/install/isaac_ros_gxf:/workspaces/isaac_ros-dev/install/isaac_ros_common:/usr/local/libcudss-linux-0.3.0.9_cuda12-archive:/workspaces/isaac_ros-dev/install/isaac_ros_test:/workspaces/isaac_ros-dev/install/isaac_ros_launch_utils:/workspaces/isaac_ros-dev/install/isaac_common_py:/opt/ros/humble LD_LIBRARY_PATH=/workspaces/isaac_ros-dev/install/isaac_ros_gxf/lib:/workspaces/isaac_ros-dev/install/isaac_ros_common/lib:/opt/ros/humble/opt/openvdb_vendor/lib:/opt/ros/humble/opt/rviz_ogre_vendor/lib:/opt/ros/humble/lib/x86_64-linux-gnu:/opt/ros/humble/lib:/usr/local/libcudss-linux-0.3.0.9_cuda12-archive/lib:/opt/hpcx/ucc/lib/:/opt/hpcx/ucx/lib/:/usr/local/cuda/compat/lib:/usr/local/nvidia/lib:/usr/local/nvidia/lib64:/opt/tritonserver/lib /usr/bin/cmake --build /workspaces/isaac_ros-dev/build/gxf_isaac_message_compositor -- -j16 -l16
[1.561s] [100%] [34m[1mGenerating version information as YAML[0m
[1.626s] [100%] Built target generate_version_info_target_gxf_isaac_message_compositor
[1.634s] Invoked command in '/workspaces/isaac_ros-dev/build/gxf_isaac_message_compositor' returned '0': AMENT_PREFIX_PATH=/workspaces/isaac_ros-dev/install/isaac_ros_gxf:${AMENT_PREFIX_PATH} CMAKE_PREFIX_PATH=/workspaces/isaac_ros-dev/install/isaac_ros_gxf:/workspaces/isaac_ros-dev/install/isaac_ros_common:/usr/local/libcudss-linux-0.3.0.9_cuda12-archive:/workspaces/isaac_ros-dev/install/isaac_ros_test:/workspaces/isaac_ros-dev/install/isaac_ros_launch_utils:/workspaces/isaac_ros-dev/install/isaac_common_py:/opt/ros/humble LD_LIBRARY_PATH=/workspaces/isaac_ros-dev/install/isaac_ros_gxf/lib:/workspaces/isaac_ros-dev/install/isaac_ros_common/lib:/opt/ros/humble/opt/openvdb_vendor/lib:/opt/ros/humble/opt/rviz_ogre_vendor/lib:/opt/ros/humble/lib/x86_64-linux-gnu:/opt/ros/humble/lib:/usr/local/libcudss-linux-0.3.0.9_cuda12-archive/lib:/opt/hpcx/ucc/lib/:/opt/hpcx/ucx/lib/:/usr/local/cuda/compat/lib:/usr/local/nvidia/lib:/usr/local/nvidia/lib64:/opt/tritonserver/lib /usr/bin/cmake --build /workspaces/isaac_ros-dev/build/gxf_isaac_message_compositor -- -j16 -l16
[1.636s] Invoking command in '/workspaces/isaac_ros-dev/build/gxf_isaac_message_compositor': AMENT_PREFIX_PATH=/workspaces/isaac_ros-dev/install/isaac_ros_gxf:${AMENT_PREFIX_PATH} CMAKE_PREFIX_PATH=/workspaces/isaac_ros-dev/install/isaac_ros_gxf:/workspaces/isaac_ros-dev/install/isaac_ros_common:/usr/local/libcudss-linux-0.3.0.9_cuda12-archive:/workspaces/isaac_ros-dev/install/isaac_ros_test:/workspaces/isaac_ros-dev/install/isaac_ros_launch_utils:/workspaces/isaac_ros-dev/install/isaac_common_py:/opt/ros/humble LD_LIBRARY_PATH=/workspaces/isaac_ros-dev/install/isaac_ros_gxf/lib:/workspaces/isaac_ros-dev/install/isaac_ros_common/lib:/opt/ros/humble/opt/openvdb_vendor/lib:/opt/ros/humble/opt/rviz_ogre_vendor/lib:/opt/ros/humble/lib/x86_64-linux-gnu:/opt/ros/humble/lib:/usr/local/libcudss-linux-0.3.0.9_cuda12-archive/lib:/opt/hpcx/ucc/lib/:/opt/hpcx/ucx/lib/:/usr/local/cuda/compat/lib:/usr/local/nvidia/lib:/usr/local/nvidia/lib64:/opt/tritonserver/lib /usr/bin/cmake --install /workspaces/isaac_ros-dev/build/gxf_isaac_message_compositor
[1.641s] -- Install configuration: "Release"
[1.641s] -- Execute custom install script
[1.642s] -- Symlinking: /workspaces/isaac_ros-dev/install/gxf_isaac_message_compositor/share/gxf_isaac_message_compositor/gxf/lib/libgxf_isaac_message_compositor.so
[1.649s] -- Symlinking: /workspaces/isaac_ros-dev/install/gxf_isaac_message_compositor/share/gxf_isaac_message_compositor/gxf/include/message_compositor/message_relay.hpp
[1.658s] -- Symlinking: /workspaces/isaac_ros-dev/install/gxf_isaac_message_compositor/share/gxf_isaac_message_compositor/environment/library_path.sh
[1.663s] -- Symlinking: /workspaces/isaac_ros-dev/install/gxf_isaac_message_compositor/share/gxf_isaac_message_compositor/environment/library_path.dsv
[1.669s] -- Symlinking: /workspaces/isaac_ros-dev/install/gxf_isaac_message_compositor/share/gxf_isaac_message_compositor/version_info.yaml
[1.677s] -- Symlinking: /workspaces/isaac_ros-dev/install/gxf_isaac_message_compositor/share/ament_index/resource_index/package_run_dependencies/gxf_isaac_message_compositor
[1.684s] -- Symlinking: /workspaces/isaac_ros-dev/install/gxf_isaac_message_compositor/share/ament_index/resource_index/parent_prefix_path/gxf_isaac_message_compositor
[1.690s] -- Symlinking: /workspaces/isaac_ros-dev/install/gxf_isaac_message_compositor/share/gxf_isaac_message_compositor/environment/ament_prefix_path.sh
[1.698s] -- Symlinking: /workspaces/isaac_ros-dev/install/gxf_isaac_message_compositor/share/gxf_isaac_message_compositor/environment/ament_prefix_path.dsv
[1.704s] -- Symlinking: /workspaces/isaac_ros-dev/install/gxf_isaac_message_compositor/share/gxf_isaac_message_compositor/environment/path.sh
[1.711s] -- Symlinking: /workspaces/isaac_ros-dev/install/gxf_isaac_message_compositor/share/gxf_isaac_message_compositor/environment/path.dsv
[1.717s] -- Symlinking: /workspaces/isaac_ros-dev/install/gxf_isaac_message_compositor/share/gxf_isaac_message_compositor/local_setup.bash
[1.723s] -- Symlinking: /workspaces/isaac_ros-dev/install/gxf_isaac_message_compositor/share/gxf_isaac_message_compositor/local_setup.sh
[1.730s] -- Symlinking: /workspaces/isaac_ros-dev/install/gxf_isaac_message_compositor/share/gxf_isaac_message_compositor/local_setup.zsh
[1.736s] -- Symlinking: /workspaces/isaac_ros-dev/install/gxf_isaac_message_compositor/share/gxf_isaac_message_compositor/local_setup.dsv
[1.743s] -- Symlinking: /workspaces/isaac_ros-dev/install/gxf_isaac_message_compositor/share/gxf_isaac_message_compositor/package.dsv
[1.751s] -- Symlinking: /workspaces/isaac_ros-dev/install/gxf_isaac_message_compositor/share/ament_index/resource_index/packages/gxf_isaac_message_compositor
[1.759s] -- Symlinking: /workspaces/isaac_ros-dev/install/gxf_isaac_message_compositor/share/gxf_isaac_message_compositor/cmake/ament_cmake_export_targets-extras.cmake
[1.766s] -- Symlinking: /workspaces/isaac_ros-dev/install/gxf_isaac_message_compositor/share/gxf_isaac_message_compositor/cmake/ament_cmake_export_dependencies-extras.cmake
[1.773s] -- Symlinking: /workspaces/isaac_ros-dev/install/gxf_isaac_message_compositor/share/gxf_isaac_message_compositor/cmake/gxf_isaac_message_compositorConfig.cmake
[1.779s] -- Symlinking: /workspaces/isaac_ros-dev/install/gxf_isaac_message_compositor/share/gxf_isaac_message_compositor/cmake/gxf_isaac_message_compositorConfig-version.cmake
[1.786s] -- Symlinking: /workspaces/isaac_ros-dev/install/gxf_isaac_message_compositor/share/gxf_isaac_message_compositor/package.xml
[1.792s] -- Installing: /workspaces/isaac_ros-dev/install/gxf_isaac_message_compositor/share/gxf_isaac_message_compositor/cmake/export_gxf_isaac_message_compositorExport.cmake
[1.794s] Invoked command in '/workspaces/isaac_ros-dev/build/gxf_isaac_message_compositor' returned '0': AMENT_PREFIX_PATH=/workspaces/isaac_ros-dev/install/isaac_ros_gxf:${AMENT_PREFIX_PATH} CMAKE_PREFIX_PATH=/workspaces/isaac_ros-dev/install/isaac_ros_gxf:/workspaces/isaac_ros-dev/install/isaac_ros_common:/usr/local/libcudss-linux-0.3.0.9_cuda12-archive:/workspaces/isaac_ros-dev/install/isaac_ros_test:/workspaces/isaac_ros-dev/install/isaac_ros_launch_utils:/workspaces/isaac_ros-dev/install/isaac_common_py:/opt/ros/humble LD_LIBRARY_PATH=/workspaces/isaac_ros-dev/install/isaac_ros_gxf/lib:/workspaces/isaac_ros-dev/install/isaac_ros_common/lib:/opt/ros/humble/opt/openvdb_vendor/lib:/opt/ros/humble/opt/rviz_ogre_vendor/lib:/opt/ros/humble/lib/x86_64-linux-gnu:/opt/ros/humble/lib:/usr/local/libcudss-linux-0.3.0.9_cuda12-archive/lib:/opt/hpcx/ucc/lib/:/opt/hpcx/ucx/lib/:/usr/local/cuda/compat/lib:/usr/local/nvidia/lib:/usr/local/nvidia/lib64:/opt/tritonserver/lib /usr/bin/cmake --install /workspaces/isaac_ros-dev/build/gxf_isaac_message_compositor
