-- The C compiler identification is GNU 11.4.0
-- The CXX compiler identification is GNU 11.4.0
-- Detecting C compiler ABI info
-- Detecting C compiler ABI info - done
-- Check for working C compiler: /usr/bin/cc - skipped
-- Detecting C compile features
-- Detecting C compile features - done
-- Detecting CXX compiler ABI info
-- Detecting CXX compiler ABI info - done
-- Check for working CXX compiler: /usr/bin/c++ - skipped
-- Detecting CXX compile features
-- Detecting CXX compile features - done
-- Found ament_cmake_auto: 1.3.12 (/opt/ros/humble/share/ament_cmake_auto/cmake)
-- Found Python3: /usr/bin/python3 (found version "3.10.12") found components: Interpreter 
-- Override CMake install command with custom implementation using symlinks instead of copying resources
-- Loading isaac_ros_common extras
-- CMAKE_BUILD_TYPE: Release
-- Looking for pthread.h
-- Looking for pthread.h - found
-- Performing Test CMAKE_HAVE_LIBC_PTHREAD
-- Performing Test CMAKE_HAVE_LIBC_PTHREAD - Success
-- Found Threads: TRUE  
-- Found CUDA: /usr/local/cuda (found version "12.6") 
-- CUDA architectures: 89;86;80;75;70
-- Loading isaac_ros_common extras (modules)
-- Found rosidl_generator_c: 3.1.7 (/opt/ros/humble/share/rosidl_generator_c/cmake)
-- Found rosidl_adapter: 3.1.7 (/opt/ros/humble/share/rosidl_adapter/cmake)
-- Found rosidl_generator_cpp: 3.1.7 (/opt/ros/humble/share/rosidl_generator_cpp/cmake)
-- Using all available rosidl_typesupport_c: rosidl_typesupport_fastrtps_c;rosidl_typesupport_introspection_c
-- Using all available rosidl_typesupport_cpp: rosidl_typesupport_fastrtps_cpp;rosidl_typesupport_introspection_cpp
-- Found rmw_implementation_cmake: 6.1.2 (/opt/ros/humble/share/rmw_implementation_cmake/cmake)
-- Found rmw_fastrtps_cpp: 6.2.9 (/opt/ros/humble/share/rmw_fastrtps_cpp/cmake)
-- Found OpenSSL: /usr/lib/x86_64-linux-gnu/libcrypto.so (found version "3.0.2")  
-- Found FastRTPS: /opt/ros/humble/include  
-- Using RMW implementation 'rmw_fastrtps_cpp' as default
-- Loading isaac_ros_gxf extras
-- Found TENSORRT: /usr/include/x86_64-linux-gnu (found suitable version "10.3.0", minimum required is "10") 
[0mIn this package, headers install destination is set to `include` by ament_auto_package. It is recommended to install `include/isaac_ros_tensor_rt` instead and will be the default behavior of ament_auto_package from ROS 2 Kilted Kaiju. On distributions before Kilted, ament_auto_package behaves the same way when you use USE_SCOPED_HEADER_INSTALL_DIR option.[0m
-- Configuring done
-- Generating done
-- Build files have been written to: /workspaces/isaac_ros-dev/build/isaac_ros_tensor_rt
[ 33%] [32mBuilding CXX object CMakeFiles/tensor_rt_node.dir/src/tensor_rt_node.cpp.o[0m
[ 66%] [34m[1mGenerating version information as YAML[0m
[ 66%] Built target generate_version_info_target_isaac_ros_tensor_rt
[01m[K/workspaces/isaac_ros-dev/src/isaac_ros_dnn_inference/isaac_ros_tensor_rt/src/tensor_rt_node.cpp:[m[K In function ‘[01m[Kbool nvidia::isaac_ros::dnn_inference::{anonymous}::readTensorShapesFromOnnx(const string&, size_t, std::vector<nvinfer1::Dims64>&, std::vector<nvinfer1::DataType>&)[m[K’:
[01m[K/workspaces/isaac_ros-dev/src/isaac_ros_dnn_inference/isaac_ros_tensor_rt/src/tensor_rt_node.cpp:162:76:[m[K [01;35m[Kwarning: [m[K‘[01m[Knvinfer1::NetworkDefinitionCreationFlag::kEXPLICIT_BATCH[m[K’ is deprecated [[01;35m[K-Wdeprecated-declarations[m[K]
  162 |       1U << static_cast<uint32_t>(nvinfer1::NetworkDefinitionCreationFlag::[01;35m[KkEXPLICIT_BATCH[m[K)));
      |                                                                            [01;35m[K^~~~~~~~~~~~~~~[m[K
In file included from [01m[K/usr/include/x86_64-linux-gnu/NvInferPlugin.h:21[m[K,
                 from [01m[K/workspaces/isaac_ros-dev/src/isaac_ros_dnn_inference/isaac_ros_tensor_rt/include/isaac_ros_tensor_rt/tensor_rt_node.hpp:26[m[K,
                 from [01m[K/workspaces/isaac_ros-dev/src/isaac_ros_dnn_inference/isaac_ros_tensor_rt/src/tensor_rt_node.cpp:18[m[K:
[01m[K/usr/include/x86_64-linux-gnu/NvInfer.h:9614:5:[m[K [01;36m[Knote: [m[Kdeclared here
 9614 |     [01;36m[KkEXPLICIT_BATCH[m[K TRT_DEPRECATED_ENUM = 0,
      |     [01;36m[K^~~~~~~~~~~~~~~[m[K
[01m[K/workspaces/isaac_ros-dev/src/isaac_ros_dnn_inference/isaac_ros_tensor_rt/src/tensor_rt_node.cpp:162:76:[m[K [01;35m[Kwarning: [m[K‘[01m[Knvinfer1::NetworkDefinitionCreationFlag::kEXPLICIT_BATCH[m[K’ is deprecated [[01;35m[K-Wdeprecated-declarations[m[K]
  162 |       1U << static_cast<uint32_t>(nvinfer1::NetworkDefinitionCreationFlag::[01;35m[KkEXPLICIT_BATCH[m[K)));
      |                                                                            [01;35m[K^~~~~~~~~~~~~~~[m[K
In file included from [01m[K/usr/include/x86_64-linux-gnu/NvInferPlugin.h:21[m[K,
                 from [01m[K/workspaces/isaac_ros-dev/src/isaac_ros_dnn_inference/isaac_ros_tensor_rt/include/isaac_ros_tensor_rt/tensor_rt_node.hpp:26[m[K,
                 from [01m[K/workspaces/isaac_ros-dev/src/isaac_ros_dnn_inference/isaac_ros_tensor_rt/src/tensor_rt_node.cpp:18[m[K:
[01m[K/usr/include/x86_64-linux-gnu/NvInfer.h:9614:5:[m[K [01;36m[Knote: [m[Kdeclared here
 9614 |     [01;36m[KkEXPLICIT_BATCH[m[K TRT_DEPRECATED_ENUM = 0,
      |     [01;36m[K^~~~~~~~~~~~~~~[m[K
[100%] [32m[1mLinking CXX shared library libtensor_rt_node.so[0m
[100%] Built target tensor_rt_node
-- Install configuration: "Release"
-- Execute custom install script
-- Symlinking: /workspaces/isaac_ros-dev/install/isaac_ros_tensor_rt/share/isaac_ros_tensor_rt/version_info.yaml
-- Symlinking: /workspaces/isaac_ros-dev/install/isaac_ros_tensor_rt/include/isaac_ros_tensor_rt/tensor_rt_node.hpp
-- Symlinking: /workspaces/isaac_ros-dev/install/isaac_ros_tensor_rt/share/isaac_ros_tensor_rt/environment/library_path.sh
-- Symlinking: /workspaces/isaac_ros-dev/install/isaac_ros_tensor_rt/share/isaac_ros_tensor_rt/environment/library_path.dsv
-- Symlinking: /workspaces/isaac_ros-dev/install/isaac_ros_tensor_rt/lib/libtensor_rt_node.so
-- Symlinking: /workspaces/isaac_ros-dev/install/isaac_ros_tensor_rt/share/isaac_ros_tensor_rt/config/isaac_ros_tensor_rt.yaml
-- Symlinking: /workspaces/isaac_ros-dev/install/isaac_ros_tensor_rt/share/isaac_ros_tensor_rt/config/namespace_injector_rule.yaml
-- Symlinking: /workspaces/isaac_ros-dev/install/isaac_ros_tensor_rt/share/isaac_ros_tensor_rt/config/tensor_rt_inference.yaml
-- Symlinking: /workspaces/isaac_ros-dev/install/isaac_ros_tensor_rt/share/isaac_ros_tensor_rt/launch/isaac_ros_tensor_rt.launch.py
-- Symlinking: /workspaces/isaac_ros-dev/install/isaac_ros_tensor_rt/share/ament_index/resource_index/package_run_dependencies/isaac_ros_tensor_rt
-- Symlinking: /workspaces/isaac_ros-dev/install/isaac_ros_tensor_rt/share/ament_index/resource_index/parent_prefix_path/isaac_ros_tensor_rt
-- Symlinking: /workspaces/isaac_ros-dev/install/isaac_ros_tensor_rt/share/isaac_ros_tensor_rt/environment/ament_prefix_path.sh
-- Symlinking: /workspaces/isaac_ros-dev/install/isaac_ros_tensor_rt/share/isaac_ros_tensor_rt/environment/ament_prefix_path.dsv
-- Symlinking: /workspaces/isaac_ros-dev/install/isaac_ros_tensor_rt/share/isaac_ros_tensor_rt/environment/path.sh
-- Symlinking: /workspaces/isaac_ros-dev/install/isaac_ros_tensor_rt/share/isaac_ros_tensor_rt/environment/path.dsv
-- Symlinking: /workspaces/isaac_ros-dev/install/isaac_ros_tensor_rt/share/isaac_ros_tensor_rt/local_setup.bash
-- Symlinking: /workspaces/isaac_ros-dev/install/isaac_ros_tensor_rt/share/isaac_ros_tensor_rt/local_setup.sh
-- Symlinking: /workspaces/isaac_ros-dev/install/isaac_ros_tensor_rt/share/isaac_ros_tensor_rt/local_setup.zsh
-- Symlinking: /workspaces/isaac_ros-dev/install/isaac_ros_tensor_rt/share/isaac_ros_tensor_rt/local_setup.dsv
-- Symlinking: /workspaces/isaac_ros-dev/install/isaac_ros_tensor_rt/share/isaac_ros_tensor_rt/package.dsv
-- Symlinking: /workspaces/isaac_ros-dev/install/isaac_ros_tensor_rt/share/ament_index/resource_index/packages/isaac_ros_tensor_rt
-- Symlinking: /workspaces/isaac_ros-dev/install/isaac_ros_tensor_rt/share/ament_index/resource_index/rclcpp_components/isaac_ros_tensor_rt
-- Symlinking: /workspaces/isaac_ros-dev/install/isaac_ros_tensor_rt/share/isaac_ros_tensor_rt/cmake/ament_cmake_export_dependencies-extras.cmake
-- Symlinking: /workspaces/isaac_ros-dev/install/isaac_ros_tensor_rt/share/isaac_ros_tensor_rt/cmake/ament_cmake_export_include_directories-extras.cmake
-- Symlinking: /workspaces/isaac_ros-dev/install/isaac_ros_tensor_rt/share/isaac_ros_tensor_rt/cmake/ament_cmake_export_libraries-extras.cmake
-- Symlinking: /workspaces/isaac_ros-dev/install/isaac_ros_tensor_rt/share/isaac_ros_tensor_rt/cmake/isaac_ros_tensor_rtConfig.cmake
-- Symlinking: /workspaces/isaac_ros-dev/install/isaac_ros_tensor_rt/share/isaac_ros_tensor_rt/cmake/isaac_ros_tensor_rtConfig-version.cmake
-- Symlinking: /workspaces/isaac_ros-dev/install/isaac_ros_tensor_rt/share/isaac_ros_tensor_rt/package.xml
