[0.125s] Invoking command in '/workspaces/isaac_ros-dev/build/isaac_ros_image_proc': AMENT_PREFIX_PATH=/workspaces/isaac_ros-dev/install/gxf_isaac_tensorops:${AMENT_PREFIX_PATH} CMAKE_PREFIX_PATH=/workspaces/isaac_ros-dev/install/isaac_ros_managed_nitros:/workspaces/isaac_ros-dev/install/isaac_ros_nitros_tensor_list_type:/workspaces/isaac_ros-dev/install/isaac_ros_nitros_image_type:/workspaces/isaac_ros-dev/install/isaac_ros_nitros_camera_info_type:/workspaces/isaac_ros-dev/install/isaac_ros_nitros:/workspaces/isaac_ros-dev/install/gxf_isaac_tensorops:/workspaces/isaac_ros-dev/install/gxf_isaac_messages:/workspaces/isaac_ros-dev/install/gxf_isaac_gxf_helpers:/workspaces/isaac_ros-dev/install/gxf_isaac_atlas:/workspaces/isaac_ros-dev/install/gxf_isaac_sight:/workspaces/isaac_ros-dev/install/gxf_isaac_optimizer:/workspaces/isaac_ros-dev/install/gxf_isaac_message_compositor:/workspaces/isaac_ros-dev/install/gxf_isaac_gems:/workspaces/isaac_ros-dev/install/isaac_ros_tensor_list_interfaces:/workspaces/isaac_ros-dev/install/isaac_ros_gxf:/workspaces/isaac_ros-dev/install/isaac_ros_common:/workspaces/isaac_ros-dev/install/isaac_ros_centerpose:/workspaces/isaac_ros-dev/install/isaac_ros_tensor_rt:/workspaces/isaac_ros-dev/install/isaac_ros_dnn_image_encoder:/workspaces/isaac_ros-dev/install/isaac_ros_tensor_proc:/workspaces/isaac_ros-dev/install/gxf_isaac_centerpose:/workspaces/isaac_ros-dev/install/isaac_ros_nitros_detection3_d_array_type:/workspaces/isaac_ros-dev/install/gxf_isaac_tensor_rt:/usr/local/libcudss-linux-0.3.0.9_cuda12-archive:/workspaces/isaac_ros-dev/install/isaac_ros_test:/opt/ros/humble LD_LIBRARY_PATH=/workspaces/isaac_ros-dev/install/isaac_ros_nitros_tensor_list_type/lib:/workspaces/isaac_ros-dev/install/isaac_ros_nitros_image_type/lib:/workspaces/isaac_ros-dev/install/isaac_ros_nitros_camera_info_type/lib:/workspaces/isaac_ros-dev/install/isaac_ros_nitros/lib:/workspaces/isaac_ros-dev/install/gxf_isaac_tensorops/lib:/workspaces/isaac_ros-dev/install/isaac_ros_tensor_list_interfaces/lib:/workspaces/isaac_ros-dev/install/isaac_ros_gxf/lib:/workspaces/isaac_ros-dev/install/isaac_ros_common/lib:/workspaces/isaac_ros-dev/install/isaac_ros_centerpose/lib:/workspaces/isaac_ros-dev/install/isaac_ros_tensor_rt/lib:/workspaces/isaac_ros-dev/install/isaac_ros_dnn_image_encoder/lib:/workspaces/isaac_ros-dev/install/isaac_ros_tensor_proc/lib:/workspaces/isaac_ros-dev/install/isaac_ros_managed_nitros/lib:/workspaces/isaac_ros-dev/install/gxf_isaac_centerpose/lib:/workspaces/isaac_ros-dev/install/isaac_ros_nitros_detection3_d_array_type/lib:/workspaces/isaac_ros-dev/install/gxf_isaac_tensor_rt/lib:/workspaces/isaac_ros-dev/install/gxf_isaac_sight/lib:/workspaces/isaac_ros-dev/install/gxf_isaac_optimizer/lib:/workspaces/isaac_ros-dev/install/gxf_isaac_messages/lib:/workspaces/isaac_ros-dev/install/gxf_isaac_message_compositor/lib:/workspaces/isaac_ros-dev/install/gxf_isaac_gxf_helpers/lib:/workspaces/isaac_ros-dev/install/gxf_isaac_atlas/lib:/workspaces/isaac_ros-dev/install/gxf_isaac_gems/lib:/opt/ros/humble/opt/rviz_ogre_vendor/lib:/opt/ros/humble/lib/x86_64-linux-gnu:/opt/ros/humble/lib:/usr/local/libcudss-linux-0.3.0.9_cuda12-archive/lib:/opt/hpcx/ucc/lib/:/opt/hpcx/ucx/lib/:/usr/local/cuda/compat/lib:/usr/local/nvidia/lib:/usr/local/nvidia/lib64:/opt/tritonserver/lib PYTHONPATH=/workspaces/isaac_ros-dev/build/isaac_ros_test:/workspaces/isaac_ros-dev/install/isaac_ros_test/lib/python3.10/site-packages:/workspaces/isaac_ros-dev/install/isaac_ros_tensor_list_interfaces/local/lib/python3.10/dist-packages:/workspaces/isaac_ros-dev/install/isaac_ros_common/local/lib/python3.10/dist-packages:/opt/ros/humble/lib/python3.10/site-packages:/opt/ros/humble/local/lib/python3.10/dist-packages:/opt/ros/humble/vcstool:/opt/tritonserver/backends/dali/wheel/dali _=/usr/bin/env /usr/bin/cmake /workspaces/isaac_ros-dev/src/isaac_ros_image_pipeline/isaac_ros_image_proc -DCMAKE_BUILD_TYPE=Release -DBUILD_TESTING=OFF -DAMENT_CMAKE_SYMLINK_INSTALL=1 -DCMAKE_INSTALL_PREFIX=/workspaces/isaac_ros-dev/install/isaac_ros_image_proc
[0.268s] -- The C compiler identification is GNU 11.4.0
[0.330s] -- The CXX compiler identification is GNU 11.4.0
[1.459s] -- The CUDA compiler identification is NVIDIA 12.6.20
[1.464s] -- Detecting C compiler ABI info
[1.631s] -- Detecting C compiler ABI info - done
[1.639s] -- Check for working C compiler: /usr/bin/cc - skipped
[1.639s] -- Detecting C compile features
[1.639s] -- Detecting C compile features - done
[1.641s] -- Detecting CXX compiler ABI info
[1.823s] -- Detecting CXX compiler ABI info - done
[1.828s] -- Check for working CXX compiler: /usr/bin/c++ - skipped
[1.828s] -- Detecting CXX compile features
[1.828s] -- Detecting CXX compile features - done
[1.831s] -- Detecting CUDA compiler ABI info
[2.824s] -- Detecting CUDA compiler ABI info - done
[2.844s] -- Check for working CUDA compiler: /usr/local/cuda/bin/nvcc - skipped
[2.844s] -- Detecting CUDA compile features
[2.844s] -- Detecting CUDA compile features - done
[2.848s] -- Found ament_cmake_auto: 1.3.12 (/opt/ros/humble/share/ament_cmake_auto/cmake)
[3.344s] -- Found Python3: /usr/bin/python3 (found version "3.10.12") found components: Interpreter 
[3.390s] -- Override CMake install command with custom implementation using symlinks instead of copying resources
[3.495s] -- Loading isaac_ros_common extras
[3.495s] -- CMAKE_BUILD_TYPE: Release
[3.512s] -- Looking for pthread.h
[3.679s] -- Looking for pthread.h - found
[3.679s] -- Performing Test CMAKE_HAVE_LIBC_PTHREAD
[3.851s] -- Performing Test CMAKE_HAVE_LIBC_PTHREAD - Success
[3.852s] -- Found Threads: TRUE  
[3.869s] -- Found CUDA: /usr/local/cuda (found version "12.6") 
[3.869s] -- CUDA architectures: 52
[3.869s] -- Loading isaac_ros_common extras (modules)
[3.915s] -- Found rosidl_generator_c: 3.1.7 (/opt/ros/humble/share/rosidl_generator_c/cmake)
[3.922s] -- Found rosidl_adapter: 3.1.7 (/opt/ros/humble/share/rosidl_adapter/cmake)
[3.932s] -- Found rosidl_generator_cpp: 3.1.7 (/opt/ros/humble/share/rosidl_generator_cpp/cmake)
[3.945s] -- Using all available rosidl_typesupport_c: rosidl_typesupport_fastrtps_c;rosidl_typesupport_introspection_c
[3.961s] -- Using all available rosidl_typesupport_cpp: rosidl_typesupport_fastrtps_cpp;rosidl_typesupport_introspection_cpp
[4.009s] -- Found rmw_implementation_cmake: 6.1.2 (/opt/ros/humble/share/rmw_implementation_cmake/cmake)
[4.013s] -- Found rmw_fastrtps_cpp: 6.2.9 (/opt/ros/humble/share/rmw_fastrtps_cpp/cmake)
[4.156s] -- Found OpenSSL: /usr/lib/x86_64-linux-gnu/libcrypto.so (found version "3.0.2")  
[4.186s] -- Found FastRTPS: /opt/ros/humble/include  
[4.233s] -- Using RMW implementation 'rmw_fastrtps_cpp' as default
[4.293s] -- Loading isaac_ros_gxf extras
[4.657s] [0mIn this package, headers install destination is set to `include` by ament_auto_package. It is recommended to install `include/isaac_ros_image_proc` instead and will be the default behavior of ament_auto_package from ROS 2 Kilted Kaiju. On distributions before Kilted, ament_auto_package behaves the same way when you use USE_SCOPED_HEADER_INSTALL_DIR option.[0m
[4.663s] -- Configuring done
[4.854s] -- Generating done
[4.871s] -- Build files have been written to: /workspaces/isaac_ros-dev/build/isaac_ros_image_proc
[4.881s] Invoked command in '/workspaces/isaac_ros-dev/build/isaac_ros_image_proc' returned '0': AMENT_PREFIX_PATH=/workspaces/isaac_ros-dev/install/gxf_isaac_tensorops:${AMENT_PREFIX_PATH} CMAKE_PREFIX_PATH=/workspaces/isaac_ros-dev/install/isaac_ros_managed_nitros:/workspaces/isaac_ros-dev/install/isaac_ros_nitros_tensor_list_type:/workspaces/isaac_ros-dev/install/isaac_ros_nitros_image_type:/workspaces/isaac_ros-dev/install/isaac_ros_nitros_camera_info_type:/workspaces/isaac_ros-dev/install/isaac_ros_nitros:/workspaces/isaac_ros-dev/install/gxf_isaac_tensorops:/workspaces/isaac_ros-dev/install/gxf_isaac_messages:/workspaces/isaac_ros-dev/install/gxf_isaac_gxf_helpers:/workspaces/isaac_ros-dev/install/gxf_isaac_atlas:/workspaces/isaac_ros-dev/install/gxf_isaac_sight:/workspaces/isaac_ros-dev/install/gxf_isaac_optimizer:/workspaces/isaac_ros-dev/install/gxf_isaac_message_compositor:/workspaces/isaac_ros-dev/install/gxf_isaac_gems:/workspaces/isaac_ros-dev/install/isaac_ros_tensor_list_interfaces:/workspaces/isaac_ros-dev/install/isaac_ros_gxf:/workspaces/isaac_ros-dev/install/isaac_ros_common:/workspaces/isaac_ros-dev/install/isaac_ros_centerpose:/workspaces/isaac_ros-dev/install/isaac_ros_tensor_rt:/workspaces/isaac_ros-dev/install/isaac_ros_dnn_image_encoder:/workspaces/isaac_ros-dev/install/isaac_ros_tensor_proc:/workspaces/isaac_ros-dev/install/gxf_isaac_centerpose:/workspaces/isaac_ros-dev/install/isaac_ros_nitros_detection3_d_array_type:/workspaces/isaac_ros-dev/install/gxf_isaac_tensor_rt:/usr/local/libcudss-linux-0.3.0.9_cuda12-archive:/workspaces/isaac_ros-dev/install/isaac_ros_test:/opt/ros/humble LD_LIBRARY_PATH=/workspaces/isaac_ros-dev/install/isaac_ros_nitros_tensor_list_type/lib:/workspaces/isaac_ros-dev/install/isaac_ros_nitros_image_type/lib:/workspaces/isaac_ros-dev/install/isaac_ros_nitros_camera_info_type/lib:/workspaces/isaac_ros-dev/install/isaac_ros_nitros/lib:/workspaces/isaac_ros-dev/install/gxf_isaac_tensorops/lib:/workspaces/isaac_ros-dev/install/isaac_ros_tensor_list_interfaces/lib:/workspaces/isaac_ros-dev/install/isaac_ros_gxf/lib:/workspaces/isaac_ros-dev/install/isaac_ros_common/lib:/workspaces/isaac_ros-dev/install/isaac_ros_centerpose/lib:/workspaces/isaac_ros-dev/install/isaac_ros_tensor_rt/lib:/workspaces/isaac_ros-dev/install/isaac_ros_dnn_image_encoder/lib:/workspaces/isaac_ros-dev/install/isaac_ros_tensor_proc/lib:/workspaces/isaac_ros-dev/install/isaac_ros_managed_nitros/lib:/workspaces/isaac_ros-dev/install/gxf_isaac_centerpose/lib:/workspaces/isaac_ros-dev/install/isaac_ros_nitros_detection3_d_array_type/lib:/workspaces/isaac_ros-dev/install/gxf_isaac_tensor_rt/lib:/workspaces/isaac_ros-dev/install/gxf_isaac_sight/lib:/workspaces/isaac_ros-dev/install/gxf_isaac_optimizer/lib:/workspaces/isaac_ros-dev/install/gxf_isaac_messages/lib:/workspaces/isaac_ros-dev/install/gxf_isaac_message_compositor/lib:/workspaces/isaac_ros-dev/install/gxf_isaac_gxf_helpers/lib:/workspaces/isaac_ros-dev/install/gxf_isaac_atlas/lib:/workspaces/isaac_ros-dev/install/gxf_isaac_gems/lib:/opt/ros/humble/opt/rviz_ogre_vendor/lib:/opt/ros/humble/lib/x86_64-linux-gnu:/opt/ros/humble/lib:/usr/local/libcudss-linux-0.3.0.9_cuda12-archive/lib:/opt/hpcx/ucc/lib/:/opt/hpcx/ucx/lib/:/usr/local/cuda/compat/lib:/usr/local/nvidia/lib:/usr/local/nvidia/lib64:/opt/tritonserver/lib PYTHONPATH=/workspaces/isaac_ros-dev/build/isaac_ros_test:/workspaces/isaac_ros-dev/install/isaac_ros_test/lib/python3.10/site-packages:/workspaces/isaac_ros-dev/install/isaac_ros_tensor_list_interfaces/local/lib/python3.10/dist-packages:/workspaces/isaac_ros-dev/install/isaac_ros_common/local/lib/python3.10/dist-packages:/opt/ros/humble/lib/python3.10/site-packages:/opt/ros/humble/local/lib/python3.10/dist-packages:/opt/ros/humble/vcstool:/opt/tritonserver/backends/dali/wheel/dali _=/usr/bin/env /usr/bin/cmake /workspaces/isaac_ros-dev/src/isaac_ros_image_pipeline/isaac_ros_image_proc -DCMAKE_BUILD_TYPE=Release -DBUILD_TESTING=OFF -DAMENT_CMAKE_SYMLINK_INSTALL=1 -DCMAKE_INSTALL_PREFIX=/workspaces/isaac_ros-dev/install/isaac_ros_image_proc
[4.882s] Invoking command in '/workspaces/isaac_ros-dev/build/isaac_ros_image_proc': AMENT_PREFIX_PATH=/workspaces/isaac_ros-dev/install/gxf_isaac_tensorops:${AMENT_PREFIX_PATH} CMAKE_PREFIX_PATH=/workspaces/isaac_ros-dev/install/isaac_ros_managed_nitros:/workspaces/isaac_ros-dev/install/isaac_ros_nitros_tensor_list_type:/workspaces/isaac_ros-dev/install/isaac_ros_nitros_image_type:/workspaces/isaac_ros-dev/install/isaac_ros_nitros_camera_info_type:/workspaces/isaac_ros-dev/install/isaac_ros_nitros:/workspaces/isaac_ros-dev/install/gxf_isaac_tensorops:/workspaces/isaac_ros-dev/install/gxf_isaac_messages:/workspaces/isaac_ros-dev/install/gxf_isaac_gxf_helpers:/workspaces/isaac_ros-dev/install/gxf_isaac_atlas:/workspaces/isaac_ros-dev/install/gxf_isaac_sight:/workspaces/isaac_ros-dev/install/gxf_isaac_optimizer:/workspaces/isaac_ros-dev/install/gxf_isaac_message_compositor:/workspaces/isaac_ros-dev/install/gxf_isaac_gems:/workspaces/isaac_ros-dev/install/isaac_ros_tensor_list_interfaces:/workspaces/isaac_ros-dev/install/isaac_ros_gxf:/workspaces/isaac_ros-dev/install/isaac_ros_common:/workspaces/isaac_ros-dev/install/isaac_ros_centerpose:/workspaces/isaac_ros-dev/install/isaac_ros_tensor_rt:/workspaces/isaac_ros-dev/install/isaac_ros_dnn_image_encoder:/workspaces/isaac_ros-dev/install/isaac_ros_tensor_proc:/workspaces/isaac_ros-dev/install/gxf_isaac_centerpose:/workspaces/isaac_ros-dev/install/isaac_ros_nitros_detection3_d_array_type:/workspaces/isaac_ros-dev/install/gxf_isaac_tensor_rt:/usr/local/libcudss-linux-0.3.0.9_cuda12-archive:/workspaces/isaac_ros-dev/install/isaac_ros_test:/opt/ros/humble LD_LIBRARY_PATH=/workspaces/isaac_ros-dev/install/isaac_ros_nitros_tensor_list_type/lib:/workspaces/isaac_ros-dev/install/isaac_ros_nitros_image_type/lib:/workspaces/isaac_ros-dev/install/isaac_ros_nitros_camera_info_type/lib:/workspaces/isaac_ros-dev/install/isaac_ros_nitros/lib:/workspaces/isaac_ros-dev/install/gxf_isaac_tensorops/lib:/workspaces/isaac_ros-dev/install/isaac_ros_tensor_list_interfaces/lib:/workspaces/isaac_ros-dev/install/isaac_ros_gxf/lib:/workspaces/isaac_ros-dev/install/isaac_ros_common/lib:/workspaces/isaac_ros-dev/install/isaac_ros_centerpose/lib:/workspaces/isaac_ros-dev/install/isaac_ros_tensor_rt/lib:/workspaces/isaac_ros-dev/install/isaac_ros_dnn_image_encoder/lib:/workspaces/isaac_ros-dev/install/isaac_ros_tensor_proc/lib:/workspaces/isaac_ros-dev/install/isaac_ros_managed_nitros/lib:/workspaces/isaac_ros-dev/install/gxf_isaac_centerpose/lib:/workspaces/isaac_ros-dev/install/isaac_ros_nitros_detection3_d_array_type/lib:/workspaces/isaac_ros-dev/install/gxf_isaac_tensor_rt/lib:/workspaces/isaac_ros-dev/install/gxf_isaac_sight/lib:/workspaces/isaac_ros-dev/install/gxf_isaac_optimizer/lib:/workspaces/isaac_ros-dev/install/gxf_isaac_messages/lib:/workspaces/isaac_ros-dev/install/gxf_isaac_message_compositor/lib:/workspaces/isaac_ros-dev/install/gxf_isaac_gxf_helpers/lib:/workspaces/isaac_ros-dev/install/gxf_isaac_atlas/lib:/workspaces/isaac_ros-dev/install/gxf_isaac_gems/lib:/opt/ros/humble/opt/rviz_ogre_vendor/lib:/opt/ros/humble/lib/x86_64-linux-gnu:/opt/ros/humble/lib:/usr/local/libcudss-linux-0.3.0.9_cuda12-archive/lib:/opt/hpcx/ucc/lib/:/opt/hpcx/ucx/lib/:/usr/local/cuda/compat/lib:/usr/local/nvidia/lib:/usr/local/nvidia/lib64:/opt/tritonserver/lib PYTHONPATH=/workspaces/isaac_ros-dev/build/isaac_ros_test:/workspaces/isaac_ros-dev/install/isaac_ros_test/lib/python3.10/site-packages:/workspaces/isaac_ros-dev/install/isaac_ros_tensor_list_interfaces/local/lib/python3.10/dist-packages:/workspaces/isaac_ros-dev/install/isaac_ros_common/local/lib/python3.10/dist-packages:/opt/ros/humble/lib/python3.10/site-packages:/opt/ros/humble/local/lib/python3.10/dist-packages:/opt/ros/humble/vcstool:/opt/tritonserver/backends/dali/wheel/dali _=/usr/bin/env /usr/bin/cmake --build /workspaces/isaac_ros-dev/build/isaac_ros_image_proc -- -j16 -l16
[5.031s] [  5%] [34m[1mGenerating version information as YAML[0m
[5.035s] [ 11%] [32mBuilding CUDA object CMakeFiles/alpha_blend_node.dir/src/alpha_blend.cu.cpp.o[0m
[5.041s] [ 16%] [32mBuilding CXX object CMakeFiles/alpha_blend_node.dir/src/alpha_blend_node.cpp.o[0m
[5.160s] [ 16%] Built target generate_version_info_target_isaac_ros_image_proc
[20.474s] [ 22%] [32m[1mLinking CXX shared library libalpha_blend_node.so[0m
[20.763s] [ 22%] Built target alpha_blend_node
[20.895s] [ 27%] [32mBuilding CXX object CMakeFiles/image_format_converter_node.dir/src/image_format_converter_node.cpp.o[0m
[34.972s] [ 33%] [32m[1mLinking CXX shared library libimage_format_converter_node.so[0m
[35.264s] [ 33%] Built target image_format_converter_node
[35.384s] [ 38%] [32mBuilding CXX object CMakeFiles/rectify_node.dir/src/rectify_node.cpp.o[0m
[53.715s] [ 44%] [32m[1mLinking CXX shared library librectify_node.so[0m
[54.110s] [ 44%] Built target rectify_node
[54.212s] [ 50%] [32mBuilding CXX object CMakeFiles/resize_node.dir/src/resize_node.cpp.o[0m
[73.132s] [ 55%] [32m[1mLinking CXX shared library libresize_node.so[0m
[73.537s] [ 55%] Built target resize_node
[73.658s] [ 61%] [32mBuilding CXX object CMakeFiles/flip_node.dir/src/image_flip_node.cpp.o[0m
[88.004s] [ 66%] [32m[1mLinking CXX shared library libflip_node.so[0m
[88.357s] [ 66%] Built target flip_node
[88.491s] [ 72%] [32mBuilding CXX object CMakeFiles/crop_node.dir/src/crop_node.cpp.o[0m
[107.452s] [ 77%] [32m[1mLinking CXX shared library libcrop_node.so[0m
[107.856s] [ 77%] Built target crop_node
[107.943s] [ 83%] [32mBuilding CXX object CMakeFiles/pad_node.dir/src/pad_node.cpp.o[0m
[124.611s] [ 88%] [32m[1mLinking CXX shared library libpad_node.so[0m
[124.981s] [ 88%] Built target pad_node
[125.097s] [ 94%] [32mBuilding CXX object CMakeFiles/image_normalize_node.dir/src/image_normalize_node.cpp.o[0m
[141.038s] [100%] [32m[1mLinking CXX shared library libimage_normalize_node.so[0m
[141.421s] [100%] Built target image_normalize_node
[141.434s] Invoked command in '/workspaces/isaac_ros-dev/build/isaac_ros_image_proc' returned '0': AMENT_PREFIX_PATH=/workspaces/isaac_ros-dev/install/gxf_isaac_tensorops:${AMENT_PREFIX_PATH} CMAKE_PREFIX_PATH=/workspaces/isaac_ros-dev/install/isaac_ros_managed_nitros:/workspaces/isaac_ros-dev/install/isaac_ros_nitros_tensor_list_type:/workspaces/isaac_ros-dev/install/isaac_ros_nitros_image_type:/workspaces/isaac_ros-dev/install/isaac_ros_nitros_camera_info_type:/workspaces/isaac_ros-dev/install/isaac_ros_nitros:/workspaces/isaac_ros-dev/install/gxf_isaac_tensorops:/workspaces/isaac_ros-dev/install/gxf_isaac_messages:/workspaces/isaac_ros-dev/install/gxf_isaac_gxf_helpers:/workspaces/isaac_ros-dev/install/gxf_isaac_atlas:/workspaces/isaac_ros-dev/install/gxf_isaac_sight:/workspaces/isaac_ros-dev/install/gxf_isaac_optimizer:/workspaces/isaac_ros-dev/install/gxf_isaac_message_compositor:/workspaces/isaac_ros-dev/install/gxf_isaac_gems:/workspaces/isaac_ros-dev/install/isaac_ros_tensor_list_interfaces:/workspaces/isaac_ros-dev/install/isaac_ros_gxf:/workspaces/isaac_ros-dev/install/isaac_ros_common:/workspaces/isaac_ros-dev/install/isaac_ros_centerpose:/workspaces/isaac_ros-dev/install/isaac_ros_tensor_rt:/workspaces/isaac_ros-dev/install/isaac_ros_dnn_image_encoder:/workspaces/isaac_ros-dev/install/isaac_ros_tensor_proc:/workspaces/isaac_ros-dev/install/gxf_isaac_centerpose:/workspaces/isaac_ros-dev/install/isaac_ros_nitros_detection3_d_array_type:/workspaces/isaac_ros-dev/install/gxf_isaac_tensor_rt:/usr/local/libcudss-linux-0.3.0.9_cuda12-archive:/workspaces/isaac_ros-dev/install/isaac_ros_test:/opt/ros/humble LD_LIBRARY_PATH=/workspaces/isaac_ros-dev/install/isaac_ros_nitros_tensor_list_type/lib:/workspaces/isaac_ros-dev/install/isaac_ros_nitros_image_type/lib:/workspaces/isaac_ros-dev/install/isaac_ros_nitros_camera_info_type/lib:/workspaces/isaac_ros-dev/install/isaac_ros_nitros/lib:/workspaces/isaac_ros-dev/install/gxf_isaac_tensorops/lib:/workspaces/isaac_ros-dev/install/isaac_ros_tensor_list_interfaces/lib:/workspaces/isaac_ros-dev/install/isaac_ros_gxf/lib:/workspaces/isaac_ros-dev/install/isaac_ros_common/lib:/workspaces/isaac_ros-dev/install/isaac_ros_centerpose/lib:/workspaces/isaac_ros-dev/install/isaac_ros_tensor_rt/lib:/workspaces/isaac_ros-dev/install/isaac_ros_dnn_image_encoder/lib:/workspaces/isaac_ros-dev/install/isaac_ros_tensor_proc/lib:/workspaces/isaac_ros-dev/install/isaac_ros_managed_nitros/lib:/workspaces/isaac_ros-dev/install/gxf_isaac_centerpose/lib:/workspaces/isaac_ros-dev/install/isaac_ros_nitros_detection3_d_array_type/lib:/workspaces/isaac_ros-dev/install/gxf_isaac_tensor_rt/lib:/workspaces/isaac_ros-dev/install/gxf_isaac_sight/lib:/workspaces/isaac_ros-dev/install/gxf_isaac_optimizer/lib:/workspaces/isaac_ros-dev/install/gxf_isaac_messages/lib:/workspaces/isaac_ros-dev/install/gxf_isaac_message_compositor/lib:/workspaces/isaac_ros-dev/install/gxf_isaac_gxf_helpers/lib:/workspaces/isaac_ros-dev/install/gxf_isaac_atlas/lib:/workspaces/isaac_ros-dev/install/gxf_isaac_gems/lib:/opt/ros/humble/opt/rviz_ogre_vendor/lib:/opt/ros/humble/lib/x86_64-linux-gnu:/opt/ros/humble/lib:/usr/local/libcudss-linux-0.3.0.9_cuda12-archive/lib:/opt/hpcx/ucc/lib/:/opt/hpcx/ucx/lib/:/usr/local/cuda/compat/lib:/usr/local/nvidia/lib:/usr/local/nvidia/lib64:/opt/tritonserver/lib PYTHONPATH=/workspaces/isaac_ros-dev/build/isaac_ros_test:/workspaces/isaac_ros-dev/install/isaac_ros_test/lib/python3.10/site-packages:/workspaces/isaac_ros-dev/install/isaac_ros_tensor_list_interfaces/local/lib/python3.10/dist-packages:/workspaces/isaac_ros-dev/install/isaac_ros_common/local/lib/python3.10/dist-packages:/opt/ros/humble/lib/python3.10/site-packages:/opt/ros/humble/local/lib/python3.10/dist-packages:/opt/ros/humble/vcstool:/opt/tritonserver/backends/dali/wheel/dali _=/usr/bin/env /usr/bin/cmake --build /workspaces/isaac_ros-dev/build/isaac_ros_image_proc -- -j16 -l16
[141.448s] Invoking command in '/workspaces/isaac_ros-dev/build/isaac_ros_image_proc': AMENT_PREFIX_PATH=/workspaces/isaac_ros-dev/install/gxf_isaac_tensorops:${AMENT_PREFIX_PATH} CMAKE_PREFIX_PATH=/workspaces/isaac_ros-dev/install/isaac_ros_managed_nitros:/workspaces/isaac_ros-dev/install/isaac_ros_nitros_tensor_list_type:/workspaces/isaac_ros-dev/install/isaac_ros_nitros_image_type:/workspaces/isaac_ros-dev/install/isaac_ros_nitros_camera_info_type:/workspaces/isaac_ros-dev/install/isaac_ros_nitros:/workspaces/isaac_ros-dev/install/gxf_isaac_tensorops:/workspaces/isaac_ros-dev/install/gxf_isaac_messages:/workspaces/isaac_ros-dev/install/gxf_isaac_gxf_helpers:/workspaces/isaac_ros-dev/install/gxf_isaac_atlas:/workspaces/isaac_ros-dev/install/gxf_isaac_sight:/workspaces/isaac_ros-dev/install/gxf_isaac_optimizer:/workspaces/isaac_ros-dev/install/gxf_isaac_message_compositor:/workspaces/isaac_ros-dev/install/gxf_isaac_gems:/workspaces/isaac_ros-dev/install/isaac_ros_tensor_list_interfaces:/workspaces/isaac_ros-dev/install/isaac_ros_gxf:/workspaces/isaac_ros-dev/install/isaac_ros_common:/workspaces/isaac_ros-dev/install/isaac_ros_centerpose:/workspaces/isaac_ros-dev/install/isaac_ros_tensor_rt:/workspaces/isaac_ros-dev/install/isaac_ros_dnn_image_encoder:/workspaces/isaac_ros-dev/install/isaac_ros_tensor_proc:/workspaces/isaac_ros-dev/install/gxf_isaac_centerpose:/workspaces/isaac_ros-dev/install/isaac_ros_nitros_detection3_d_array_type:/workspaces/isaac_ros-dev/install/gxf_isaac_tensor_rt:/usr/local/libcudss-linux-0.3.0.9_cuda12-archive:/workspaces/isaac_ros-dev/install/isaac_ros_test:/opt/ros/humble LD_LIBRARY_PATH=/workspaces/isaac_ros-dev/install/isaac_ros_nitros_tensor_list_type/lib:/workspaces/isaac_ros-dev/install/isaac_ros_nitros_image_type/lib:/workspaces/isaac_ros-dev/install/isaac_ros_nitros_camera_info_type/lib:/workspaces/isaac_ros-dev/install/isaac_ros_nitros/lib:/workspaces/isaac_ros-dev/install/gxf_isaac_tensorops/lib:/workspaces/isaac_ros-dev/install/isaac_ros_tensor_list_interfaces/lib:/workspaces/isaac_ros-dev/install/isaac_ros_gxf/lib:/workspaces/isaac_ros-dev/install/isaac_ros_common/lib:/workspaces/isaac_ros-dev/install/isaac_ros_centerpose/lib:/workspaces/isaac_ros-dev/install/isaac_ros_tensor_rt/lib:/workspaces/isaac_ros-dev/install/isaac_ros_dnn_image_encoder/lib:/workspaces/isaac_ros-dev/install/isaac_ros_tensor_proc/lib:/workspaces/isaac_ros-dev/install/isaac_ros_managed_nitros/lib:/workspaces/isaac_ros-dev/install/gxf_isaac_centerpose/lib:/workspaces/isaac_ros-dev/install/isaac_ros_nitros_detection3_d_array_type/lib:/workspaces/isaac_ros-dev/install/gxf_isaac_tensor_rt/lib:/workspaces/isaac_ros-dev/install/gxf_isaac_sight/lib:/workspaces/isaac_ros-dev/install/gxf_isaac_optimizer/lib:/workspaces/isaac_ros-dev/install/gxf_isaac_messages/lib:/workspaces/isaac_ros-dev/install/gxf_isaac_message_compositor/lib:/workspaces/isaac_ros-dev/install/gxf_isaac_gxf_helpers/lib:/workspaces/isaac_ros-dev/install/gxf_isaac_atlas/lib:/workspaces/isaac_ros-dev/install/gxf_isaac_gems/lib:/opt/ros/humble/opt/rviz_ogre_vendor/lib:/opt/ros/humble/lib/x86_64-linux-gnu:/opt/ros/humble/lib:/usr/local/libcudss-linux-0.3.0.9_cuda12-archive/lib:/opt/hpcx/ucc/lib/:/opt/hpcx/ucx/lib/:/usr/local/cuda/compat/lib:/usr/local/nvidia/lib:/usr/local/nvidia/lib64:/opt/tritonserver/lib PYTHONPATH=/workspaces/isaac_ros-dev/build/isaac_ros_test:/workspaces/isaac_ros-dev/install/isaac_ros_test/lib/python3.10/site-packages:/workspaces/isaac_ros-dev/install/isaac_ros_tensor_list_interfaces/local/lib/python3.10/dist-packages:/workspaces/isaac_ros-dev/install/isaac_ros_common/local/lib/python3.10/dist-packages:/opt/ros/humble/lib/python3.10/site-packages:/opt/ros/humble/local/lib/python3.10/dist-packages:/opt/ros/humble/vcstool:/opt/tritonserver/backends/dali/wheel/dali _=/usr/bin/env /usr/bin/cmake --install /workspaces/isaac_ros-dev/build/isaac_ros_image_proc
[141.457s] -- Install configuration: "Release"
[141.457s] -- Execute custom install script
[141.457s] -- Symlinking: /workspaces/isaac_ros-dev/install/isaac_ros_image_proc/share/isaac_ros_image_proc/version_info.yaml
[141.465s] -- Symlinking: /workspaces/isaac_ros-dev/install/isaac_ros_image_proc/include/isaac_ros_image_proc/alpha_blend.cu.hpp
[141.473s] -- Symlinking: /workspaces/isaac_ros-dev/install/isaac_ros_image_proc/include/isaac_ros_image_proc/alpha_blend_node.hpp
[141.485s] -- Symlinking: /workspaces/isaac_ros-dev/install/isaac_ros_image_proc/include/isaac_ros_image_proc/crop_node.hpp
[141.500s] -- Symlinking: /workspaces/isaac_ros-dev/install/isaac_ros_image_proc/include/isaac_ros_image_proc/image_flip_node.hpp
[141.516s] -- Symlinking: /workspaces/isaac_ros-dev/install/isaac_ros_image_proc/include/isaac_ros_image_proc/image_format_converter_node.hpp
[141.536s] -- Symlinking: /workspaces/isaac_ros-dev/install/isaac_ros_image_proc/include/isaac_ros_image_proc/image_normalize_node.hpp
[141.552s] -- Symlinking: /workspaces/isaac_ros-dev/install/isaac_ros_image_proc/include/isaac_ros_image_proc/pad_node.hpp
[141.563s] -- Symlinking: /workspaces/isaac_ros-dev/install/isaac_ros_image_proc/include/isaac_ros_image_proc/rectify_node.hpp
[141.571s] -- Symlinking: /workspaces/isaac_ros-dev/install/isaac_ros_image_proc/include/isaac_ros_image_proc/resize_node.hpp
[141.579s] -- Symlinking: /workspaces/isaac_ros-dev/install/isaac_ros_image_proc/share/isaac_ros_image_proc/environment/library_path.sh
[141.586s] -- Symlinking: /workspaces/isaac_ros-dev/install/isaac_ros_image_proc/share/isaac_ros_image_proc/environment/library_path.dsv
[141.594s] -- Symlinking: /workspaces/isaac_ros-dev/install/isaac_ros_image_proc/lib/libalpha_blend_node.so
[141.602s] -- Symlinking: /workspaces/isaac_ros-dev/install/isaac_ros_image_proc/lib/libimage_format_converter_node.so
[141.610s] -- Symlinking: /workspaces/isaac_ros-dev/install/isaac_ros_image_proc/lib/librectify_node.so
[141.628s] -- Symlinking: /workspaces/isaac_ros-dev/install/isaac_ros_image_proc/lib/libresize_node.so
[141.645s] -- Symlinking: /workspaces/isaac_ros-dev/install/isaac_ros_image_proc/lib/libflip_node.so
[141.658s] -- Symlinking: /workspaces/isaac_ros-dev/install/isaac_ros_image_proc/lib/libcrop_node.so
[141.668s] -- Symlinking: /workspaces/isaac_ros-dev/install/isaac_ros_image_proc/lib/libpad_node.so
[141.678s] -- Symlinking: /workspaces/isaac_ros-dev/install/isaac_ros_image_proc/lib/libimage_normalize_node.so
[141.689s] -- Symlinking: /workspaces/isaac_ros-dev/install/isaac_ros_image_proc/share/isaac_ros_image_proc/launch/isaac_ros_image_color_conversion.launch.py
[141.703s] -- Symlinking: /workspaces/isaac_ros-dev/install/isaac_ros_image_proc/share/isaac_ros_image_proc/launch/isaac_ros_image_color_conversion_core.launch.py
[141.715s] -- Symlinking: /workspaces/isaac_ros-dev/install/isaac_ros_image_proc/share/isaac_ros_image_proc/launch/isaac_ros_image_crop.launch.py
[141.727s] -- Symlinking: /workspaces/isaac_ros-dev/install/isaac_ros_image_proc/share/isaac_ros_image_proc/launch/isaac_ros_image_crop_core.launch.py
[141.740s] -- Symlinking: /workspaces/isaac_ros-dev/install/isaac_ros_image_proc/share/isaac_ros_image_proc/launch/isaac_ros_image_flip.launch.py
[141.752s] -- Symlinking: /workspaces/isaac_ros-dev/install/isaac_ros_image_proc/share/isaac_ros_image_proc/launch/isaac_ros_image_flip_core.launch.py
[141.765s] -- Symlinking: /workspaces/isaac_ros-dev/install/isaac_ros_image_proc/share/isaac_ros_image_proc/launch/isaac_ros_image_rectify.launch.py
[141.774s] -- Symlinking: /workspaces/isaac_ros-dev/install/isaac_ros_image_proc/share/isaac_ros_image_proc/launch/isaac_ros_image_rectify_mono_core.launch.py
[141.787s] -- Symlinking: /workspaces/isaac_ros-dev/install/isaac_ros_image_proc/share/isaac_ros_image_proc/launch/isaac_ros_image_rectify_stereo_core.launch.py
[141.803s] -- Symlinking: /workspaces/isaac_ros-dev/install/isaac_ros_image_proc/share/isaac_ros_image_proc/launch/isaac_ros_image_resize.launch.py
[141.816s] -- Symlinking: /workspaces/isaac_ros-dev/install/isaac_ros_image_proc/share/isaac_ros_image_proc/launch/isaac_ros_image_resize_core.launch.py
[141.830s] -- Symlinking: /workspaces/isaac_ros-dev/install/isaac_ros_image_proc/share/isaac_ros_image_proc/launch/isaac_ros_image_resize_rectify_stereo_core.launch.py
[141.841s] -- Symlinking: /workspaces/isaac_ros-dev/install/isaac_ros_image_proc/share/isaac_ros_image_proc/config/isaac_ros_image_proc_namespace_injector_rule.yaml
[141.852s] -- Symlinking: /workspaces/isaac_ros-dev/install/isaac_ros_image_proc/share/isaac_ros_image_proc/config/namespace_injector_rule_crop.yaml
[141.865s] -- Symlinking: /workspaces/isaac_ros-dev/install/isaac_ros_image_proc/share/isaac_ros_image_proc/config/namespace_injector_rule_image_format_converter.yaml
[141.878s] -- Symlinking: /workspaces/isaac_ros-dev/install/isaac_ros_image_proc/share/isaac_ros_image_proc/config/namespace_injector_rule_rectify.yaml
[141.892s] -- Symlinking: /workspaces/isaac_ros-dev/install/isaac_ros_image_proc/share/isaac_ros_image_proc/config/nitros_crop_node.yaml
[141.904s] -- Symlinking: /workspaces/isaac_ros-dev/install/isaac_ros_image_proc/share/isaac_ros_image_proc/config/nitros_image_flip_node.yaml
[141.917s] -- Symlinking: /workspaces/isaac_ros-dev/install/isaac_ros_image_proc/share/isaac_ros_image_proc/config/nitros_image_format_converter_node.yaml
[141.928s] -- Symlinking: /workspaces/isaac_ros-dev/install/isaac_ros_image_proc/share/isaac_ros_image_proc/config/nitros_rectify_node.yaml
[141.941s] -- Symlinking: /workspaces/isaac_ros-dev/install/isaac_ros_image_proc/share/isaac_ros_image_proc/config/nitros_resize_node.yaml
[141.952s] -- Symlinking: /workspaces/isaac_ros-dev/install/isaac_ros_image_proc/share/isaac_ros_image_proc/config/resize_substitution_rule.yaml
[141.963s] -- Symlinking: /workspaces/isaac_ros-dev/install/isaac_ros_image_proc/share/ament_index/resource_index/package_run_dependencies/isaac_ros_image_proc
[141.977s] -- Symlinking: /workspaces/isaac_ros-dev/install/isaac_ros_image_proc/share/ament_index/resource_index/parent_prefix_path/isaac_ros_image_proc
[141.989s] -- Symlinking: /workspaces/isaac_ros-dev/install/isaac_ros_image_proc/share/isaac_ros_image_proc/environment/ament_prefix_path.sh
[141.999s] -- Symlinking: /workspaces/isaac_ros-dev/install/isaac_ros_image_proc/share/isaac_ros_image_proc/environment/ament_prefix_path.dsv
[142.009s] -- Symlinking: /workspaces/isaac_ros-dev/install/isaac_ros_image_proc/share/isaac_ros_image_proc/environment/path.sh
[142.017s] -- Symlinking: /workspaces/isaac_ros-dev/install/isaac_ros_image_proc/share/isaac_ros_image_proc/environment/path.dsv
[142.027s] -- Symlinking: /workspaces/isaac_ros-dev/install/isaac_ros_image_proc/share/isaac_ros_image_proc/local_setup.bash
[142.039s] -- Symlinking: /workspaces/isaac_ros-dev/install/isaac_ros_image_proc/share/isaac_ros_image_proc/local_setup.sh
[142.052s] -- Symlinking: /workspaces/isaac_ros-dev/install/isaac_ros_image_proc/share/isaac_ros_image_proc/local_setup.zsh
[142.064s] -- Symlinking: /workspaces/isaac_ros-dev/install/isaac_ros_image_proc/share/isaac_ros_image_proc/local_setup.dsv
[142.076s] -- Symlinking: /workspaces/isaac_ros-dev/install/isaac_ros_image_proc/share/isaac_ros_image_proc/package.dsv
[142.089s] -- Symlinking: /workspaces/isaac_ros-dev/install/isaac_ros_image_proc/share/ament_index/resource_index/packages/isaac_ros_image_proc
[142.096s] -- Symlinking: /workspaces/isaac_ros-dev/install/isaac_ros_image_proc/share/ament_index/resource_index/rclcpp_components/isaac_ros_image_proc
[142.104s] -- Symlinking: /workspaces/isaac_ros-dev/install/isaac_ros_image_proc/share/isaac_ros_image_proc/cmake/ament_cmake_export_dependencies-extras.cmake
[142.117s] -- Symlinking: /workspaces/isaac_ros-dev/install/isaac_ros_image_proc/share/isaac_ros_image_proc/cmake/ament_cmake_export_include_directories-extras.cmake
[142.130s] -- Symlinking: /workspaces/isaac_ros-dev/install/isaac_ros_image_proc/share/isaac_ros_image_proc/cmake/ament_cmake_export_libraries-extras.cmake
[142.143s] -- Symlinking: /workspaces/isaac_ros-dev/install/isaac_ros_image_proc/share/isaac_ros_image_proc/cmake/isaac_ros_image_procConfig.cmake
[142.155s] -- Symlinking: /workspaces/isaac_ros-dev/install/isaac_ros_image_proc/share/isaac_ros_image_proc/cmake/isaac_ros_image_procConfig-version.cmake
[142.167s] -- Symlinking: /workspaces/isaac_ros-dev/install/isaac_ros_image_proc/share/isaac_ros_image_proc/package.xml
[142.181s] Invoked command in '/workspaces/isaac_ros-dev/build/isaac_ros_image_proc' returned '0': AMENT_PREFIX_PATH=/workspaces/isaac_ros-dev/install/gxf_isaac_tensorops:${AMENT_PREFIX_PATH} CMAKE_PREFIX_PATH=/workspaces/isaac_ros-dev/install/isaac_ros_managed_nitros:/workspaces/isaac_ros-dev/install/isaac_ros_nitros_tensor_list_type:/workspaces/isaac_ros-dev/install/isaac_ros_nitros_image_type:/workspaces/isaac_ros-dev/install/isaac_ros_nitros_camera_info_type:/workspaces/isaac_ros-dev/install/isaac_ros_nitros:/workspaces/isaac_ros-dev/install/gxf_isaac_tensorops:/workspaces/isaac_ros-dev/install/gxf_isaac_messages:/workspaces/isaac_ros-dev/install/gxf_isaac_gxf_helpers:/workspaces/isaac_ros-dev/install/gxf_isaac_atlas:/workspaces/isaac_ros-dev/install/gxf_isaac_sight:/workspaces/isaac_ros-dev/install/gxf_isaac_optimizer:/workspaces/isaac_ros-dev/install/gxf_isaac_message_compositor:/workspaces/isaac_ros-dev/install/gxf_isaac_gems:/workspaces/isaac_ros-dev/install/isaac_ros_tensor_list_interfaces:/workspaces/isaac_ros-dev/install/isaac_ros_gxf:/workspaces/isaac_ros-dev/install/isaac_ros_common:/workspaces/isaac_ros-dev/install/isaac_ros_centerpose:/workspaces/isaac_ros-dev/install/isaac_ros_tensor_rt:/workspaces/isaac_ros-dev/install/isaac_ros_dnn_image_encoder:/workspaces/isaac_ros-dev/install/isaac_ros_tensor_proc:/workspaces/isaac_ros-dev/install/gxf_isaac_centerpose:/workspaces/isaac_ros-dev/install/isaac_ros_nitros_detection3_d_array_type:/workspaces/isaac_ros-dev/install/gxf_isaac_tensor_rt:/usr/local/libcudss-linux-0.3.0.9_cuda12-archive:/workspaces/isaac_ros-dev/install/isaac_ros_test:/opt/ros/humble LD_LIBRARY_PATH=/workspaces/isaac_ros-dev/install/isaac_ros_nitros_tensor_list_type/lib:/workspaces/isaac_ros-dev/install/isaac_ros_nitros_image_type/lib:/workspaces/isaac_ros-dev/install/isaac_ros_nitros_camera_info_type/lib:/workspaces/isaac_ros-dev/install/isaac_ros_nitros/lib:/workspaces/isaac_ros-dev/install/gxf_isaac_tensorops/lib:/workspaces/isaac_ros-dev/install/isaac_ros_tensor_list_interfaces/lib:/workspaces/isaac_ros-dev/install/isaac_ros_gxf/lib:/workspaces/isaac_ros-dev/install/isaac_ros_common/lib:/workspaces/isaac_ros-dev/install/isaac_ros_centerpose/lib:/workspaces/isaac_ros-dev/install/isaac_ros_tensor_rt/lib:/workspaces/isaac_ros-dev/install/isaac_ros_dnn_image_encoder/lib:/workspaces/isaac_ros-dev/install/isaac_ros_tensor_proc/lib:/workspaces/isaac_ros-dev/install/isaac_ros_managed_nitros/lib:/workspaces/isaac_ros-dev/install/gxf_isaac_centerpose/lib:/workspaces/isaac_ros-dev/install/isaac_ros_nitros_detection3_d_array_type/lib:/workspaces/isaac_ros-dev/install/gxf_isaac_tensor_rt/lib:/workspaces/isaac_ros-dev/install/gxf_isaac_sight/lib:/workspaces/isaac_ros-dev/install/gxf_isaac_optimizer/lib:/workspaces/isaac_ros-dev/install/gxf_isaac_messages/lib:/workspaces/isaac_ros-dev/install/gxf_isaac_message_compositor/lib:/workspaces/isaac_ros-dev/install/gxf_isaac_gxf_helpers/lib:/workspaces/isaac_ros-dev/install/gxf_isaac_atlas/lib:/workspaces/isaac_ros-dev/install/gxf_isaac_gems/lib:/opt/ros/humble/opt/rviz_ogre_vendor/lib:/opt/ros/humble/lib/x86_64-linux-gnu:/opt/ros/humble/lib:/usr/local/libcudss-linux-0.3.0.9_cuda12-archive/lib:/opt/hpcx/ucc/lib/:/opt/hpcx/ucx/lib/:/usr/local/cuda/compat/lib:/usr/local/nvidia/lib:/usr/local/nvidia/lib64:/opt/tritonserver/lib PYTHONPATH=/workspaces/isaac_ros-dev/build/isaac_ros_test:/workspaces/isaac_ros-dev/install/isaac_ros_test/lib/python3.10/site-packages:/workspaces/isaac_ros-dev/install/isaac_ros_tensor_list_interfaces/local/lib/python3.10/dist-packages:/workspaces/isaac_ros-dev/install/isaac_ros_common/local/lib/python3.10/dist-packages:/opt/ros/humble/lib/python3.10/site-packages:/opt/ros/humble/local/lib/python3.10/dist-packages:/opt/ros/humble/vcstool:/opt/tritonserver/backends/dali/wheel/dali _=/usr/bin/env /usr/bin/cmake --install /workspaces/isaac_ros-dev/build/isaac_ros_image_proc
