-- The C compiler identification is GNU 11.4.0
-- The CXX compiler identification is GNU 11.4.0
-- Detecting C compiler ABI info
-- Detecting C compiler ABI info - done
-- Check for working C compiler: /usr/bin/cc - skipped
-- Detecting C compile features
-- Detecting C compile features - done
-- Detecting CXX compiler ABI info
-- Detecting CXX compiler ABI info - done
-- Check for working CXX compiler: /usr/bin/c++ - skipped
-- Detecting CXX compile features
-- Detecting CXX compile features - done
-- Found ament_cmake_auto: 1.3.12 (/opt/ros/humble/share/ament_cmake_auto/cmake)
-- Found Python3: /usr/bin/python3 (found version "3.10.12") found components: Interpreter 
-- Override CMake install command with custom implementation using symlinks instead of copying resources
-- Found rosidl_generator_c: 3.1.7 (/opt/ros/humble/share/rosidl_generator_c/cmake)
-- Found rosidl_adapter: 3.1.7 (/opt/ros/humble/share/rosidl_adapter/cmake)
-- Found rosidl_generator_cpp: 3.1.7 (/opt/ros/humble/share/rosidl_generator_cpp/cmake)
-- Using all available rosidl_typesupport_c: rosidl_typesupport_fastrtps_c;rosidl_typesupport_introspection_c
-- Using all available rosidl_typesupport_cpp: rosidl_typesupport_fastrtps_cpp;rosidl_typesupport_introspection_cpp
-- Found rmw_implementation_cmake: 6.1.2 (/opt/ros/humble/share/rmw_implementation_cmake/cmake)
-- Found rmw_fastrtps_cpp: 6.2.9 (/opt/ros/humble/share/rmw_fastrtps_cpp/cmake)
-- Found OpenSSL: /usr/lib/x86_64-linux-gnu/libcrypto.so (found version "3.0.2")  
-- Found FastRTPS: /opt/ros/humble/include  
-- Using RMW implementation 'rmw_fastrtps_cpp' as default
-- Looking for pthread.h
-- Looking for pthread.h - found
-- Performing Test CMAKE_HAVE_LIBC_PTHREAD
-- Performing Test CMAKE_HAVE_LIBC_PTHREAD - Success
-- Found Threads: TRUE  
-- Loading isaac_ros_common extras
-- CMAKE_BUILD_TYPE: Release
-- Found CUDA: /usr/local/cuda (found version "12.6") 
-- CUDA architectures: 89;86;80;75;70
-- Configuring done
-- Generating done
-- Build files have been written to: /workspaces/isaac_ros-dev/build/isaac_ros_common
[ 25%] [32mBuilding CXX object CMakeFiles/isaac_ros_common.dir/src/vpi_utilities.cpp.o[0m
[ 50%] [34m[1mGenerating version information as YAML[0m
[ 75%] [32mBuilding CXX object CMakeFiles/isaac_ros_common.dir/src/qos.cpp.o[0m
[ 75%] Built target ament_cmake_python_symlink_isaac_ros_common
[ 75%] Built target generate_version_info_target_isaac_ros_common
running egg_info
creating isaac_ros_common.egg-info
writing isaac_ros_common.egg-info/PKG-INFO
writing dependency_links to isaac_ros_common.egg-info/dependency_links.txt
writing top-level names to isaac_ros_common.egg-info/top_level.txt
writing manifest file 'isaac_ros_common.egg-info/SOURCES.txt'
reading manifest file 'isaac_ros_common.egg-info/SOURCES.txt'
writing manifest file 'isaac_ros_common.egg-info/SOURCES.txt'
[ 75%] Built target ament_cmake_python_build_isaac_ros_common_egg
[100%] [32m[1mLinking CXX shared library libisaac_ros_common.so[0m
[100%] Built target isaac_ros_common
-- Install configuration: "Release"
-- Execute custom install script
-- Symlinking: /workspaces/isaac_ros-dev/install/isaac_ros_common/share/ament_index/resource_index/isaac_ros_common_cmake_path/isaac_ros_common
-- Symlinking: /workspaces/isaac_ros-dev/install/isaac_ros_common/share/isaac_ros_common/environment/pythonpath.sh
-- Symlinking: /workspaces/isaac_ros-dev/install/isaac_ros_common/share/isaac_ros_common/environment/pythonpath.dsv
-- Symlinking: /workspaces/isaac_ros-dev/install/isaac_ros_common/local/lib/python3.10/dist-packages/isaac_ros_common-3.2.5-py3.10.egg-info/PKG-INFO
-- Symlinking: /workspaces/isaac_ros-dev/install/isaac_ros_common/local/lib/python3.10/dist-packages/isaac_ros_common-3.2.5-py3.10.egg-info/SOURCES.txt
-- Symlinking: /workspaces/isaac_ros-dev/install/isaac_ros_common/local/lib/python3.10/dist-packages/isaac_ros_common-3.2.5-py3.10.egg-info/dependency_links.txt
-- Symlinking: /workspaces/isaac_ros-dev/install/isaac_ros_common/local/lib/python3.10/dist-packages/isaac_ros_common-3.2.5-py3.10.egg-info/top_level.txt
-- Symlinking: /workspaces/isaac_ros-dev/install/isaac_ros_common/local/lib/python3.10/dist-packages/isaac_ros_common/__init__.py
-- Symlinking: /workspaces/isaac_ros-dev/install/isaac_ros_common/local/lib/python3.10/dist-packages/isaac_ros_common/qos.py
-- Symlinking: /workspaces/isaac_ros-dev/install/isaac_ros_common/share/ament_index/resource_index/isaac_ros_common_scripts_path/isaac_ros_common
-- Symlinking: /workspaces/isaac_ros-dev/install/isaac_ros_common/share/isaac_ros_common/version_info.yaml
-- Symlinking: /workspaces/isaac_ros-dev/install/isaac_ros_common/include/isaac_ros_common/qos.hpp
-- Symlinking: /workspaces/isaac_ros-dev/install/isaac_ros_common/include/isaac_ros_common/vpi_utilities.hpp
-- Symlinking: /workspaces/isaac_ros-dev/install/isaac_ros_common/share/isaac_ros_common/environment/library_path.sh
-- Symlinking: /workspaces/isaac_ros-dev/install/isaac_ros_common/share/isaac_ros_common/environment/library_path.dsv
-- Symlinking: /workspaces/isaac_ros-dev/install/isaac_ros_common/lib/libisaac_ros_common.so
-- Symlinking: /workspaces/isaac_ros-dev/install/isaac_ros_common/share/isaac_ros_common/cmake/isaac_ros_common-extras-assets.cmake
-- Symlinking: /workspaces/isaac_ros-dev/install/isaac_ros_common/share/isaac_ros_common/cmake/isaac_ros_common-extras-modules.cmake
-- Symlinking: /workspaces/isaac_ros-dev/install/isaac_ros_common/share/isaac_ros_common/cmake/isaac_ros_common-extras.cmake
-- Symlinking: /workspaces/isaac_ros-dev/install/isaac_ros_common/share/isaac_ros_common/cmake/isaac_ros_common-version-info.cmake
-- Symlinking: /workspaces/isaac_ros-dev/install/isaac_ros_common/share/isaac_ros_common/cmake/modules/FindTENSORRT.cmake
-- Symlinking: /workspaces/isaac_ros-dev/install/isaac_ros_common/share/ament_index/resource_index/package_run_dependencies/isaac_ros_common
-- Symlinking: /workspaces/isaac_ros-dev/install/isaac_ros_common/share/ament_index/resource_index/parent_prefix_path/isaac_ros_common
-- Symlinking: /workspaces/isaac_ros-dev/install/isaac_ros_common/share/isaac_ros_common/environment/ament_prefix_path.sh
-- Symlinking: /workspaces/isaac_ros-dev/install/isaac_ros_common/share/isaac_ros_common/environment/ament_prefix_path.dsv
-- Symlinking: /workspaces/isaac_ros-dev/install/isaac_ros_common/share/isaac_ros_common/environment/path.sh
-- Symlinking: /workspaces/isaac_ros-dev/install/isaac_ros_common/share/isaac_ros_common/environment/path.dsv
-- Symlinking: /workspaces/isaac_ros-dev/install/isaac_ros_common/share/isaac_ros_common/local_setup.bash
-- Symlinking: /workspaces/isaac_ros-dev/install/isaac_ros_common/share/isaac_ros_common/local_setup.sh
-- Symlinking: /workspaces/isaac_ros-dev/install/isaac_ros_common/share/isaac_ros_common/local_setup.zsh
-- Symlinking: /workspaces/isaac_ros-dev/install/isaac_ros_common/share/isaac_ros_common/local_setup.dsv
-- Symlinking: /workspaces/isaac_ros-dev/install/isaac_ros_common/share/isaac_ros_common/package.dsv
-- Symlinking: /workspaces/isaac_ros-dev/install/isaac_ros_common/share/ament_index/resource_index/packages/isaac_ros_common
-- Up-to-date symlink: /workspaces/isaac_ros-dev/install/isaac_ros_common/share/isaac_ros_common/cmake/isaac_ros_common-version-info.cmake
-- Up-to-date symlink: /workspaces/isaac_ros-dev/install/isaac_ros_common/share/isaac_ros_common/cmake/isaac_ros_common-extras.cmake
-- Up-to-date symlink: /workspaces/isaac_ros-dev/install/isaac_ros_common/share/isaac_ros_common/cmake/isaac_ros_common-extras-modules.cmake
-- Up-to-date symlink: /workspaces/isaac_ros-dev/install/isaac_ros_common/share/isaac_ros_common/cmake/isaac_ros_common-extras-assets.cmake
-- Symlinking: /workspaces/isaac_ros-dev/install/isaac_ros_common/share/isaac_ros_common/cmake/ament_cmake_export_dependencies-extras.cmake
-- Symlinking: /workspaces/isaac_ros-dev/install/isaac_ros_common/share/isaac_ros_common/cmake/ament_cmake_export_include_directories-extras.cmake
-- Symlinking: /workspaces/isaac_ros-dev/install/isaac_ros_common/share/isaac_ros_common/cmake/ament_cmake_export_libraries-extras.cmake
-- Symlinking: /workspaces/isaac_ros-dev/install/isaac_ros_common/share/isaac_ros_common/cmake/isaac_ros_commonConfig.cmake
-- Symlinking: /workspaces/isaac_ros-dev/install/isaac_ros_common/share/isaac_ros_common/cmake/isaac_ros_commonConfig-version.cmake
-- Symlinking: /workspaces/isaac_ros-dev/install/isaac_ros_common/share/isaac_ros_common/package.xml
Listing '/workspaces/isaac_ros-dev/install/isaac_ros_common/local/lib/python3.10/dist-packages/isaac_ros_common'...
Compiling '/workspaces/isaac_ros-dev/install/isaac_ros_common/local/lib/python3.10/dist-packages/isaac_ros_common/__init__.py'...
Compiling '/workspaces/isaac_ros-dev/install/isaac_ros_common/local/lib/python3.10/dist-packages/isaac_ros_common/qos.py'...
-- Installing: /workspaces/isaac_ros-dev/install/isaac_ros_common/bin
-- Installing: /workspaces/isaac_ros-dev/install/isaac_ros_common/bin/isaac_ros_generate_bug_report.py
-- Installing: /workspaces/isaac_ros-dev/install/isaac_ros_common/bin/isaac_ros_version_embed.py
-- Installing: /workspaces/isaac_ros-dev/install/isaac_ros_common/bin/isaac_ros_asset_eula.sh
-- Installing: /workspaces/isaac_ros-dev/install/isaac_ros_common/bin/isaac_ros_common-version-info.py
