[0.016s] Invoking command in '/workspaces/isaac_ros-dev/build/gxf_isaac_atlas': AMENT_PREFIX_PATH=/workspaces/isaac_ros-dev/install/gxf_isaac_gems:/workspaces/isaac_ros-dev/install/isaac_ros_gxf:${AMENT_PREFIX_PATH} CMAKE_PREFIX_PATH=/workspaces/isaac_ros-dev/install/gxf_isaac_gems:/workspaces/isaac_ros-dev/install/isaac_ros_gxf:/workspaces/isaac_ros-dev/install/isaac_ros_common:/usr/local/libcudss-linux-0.3.0.9_cuda12-archive:/workspaces/isaac_ros-dev/install/isaac_ros_test:/workspaces/isaac_ros-dev/install/isaac_ros_launch_utils:/workspaces/isaac_ros-dev/install/isaac_common_py:/opt/ros/humble LD_LIBRARY_PATH=/workspaces/isaac_ros-dev/install/gxf_isaac_gems/lib:/workspaces/isaac_ros-dev/install/isaac_ros_gxf/lib:/workspaces/isaac_ros-dev/install/isaac_ros_common/lib:/opt/ros/humble/opt/openvdb_vendor/lib:/opt/ros/humble/opt/rviz_ogre_vendor/lib:/opt/ros/humble/lib/x86_64-linux-gnu:/opt/ros/humble/lib:/usr/local/libcudss-linux-0.3.0.9_cuda12-archive/lib:/opt/hpcx/ucc/lib/:/opt/hpcx/ucx/lib/:/usr/local/cuda/compat/lib:/usr/local/nvidia/lib:/usr/local/nvidia/lib64:/opt/tritonserver/lib /usr/bin/cmake /workspaces/isaac_ros-dev/src/isaac_ros_nitros/isaac_ros_gxf_extensions/gxf_isaac_atlas -DBUILD_TESTING=OFF -DAMENT_CMAKE_SYMLINK_INSTALL=1 -DCMAKE_INSTALL_PREFIX=/workspaces/isaac_ros-dev/install/gxf_isaac_atlas
[0.070s] -- The C compiler identification is GNU 11.4.0
[0.111s] -- The CXX compiler identification is GNU 11.4.0
[0.117s] -- Detecting C compiler ABI info
[0.170s] -- Detecting C compiler ABI info - done
[0.176s] -- Check for working C compiler: /usr/bin/cc - skipped
[0.176s] -- Detecting C compile features
[0.177s] -- Detecting C compile features - done
[0.180s] -- Detecting CXX compiler ABI info
[0.241s] -- Detecting CXX compiler ABI info - done
[0.247s] -- Check for working CXX compiler: /usr/bin/c++ - skipped
[0.247s] -- Detecting CXX compile features
[0.247s] -- Detecting CXX compile features - done
[0.250s] -- Found ament_cmake_auto: 1.3.12 (/opt/ros/humble/share/ament_cmake_auto/cmake)
[0.745s] -- Found Python3: /usr/bin/python3 (found version "3.10.12") found components: Interpreter 
[0.794s] -- Override CMake install command with custom implementation using symlinks instead of copying resources
[0.903s] -- Loading isaac_ros_common extras
[0.903s] -- CMAKE_BUILD_TYPE: Release
[0.915s] -- Looking for pthread.h
[0.975s] -- Looking for pthread.h - found
[0.975s] -- Performing Test CMAKE_HAVE_LIBC_PTHREAD
[1.037s] -- Performing Test CMAKE_HAVE_LIBC_PTHREAD - Success
[1.038s] -- Found Threads: TRUE  
[1.060s] -- Found CUDA: /usr/local/cuda (found version "12.6") 
[1.061s] -- CUDA architectures: 89;86;80;75;70
[1.061s] -- Loading isaac_ros_common extras (modules)
[1.112s] -- Found rosidl_generator_c: 3.1.7 (/opt/ros/humble/share/rosidl_generator_c/cmake)
[1.119s] -- Found rosidl_adapter: 3.1.7 (/opt/ros/humble/share/rosidl_adapter/cmake)
[1.128s] -- Found rosidl_generator_cpp: 3.1.7 (/opt/ros/humble/share/rosidl_generator_cpp/cmake)
[1.140s] -- Using all available rosidl_typesupport_c: rosidl_typesupport_fastrtps_c;rosidl_typesupport_introspection_c
[1.157s] -- Using all available rosidl_typesupport_cpp: rosidl_typesupport_fastrtps_cpp;rosidl_typesupport_introspection_cpp
[1.202s] -- Found rmw_implementation_cmake: 6.1.2 (/opt/ros/humble/share/rmw_implementation_cmake/cmake)
[1.206s] -- Found rmw_fastrtps_cpp: 6.2.9 (/opt/ros/humble/share/rmw_fastrtps_cpp/cmake)
[1.293s] -- Found OpenSSL: /usr/lib/x86_64-linux-gnu/libcrypto.so (found version "3.0.2")  
[1.317s] -- Found FastRTPS: /opt/ros/humble/include  
[1.365s] -- Using RMW implementation 'rmw_fastrtps_cpp' as default
[1.418s] -- Loading isaac_ros_gxf extras
[1.472s] -- Configuring done
[1.476s] -- Generating done
[1.477s] -- Build files have been written to: /workspaces/isaac_ros-dev/build/gxf_isaac_atlas
[1.484s] Invoked command in '/workspaces/isaac_ros-dev/build/gxf_isaac_atlas' returned '0': AMENT_PREFIX_PATH=/workspaces/isaac_ros-dev/install/gxf_isaac_gems:/workspaces/isaac_ros-dev/install/isaac_ros_gxf:${AMENT_PREFIX_PATH} CMAKE_PREFIX_PATH=/workspaces/isaac_ros-dev/install/gxf_isaac_gems:/workspaces/isaac_ros-dev/install/isaac_ros_gxf:/workspaces/isaac_ros-dev/install/isaac_ros_common:/usr/local/libcudss-linux-0.3.0.9_cuda12-archive:/workspaces/isaac_ros-dev/install/isaac_ros_test:/workspaces/isaac_ros-dev/install/isaac_ros_launch_utils:/workspaces/isaac_ros-dev/install/isaac_common_py:/opt/ros/humble LD_LIBRARY_PATH=/workspaces/isaac_ros-dev/install/gxf_isaac_gems/lib:/workspaces/isaac_ros-dev/install/isaac_ros_gxf/lib:/workspaces/isaac_ros-dev/install/isaac_ros_common/lib:/opt/ros/humble/opt/openvdb_vendor/lib:/opt/ros/humble/opt/rviz_ogre_vendor/lib:/opt/ros/humble/lib/x86_64-linux-gnu:/opt/ros/humble/lib:/usr/local/libcudss-linux-0.3.0.9_cuda12-archive/lib:/opt/hpcx/ucc/lib/:/opt/hpcx/ucx/lib/:/usr/local/cuda/compat/lib:/usr/local/nvidia/lib:/usr/local/nvidia/lib64:/opt/tritonserver/lib /usr/bin/cmake /workspaces/isaac_ros-dev/src/isaac_ros_nitros/isaac_ros_gxf_extensions/gxf_isaac_atlas -DBUILD_TESTING=OFF -DAMENT_CMAKE_SYMLINK_INSTALL=1 -DCMAKE_INSTALL_PREFIX=/workspaces/isaac_ros-dev/install/gxf_isaac_atlas
[1.486s] Invoking command in '/workspaces/isaac_ros-dev/build/gxf_isaac_atlas': AMENT_PREFIX_PATH=/workspaces/isaac_ros-dev/install/gxf_isaac_gems:/workspaces/isaac_ros-dev/install/isaac_ros_gxf:${AMENT_PREFIX_PATH} CMAKE_PREFIX_PATH=/workspaces/isaac_ros-dev/install/gxf_isaac_gems:/workspaces/isaac_ros-dev/install/isaac_ros_gxf:/workspaces/isaac_ros-dev/install/isaac_ros_common:/usr/local/libcudss-linux-0.3.0.9_cuda12-archive:/workspaces/isaac_ros-dev/install/isaac_ros_test:/workspaces/isaac_ros-dev/install/isaac_ros_launch_utils:/workspaces/isaac_ros-dev/install/isaac_common_py:/opt/ros/humble LD_LIBRARY_PATH=/workspaces/isaac_ros-dev/install/gxf_isaac_gems/lib:/workspaces/isaac_ros-dev/install/isaac_ros_gxf/lib:/workspaces/isaac_ros-dev/install/isaac_ros_common/lib:/opt/ros/humble/opt/openvdb_vendor/lib:/opt/ros/humble/opt/rviz_ogre_vendor/lib:/opt/ros/humble/lib/x86_64-linux-gnu:/opt/ros/humble/lib:/usr/local/libcudss-linux-0.3.0.9_cuda12-archive/lib:/opt/hpcx/ucc/lib/:/opt/hpcx/ucx/lib/:/usr/local/cuda/compat/lib:/usr/local/nvidia/lib:/usr/local/nvidia/lib64:/opt/tritonserver/lib /usr/bin/cmake --build /workspaces/isaac_ros-dev/build/gxf_isaac_atlas -- -j16 -l16
[1.531s] [100%] [34m[1mGenerating version information as YAML[0m
[1.593s] [100%] Built target generate_version_info_target_gxf_isaac_atlas
[1.602s] Invoked command in '/workspaces/isaac_ros-dev/build/gxf_isaac_atlas' returned '0': AMENT_PREFIX_PATH=/workspaces/isaac_ros-dev/install/gxf_isaac_gems:/workspaces/isaac_ros-dev/install/isaac_ros_gxf:${AMENT_PREFIX_PATH} CMAKE_PREFIX_PATH=/workspaces/isaac_ros-dev/install/gxf_isaac_gems:/workspaces/isaac_ros-dev/install/isaac_ros_gxf:/workspaces/isaac_ros-dev/install/isaac_ros_common:/usr/local/libcudss-linux-0.3.0.9_cuda12-archive:/workspaces/isaac_ros-dev/install/isaac_ros_test:/workspaces/isaac_ros-dev/install/isaac_ros_launch_utils:/workspaces/isaac_ros-dev/install/isaac_common_py:/opt/ros/humble LD_LIBRARY_PATH=/workspaces/isaac_ros-dev/install/gxf_isaac_gems/lib:/workspaces/isaac_ros-dev/install/isaac_ros_gxf/lib:/workspaces/isaac_ros-dev/install/isaac_ros_common/lib:/opt/ros/humble/opt/openvdb_vendor/lib:/opt/ros/humble/opt/rviz_ogre_vendor/lib:/opt/ros/humble/lib/x86_64-linux-gnu:/opt/ros/humble/lib:/usr/local/libcudss-linux-0.3.0.9_cuda12-archive/lib:/opt/hpcx/ucc/lib/:/opt/hpcx/ucx/lib/:/usr/local/cuda/compat/lib:/usr/local/nvidia/lib:/usr/local/nvidia/lib64:/opt/tritonserver/lib /usr/bin/cmake --build /workspaces/isaac_ros-dev/build/gxf_isaac_atlas -- -j16 -l16
[1.603s] Invoking command in '/workspaces/isaac_ros-dev/build/gxf_isaac_atlas': AMENT_PREFIX_PATH=/workspaces/isaac_ros-dev/install/gxf_isaac_gems:/workspaces/isaac_ros-dev/install/isaac_ros_gxf:${AMENT_PREFIX_PATH} CMAKE_PREFIX_PATH=/workspaces/isaac_ros-dev/install/gxf_isaac_gems:/workspaces/isaac_ros-dev/install/isaac_ros_gxf:/workspaces/isaac_ros-dev/install/isaac_ros_common:/usr/local/libcudss-linux-0.3.0.9_cuda12-archive:/workspaces/isaac_ros-dev/install/isaac_ros_test:/workspaces/isaac_ros-dev/install/isaac_ros_launch_utils:/workspaces/isaac_ros-dev/install/isaac_common_py:/opt/ros/humble LD_LIBRARY_PATH=/workspaces/isaac_ros-dev/install/gxf_isaac_gems/lib:/workspaces/isaac_ros-dev/install/isaac_ros_gxf/lib:/workspaces/isaac_ros-dev/install/isaac_ros_common/lib:/opt/ros/humble/opt/openvdb_vendor/lib:/opt/ros/humble/opt/rviz_ogre_vendor/lib:/opt/ros/humble/lib/x86_64-linux-gnu:/opt/ros/humble/lib:/usr/local/libcudss-linux-0.3.0.9_cuda12-archive/lib:/opt/hpcx/ucc/lib/:/opt/hpcx/ucx/lib/:/usr/local/cuda/compat/lib:/usr/local/nvidia/lib:/usr/local/nvidia/lib64:/opt/tritonserver/lib /usr/bin/cmake --install /workspaces/isaac_ros-dev/build/gxf_isaac_atlas
[1.609s] -- Install configuration: "Release"
[1.609s] -- Execute custom install script
[1.609s] -- Symlinking: /workspaces/isaac_ros-dev/install/gxf_isaac_atlas/share/gxf_isaac_atlas/gxf/lib/libgxf_isaac_atlas.so
[1.617s] -- Symlinking: /workspaces/isaac_ros-dev/install/gxf_isaac_atlas/share/gxf_isaac_atlas/gxf/include/extensions/atlas/composite_schema_server.hpp
[1.624s] -- Symlinking: /workspaces/isaac_ros-dev/install/gxf_isaac_atlas/share/gxf_isaac_atlas/gxf/include/extensions/atlas/pose_tree_frame.hpp
[1.631s] -- Symlinking: /workspaces/isaac_ros-dev/install/gxf_isaac_atlas/share/gxf_isaac_atlas/environment/library_path.sh
[1.639s] -- Symlinking: /workspaces/isaac_ros-dev/install/gxf_isaac_atlas/share/gxf_isaac_atlas/environment/library_path.dsv
[1.649s] -- Symlinking: /workspaces/isaac_ros-dev/install/gxf_isaac_atlas/share/gxf_isaac_atlas/version_info.yaml
[1.659s] -- Symlinking: /workspaces/isaac_ros-dev/install/gxf_isaac_atlas/share/ament_index/resource_index/package_run_dependencies/gxf_isaac_atlas
[1.668s] -- Symlinking: /workspaces/isaac_ros-dev/install/gxf_isaac_atlas/share/ament_index/resource_index/parent_prefix_path/gxf_isaac_atlas
[1.675s] -- Symlinking: /workspaces/isaac_ros-dev/install/gxf_isaac_atlas/share/gxf_isaac_atlas/environment/ament_prefix_path.sh
[1.684s] -- Symlinking: /workspaces/isaac_ros-dev/install/gxf_isaac_atlas/share/gxf_isaac_atlas/environment/ament_prefix_path.dsv
[1.693s] -- Symlinking: /workspaces/isaac_ros-dev/install/gxf_isaac_atlas/share/gxf_isaac_atlas/environment/path.sh
[1.702s] -- Symlinking: /workspaces/isaac_ros-dev/install/gxf_isaac_atlas/share/gxf_isaac_atlas/environment/path.dsv
[1.713s] -- Symlinking: /workspaces/isaac_ros-dev/install/gxf_isaac_atlas/share/gxf_isaac_atlas/local_setup.bash
[1.720s] -- Symlinking: /workspaces/isaac_ros-dev/install/gxf_isaac_atlas/share/gxf_isaac_atlas/local_setup.sh
[1.729s] -- Symlinking: /workspaces/isaac_ros-dev/install/gxf_isaac_atlas/share/gxf_isaac_atlas/local_setup.zsh
[1.737s] -- Symlinking: /workspaces/isaac_ros-dev/install/gxf_isaac_atlas/share/gxf_isaac_atlas/local_setup.dsv
[1.744s] -- Symlinking: /workspaces/isaac_ros-dev/install/gxf_isaac_atlas/share/gxf_isaac_atlas/package.dsv
[1.751s] -- Symlinking: /workspaces/isaac_ros-dev/install/gxf_isaac_atlas/share/ament_index/resource_index/packages/gxf_isaac_atlas
[1.757s] -- Symlinking: /workspaces/isaac_ros-dev/install/gxf_isaac_atlas/share/gxf_isaac_atlas/cmake/ament_cmake_export_targets-extras.cmake
[1.764s] -- Symlinking: /workspaces/isaac_ros-dev/install/gxf_isaac_atlas/share/gxf_isaac_atlas/cmake/ament_cmake_export_dependencies-extras.cmake
[1.771s] -- Symlinking: /workspaces/isaac_ros-dev/install/gxf_isaac_atlas/share/gxf_isaac_atlas/cmake/gxf_isaac_atlasConfig.cmake
[1.777s] -- Symlinking: /workspaces/isaac_ros-dev/install/gxf_isaac_atlas/share/gxf_isaac_atlas/cmake/gxf_isaac_atlasConfig-version.cmake
[1.783s] -- Symlinking: /workspaces/isaac_ros-dev/install/gxf_isaac_atlas/share/gxf_isaac_atlas/package.xml
[1.790s] -- Installing: /workspaces/isaac_ros-dev/install/gxf_isaac_atlas/share/gxf_isaac_atlas/cmake/export_gxf_isaac_atlasExport.cmake
[1.791s] Invoked command in '/workspaces/isaac_ros-dev/build/gxf_isaac_atlas' returned '0': AMENT_PREFIX_PATH=/workspaces/isaac_ros-dev/install/gxf_isaac_gems:/workspaces/isaac_ros-dev/install/isaac_ros_gxf:${AMENT_PREFIX_PATH} CMAKE_PREFIX_PATH=/workspaces/isaac_ros-dev/install/gxf_isaac_gems:/workspaces/isaac_ros-dev/install/isaac_ros_gxf:/workspaces/isaac_ros-dev/install/isaac_ros_common:/usr/local/libcudss-linux-0.3.0.9_cuda12-archive:/workspaces/isaac_ros-dev/install/isaac_ros_test:/workspaces/isaac_ros-dev/install/isaac_ros_launch_utils:/workspaces/isaac_ros-dev/install/isaac_common_py:/opt/ros/humble LD_LIBRARY_PATH=/workspaces/isaac_ros-dev/install/gxf_isaac_gems/lib:/workspaces/isaac_ros-dev/install/isaac_ros_gxf/lib:/workspaces/isaac_ros-dev/install/isaac_ros_common/lib:/opt/ros/humble/opt/openvdb_vendor/lib:/opt/ros/humble/opt/rviz_ogre_vendor/lib:/opt/ros/humble/lib/x86_64-linux-gnu:/opt/ros/humble/lib:/usr/local/libcudss-linux-0.3.0.9_cuda12-archive/lib:/opt/hpcx/ucc/lib/:/opt/hpcx/ucx/lib/:/usr/local/cuda/compat/lib:/usr/local/nvidia/lib:/usr/local/nvidia/lib64:/opt/tritonserver/lib /usr/bin/cmake --install /workspaces/isaac_ros-dev/build/gxf_isaac_atlas
