[0.026s] Invoking command in '/workspaces/isaac_ros-dev/build/isaac_ros_nitros': AMENT_PREFIX_PATH=/workspaces/isaac_ros-dev/install/gxf_isaac_gxf_helpers:/workspaces/isaac_ros-dev/install/gxf_isaac_atlas:/workspaces/isaac_ros-dev/install/gxf_isaac_sight:/workspaces/isaac_ros-dev/install/gxf_isaac_optimizer:/workspaces/isaac_ros-dev/install/gxf_isaac_message_compositor:/workspaces/isaac_ros-dev/install/gxf_isaac_gems:/workspaces/isaac_ros-dev/install/isaac_ros_test:/workspaces/isaac_ros-dev/install/isaac_ros_gxf:/workspaces/isaac_ros-dev/install/isaac_ros_launch_utils:/workspaces/isaac_ros-dev/install/isaac_ros_common:/workspaces/isaac_ros-dev/install/isaac_common_py:/opt/ros/humble CMAKE_PREFIX_PATH=/workspaces/isaac_ros-dev/install/gxf_isaac_gxf_helpers:/workspaces/isaac_ros-dev/install/gxf_isaac_atlas:/workspaces/isaac_ros-dev/install/gxf_isaac_sight:/workspaces/isaac_ros-dev/install/gxf_isaac_optimizer:/workspaces/isaac_ros-dev/install/gxf_isaac_message_compositor:/workspaces/isaac_ros-dev/install/gxf_isaac_gems:/workspaces/isaac_ros-dev/install/isaac_ros_gxf:/workspaces/isaac_ros-dev/install/isaac_ros_common:/usr/local/libcudss-linux-0.3.0.9_cuda12-archive:/workspaces/isaac_ros-dev/install/isaac_ros_test:/workspaces/isaac_ros-dev/install/isaac_ros_launch_utils:/workspaces/isaac_ros-dev/install/isaac_common_py:/opt/ros/humble LD_LIBRARY_PATH=/workspaces/isaac_ros-dev/install/gxf_isaac_gxf_helpers/lib:/workspaces/isaac_ros-dev/install/gxf_isaac_atlas/lib:/workspaces/isaac_ros-dev/install/gxf_isaac_sight/lib:/workspaces/isaac_ros-dev/install/gxf_isaac_optimizer/lib:/workspaces/isaac_ros-dev/install/gxf_isaac_message_compositor/lib:/workspaces/isaac_ros-dev/install/gxf_isaac_gems/lib:/workspaces/isaac_ros-dev/install/isaac_ros_gxf/lib:/workspaces/isaac_ros-dev/install/isaac_ros_common/lib:/opt/ros/humble/opt/openvdb_vendor/lib:/opt/ros/humble/opt/rviz_ogre_vendor/lib:/opt/ros/humble/lib/x86_64-linux-gnu:/opt/ros/humble/lib:/usr/local/libcudss-linux-0.3.0.9_cuda12-archive/lib:/opt/hpcx/ucc/lib/:/opt/hpcx/ucx/lib/:/usr/local/cuda/compat/lib:/usr/local/nvidia/lib:/usr/local/nvidia/lib64:/opt/tritonserver/lib PYTHONPATH=/workspaces/isaac_ros-dev/build/isaac_ros_test:/workspaces/isaac_ros-dev/install/isaac_ros_test/lib/python3.10/site-packages:/workspaces/isaac_ros-dev/build/isaac_ros_launch_utils:/workspaces/isaac_ros-dev/install/isaac_ros_launch_utils/lib/python3.10/site-packages:/workspaces/isaac_ros-dev/install/isaac_ros_common/local/lib/python3.10/dist-packages:/workspaces/isaac_ros-dev/build/isaac_common_py:/workspaces/isaac_ros-dev/install/isaac_common_py/lib/python3.10/site-packages:/opt/ros/humble/lib/python3.10/site-packages:/opt/ros/humble/local/lib/python3.10/dist-packages:/opt/ros/humble/vcstool:/opt/tritonserver/backends/dali/wheel/dali /usr/bin/cmake /workspaces/isaac_ros-dev/src/isaac_ros_nitros/isaac_ros_nitros -DBUILD_TESTING=OFF -DAMENT_CMAKE_SYMLINK_INSTALL=1 -DCMAKE_INSTALL_PREFIX=/workspaces/isaac_ros-dev/install/isaac_ros_nitros
[0.081s] -- The C compiler identification is GNU 11.4.0
[0.123s] -- The CXX compiler identification is GNU 11.4.0
[0.128s] -- Detecting C compiler ABI info
[0.189s] -- Detecting C compiler ABI info - done
[0.196s] -- Check for working C compiler: /usr/bin/cc - skipped
[0.196s] -- Detecting C compile features
[0.197s] -- Detecting C compile features - done
[0.199s] -- Detecting CXX compiler ABI info
[0.264s] -- Detecting CXX compiler ABI info - done
[0.270s] -- Check for working CXX compiler: /usr/bin/c++ - skipped
[0.270s] -- Detecting CXX compile features
[0.271s] -- Detecting CXX compile features - done
[0.274s] -- Found ament_cmake_auto: 1.3.12 (/opt/ros/humble/share/ament_cmake_auto/cmake)
[0.772s] -- Found Python3: /usr/bin/python3 (found version "3.10.12") found components: Interpreter 
[0.818s] -- Override CMake install command with custom implementation using symlinks instead of copying resources
[0.924s] -- Loading isaac_ros_common extras
[0.925s] -- CMAKE_BUILD_TYPE: Release
[0.938s] -- Looking for pthread.h
[1.010s] -- Looking for pthread.h - found
[1.010s] -- Performing Test CMAKE_HAVE_LIBC_PTHREAD
[1.071s] -- Performing Test CMAKE_HAVE_LIBC_PTHREAD - Success
[1.071s] -- Found Threads: TRUE  
[1.085s] -- Found CUDA: /usr/local/cuda (found version "12.6") 
[1.086s] -- CUDA architectures: 89;86;80;75;70
[1.086s] -- Loading isaac_ros_common extras (modules)
[1.130s] -- Found rosidl_generator_c: 3.1.7 (/opt/ros/humble/share/rosidl_generator_c/cmake)
[1.137s] -- Found rosidl_adapter: 3.1.7 (/opt/ros/humble/share/rosidl_adapter/cmake)
[1.146s] -- Found rosidl_generator_cpp: 3.1.7 (/opt/ros/humble/share/rosidl_generator_cpp/cmake)
[1.158s] -- Using all available rosidl_typesupport_c: rosidl_typesupport_fastrtps_c;rosidl_typesupport_introspection_c
[1.175s] -- Using all available rosidl_typesupport_cpp: rosidl_typesupport_fastrtps_cpp;rosidl_typesupport_introspection_cpp
[1.226s] -- Found rmw_implementation_cmake: 6.1.2 (/opt/ros/humble/share/rmw_implementation_cmake/cmake)
[1.230s] -- Found rmw_fastrtps_cpp: 6.2.9 (/opt/ros/humble/share/rmw_fastrtps_cpp/cmake)
[1.325s] -- Found OpenSSL: /usr/lib/x86_64-linux-gnu/libcrypto.so (found version "3.0.2")  
[1.355s] -- Found FastRTPS: /opt/ros/humble/include  
[1.410s] -- Using RMW implementation 'rmw_fastrtps_cpp' as default
[1.524s] -- Loading isaac_ros_gxf extras
[1.595s] [0mIn this package, headers install destination is set to `include` by ament_auto_package. It is recommended to install `include/isaac_ros_nitros` instead and will be the default behavior of ament_auto_package from ROS 2 Kilted Kaiju. On distributions before Kilted, ament_auto_package behaves the same way when you use USE_SCOPED_HEADER_INSTALL_DIR option.[0m
[1.600s] -- Configuring done
[1.618s] -- Generating done
[1.621s] -- Build files have been written to: /workspaces/isaac_ros-dev/build/isaac_ros_nitros
[1.630s] Invoked command in '/workspaces/isaac_ros-dev/build/isaac_ros_nitros' returned '0': AMENT_PREFIX_PATH=/workspaces/isaac_ros-dev/install/gxf_isaac_gxf_helpers:/workspaces/isaac_ros-dev/install/gxf_isaac_atlas:/workspaces/isaac_ros-dev/install/gxf_isaac_sight:/workspaces/isaac_ros-dev/install/gxf_isaac_optimizer:/workspaces/isaac_ros-dev/install/gxf_isaac_message_compositor:/workspaces/isaac_ros-dev/install/gxf_isaac_gems:/workspaces/isaac_ros-dev/install/isaac_ros_test:/workspaces/isaac_ros-dev/install/isaac_ros_gxf:/workspaces/isaac_ros-dev/install/isaac_ros_launch_utils:/workspaces/isaac_ros-dev/install/isaac_ros_common:/workspaces/isaac_ros-dev/install/isaac_common_py:/opt/ros/humble CMAKE_PREFIX_PATH=/workspaces/isaac_ros-dev/install/gxf_isaac_gxf_helpers:/workspaces/isaac_ros-dev/install/gxf_isaac_atlas:/workspaces/isaac_ros-dev/install/gxf_isaac_sight:/workspaces/isaac_ros-dev/install/gxf_isaac_optimizer:/workspaces/isaac_ros-dev/install/gxf_isaac_message_compositor:/workspaces/isaac_ros-dev/install/gxf_isaac_gems:/workspaces/isaac_ros-dev/install/isaac_ros_gxf:/workspaces/isaac_ros-dev/install/isaac_ros_common:/usr/local/libcudss-linux-0.3.0.9_cuda12-archive:/workspaces/isaac_ros-dev/install/isaac_ros_test:/workspaces/isaac_ros-dev/install/isaac_ros_launch_utils:/workspaces/isaac_ros-dev/install/isaac_common_py:/opt/ros/humble LD_LIBRARY_PATH=/workspaces/isaac_ros-dev/install/gxf_isaac_gxf_helpers/lib:/workspaces/isaac_ros-dev/install/gxf_isaac_atlas/lib:/workspaces/isaac_ros-dev/install/gxf_isaac_sight/lib:/workspaces/isaac_ros-dev/install/gxf_isaac_optimizer/lib:/workspaces/isaac_ros-dev/install/gxf_isaac_message_compositor/lib:/workspaces/isaac_ros-dev/install/gxf_isaac_gems/lib:/workspaces/isaac_ros-dev/install/isaac_ros_gxf/lib:/workspaces/isaac_ros-dev/install/isaac_ros_common/lib:/opt/ros/humble/opt/openvdb_vendor/lib:/opt/ros/humble/opt/rviz_ogre_vendor/lib:/opt/ros/humble/lib/x86_64-linux-gnu:/opt/ros/humble/lib:/usr/local/libcudss-linux-0.3.0.9_cuda12-archive/lib:/opt/hpcx/ucc/lib/:/opt/hpcx/ucx/lib/:/usr/local/cuda/compat/lib:/usr/local/nvidia/lib:/usr/local/nvidia/lib64:/opt/tritonserver/lib PYTHONPATH=/workspaces/isaac_ros-dev/build/isaac_ros_test:/workspaces/isaac_ros-dev/install/isaac_ros_test/lib/python3.10/site-packages:/workspaces/isaac_ros-dev/build/isaac_ros_launch_utils:/workspaces/isaac_ros-dev/install/isaac_ros_launch_utils/lib/python3.10/site-packages:/workspaces/isaac_ros-dev/install/isaac_ros_common/local/lib/python3.10/dist-packages:/workspaces/isaac_ros-dev/build/isaac_common_py:/workspaces/isaac_ros-dev/install/isaac_common_py/lib/python3.10/site-packages:/opt/ros/humble/lib/python3.10/site-packages:/opt/ros/humble/local/lib/python3.10/dist-packages:/opt/ros/humble/vcstool:/opt/tritonserver/backends/dali/wheel/dali /usr/bin/cmake /workspaces/isaac_ros-dev/src/isaac_ros_nitros/isaac_ros_nitros -DBUILD_TESTING=OFF -DAMENT_CMAKE_SYMLINK_INSTALL=1 -DCMAKE_INSTALL_PREFIX=/workspaces/isaac_ros-dev/install/isaac_ros_nitros
[1.631s] Invoking command in '/workspaces/isaac_ros-dev/build/isaac_ros_nitros': AMENT_PREFIX_PATH=/workspaces/isaac_ros-dev/install/gxf_isaac_gxf_helpers:/workspaces/isaac_ros-dev/install/gxf_isaac_atlas:/workspaces/isaac_ros-dev/install/gxf_isaac_sight:/workspaces/isaac_ros-dev/install/gxf_isaac_optimizer:/workspaces/isaac_ros-dev/install/gxf_isaac_message_compositor:/workspaces/isaac_ros-dev/install/gxf_isaac_gems:/workspaces/isaac_ros-dev/install/isaac_ros_test:/workspaces/isaac_ros-dev/install/isaac_ros_gxf:/workspaces/isaac_ros-dev/install/isaac_ros_launch_utils:/workspaces/isaac_ros-dev/install/isaac_ros_common:/workspaces/isaac_ros-dev/install/isaac_common_py:/opt/ros/humble CMAKE_PREFIX_PATH=/workspaces/isaac_ros-dev/install/gxf_isaac_gxf_helpers:/workspaces/isaac_ros-dev/install/gxf_isaac_atlas:/workspaces/isaac_ros-dev/install/gxf_isaac_sight:/workspaces/isaac_ros-dev/install/gxf_isaac_optimizer:/workspaces/isaac_ros-dev/install/gxf_isaac_message_compositor:/workspaces/isaac_ros-dev/install/gxf_isaac_gems:/workspaces/isaac_ros-dev/install/isaac_ros_gxf:/workspaces/isaac_ros-dev/install/isaac_ros_common:/usr/local/libcudss-linux-0.3.0.9_cuda12-archive:/workspaces/isaac_ros-dev/install/isaac_ros_test:/workspaces/isaac_ros-dev/install/isaac_ros_launch_utils:/workspaces/isaac_ros-dev/install/isaac_common_py:/opt/ros/humble LD_LIBRARY_PATH=/workspaces/isaac_ros-dev/install/gxf_isaac_gxf_helpers/lib:/workspaces/isaac_ros-dev/install/gxf_isaac_atlas/lib:/workspaces/isaac_ros-dev/install/gxf_isaac_sight/lib:/workspaces/isaac_ros-dev/install/gxf_isaac_optimizer/lib:/workspaces/isaac_ros-dev/install/gxf_isaac_message_compositor/lib:/workspaces/isaac_ros-dev/install/gxf_isaac_gems/lib:/workspaces/isaac_ros-dev/install/isaac_ros_gxf/lib:/workspaces/isaac_ros-dev/install/isaac_ros_common/lib:/opt/ros/humble/opt/openvdb_vendor/lib:/opt/ros/humble/opt/rviz_ogre_vendor/lib:/opt/ros/humble/lib/x86_64-linux-gnu:/opt/ros/humble/lib:/usr/local/libcudss-linux-0.3.0.9_cuda12-archive/lib:/opt/hpcx/ucc/lib/:/opt/hpcx/ucx/lib/:/usr/local/cuda/compat/lib:/usr/local/nvidia/lib:/usr/local/nvidia/lib64:/opt/tritonserver/lib PYTHONPATH=/workspaces/isaac_ros-dev/build/isaac_ros_test:/workspaces/isaac_ros-dev/install/isaac_ros_test/lib/python3.10/site-packages:/workspaces/isaac_ros-dev/build/isaac_ros_launch_utils:/workspaces/isaac_ros-dev/install/isaac_ros_launch_utils/lib/python3.10/site-packages:/workspaces/isaac_ros-dev/install/isaac_ros_common/local/lib/python3.10/dist-packages:/workspaces/isaac_ros-dev/build/isaac_common_py:/workspaces/isaac_ros-dev/install/isaac_common_py/lib/python3.10/site-packages:/opt/ros/humble/lib/python3.10/site-packages:/opt/ros/humble/local/lib/python3.10/dist-packages:/opt/ros/humble/vcstool:/opt/tritonserver/backends/dali/wheel/dali /usr/bin/cmake --build /workspaces/isaac_ros-dev/build/isaac_ros_nitros -- -j16 -l16
[1.680s] [  9%] [32mBuilding CXX object CMakeFiles/isaac_ros_nitros.dir/src/nitros_node.cpp.o[0m
[1.681s] [ 18%] [32mBuilding CXX object CMakeFiles/isaac_ros_nitros.dir/src/nitros_context.cpp.o[0m
[1.683s] [ 27%] [32mBuilding CXX object CMakeFiles/isaac_ros_nitros.dir/src/nitros_publisher.cpp.o[0m
[1.684s] [ 36%] [32mBuilding CXX object CMakeFiles/isaac_ros_nitros.dir/src/utils/vpi_utilities.cpp.o[0m
[1.684s] [ 45%] [32mBuilding CXX object CMakeFiles/isaac_ros_nitros.dir/src/types/nitros_empty.cpp.o[0m
[1.685s] [ 54%] [32mBuilding CXX object CMakeFiles/isaac_ros_nitros.dir/src/nitros_subscriber.cpp.o[0m
[1.686s] [ 63%] [32mBuilding CXX object CMakeFiles/isaac_ros_nitros.dir/src/types/type_adapter_nitros_context.cpp.o[0m
[1.690s] [ 72%] [34m[1mGenerating version information as YAML[0m
[1.690s] [ 81%] [32mBuilding CXX object CMakeFiles/isaac_ros_nitros.dir/src/types/nitros_type_base.cpp.o[0m
[1.691s] [ 90%] [32mBuilding CXX object CMakeFiles/isaac_ros_nitros.dir/src/nitros_publisher_subscriber_group.cpp.o[0m
[1.797s] [ 90%] Built target generate_version_info_target_isaac_ros_nitros
[9.291s] [100%] [32m[1mLinking CXX shared library libisaac_ros_nitros.so[0m
[9.454s] [100%] Built target isaac_ros_nitros
[9.465s] Invoked command in '/workspaces/isaac_ros-dev/build/isaac_ros_nitros' returned '0': AMENT_PREFIX_PATH=/workspaces/isaac_ros-dev/install/gxf_isaac_gxf_helpers:/workspaces/isaac_ros-dev/install/gxf_isaac_atlas:/workspaces/isaac_ros-dev/install/gxf_isaac_sight:/workspaces/isaac_ros-dev/install/gxf_isaac_optimizer:/workspaces/isaac_ros-dev/install/gxf_isaac_message_compositor:/workspaces/isaac_ros-dev/install/gxf_isaac_gems:/workspaces/isaac_ros-dev/install/isaac_ros_test:/workspaces/isaac_ros-dev/install/isaac_ros_gxf:/workspaces/isaac_ros-dev/install/isaac_ros_launch_utils:/workspaces/isaac_ros-dev/install/isaac_ros_common:/workspaces/isaac_ros-dev/install/isaac_common_py:/opt/ros/humble CMAKE_PREFIX_PATH=/workspaces/isaac_ros-dev/install/gxf_isaac_gxf_helpers:/workspaces/isaac_ros-dev/install/gxf_isaac_atlas:/workspaces/isaac_ros-dev/install/gxf_isaac_sight:/workspaces/isaac_ros-dev/install/gxf_isaac_optimizer:/workspaces/isaac_ros-dev/install/gxf_isaac_message_compositor:/workspaces/isaac_ros-dev/install/gxf_isaac_gems:/workspaces/isaac_ros-dev/install/isaac_ros_gxf:/workspaces/isaac_ros-dev/install/isaac_ros_common:/usr/local/libcudss-linux-0.3.0.9_cuda12-archive:/workspaces/isaac_ros-dev/install/isaac_ros_test:/workspaces/isaac_ros-dev/install/isaac_ros_launch_utils:/workspaces/isaac_ros-dev/install/isaac_common_py:/opt/ros/humble LD_LIBRARY_PATH=/workspaces/isaac_ros-dev/install/gxf_isaac_gxf_helpers/lib:/workspaces/isaac_ros-dev/install/gxf_isaac_atlas/lib:/workspaces/isaac_ros-dev/install/gxf_isaac_sight/lib:/workspaces/isaac_ros-dev/install/gxf_isaac_optimizer/lib:/workspaces/isaac_ros-dev/install/gxf_isaac_message_compositor/lib:/workspaces/isaac_ros-dev/install/gxf_isaac_gems/lib:/workspaces/isaac_ros-dev/install/isaac_ros_gxf/lib:/workspaces/isaac_ros-dev/install/isaac_ros_common/lib:/opt/ros/humble/opt/openvdb_vendor/lib:/opt/ros/humble/opt/rviz_ogre_vendor/lib:/opt/ros/humble/lib/x86_64-linux-gnu:/opt/ros/humble/lib:/usr/local/libcudss-linux-0.3.0.9_cuda12-archive/lib:/opt/hpcx/ucc/lib/:/opt/hpcx/ucx/lib/:/usr/local/cuda/compat/lib:/usr/local/nvidia/lib:/usr/local/nvidia/lib64:/opt/tritonserver/lib PYTHONPATH=/workspaces/isaac_ros-dev/build/isaac_ros_test:/workspaces/isaac_ros-dev/install/isaac_ros_test/lib/python3.10/site-packages:/workspaces/isaac_ros-dev/build/isaac_ros_launch_utils:/workspaces/isaac_ros-dev/install/isaac_ros_launch_utils/lib/python3.10/site-packages:/workspaces/isaac_ros-dev/install/isaac_ros_common/local/lib/python3.10/dist-packages:/workspaces/isaac_ros-dev/build/isaac_common_py:/workspaces/isaac_ros-dev/install/isaac_common_py/lib/python3.10/site-packages:/opt/ros/humble/lib/python3.10/site-packages:/opt/ros/humble/local/lib/python3.10/dist-packages:/opt/ros/humble/vcstool:/opt/tritonserver/backends/dali/wheel/dali /usr/bin/cmake --build /workspaces/isaac_ros-dev/build/isaac_ros_nitros -- -j16 -l16
[9.467s] Invoking command in '/workspaces/isaac_ros-dev/build/isaac_ros_nitros': AMENT_PREFIX_PATH=/workspaces/isaac_ros-dev/install/gxf_isaac_gxf_helpers:/workspaces/isaac_ros-dev/install/gxf_isaac_atlas:/workspaces/isaac_ros-dev/install/gxf_isaac_sight:/workspaces/isaac_ros-dev/install/gxf_isaac_optimizer:/workspaces/isaac_ros-dev/install/gxf_isaac_message_compositor:/workspaces/isaac_ros-dev/install/gxf_isaac_gems:/workspaces/isaac_ros-dev/install/isaac_ros_test:/workspaces/isaac_ros-dev/install/isaac_ros_gxf:/workspaces/isaac_ros-dev/install/isaac_ros_launch_utils:/workspaces/isaac_ros-dev/install/isaac_ros_common:/workspaces/isaac_ros-dev/install/isaac_common_py:/opt/ros/humble CMAKE_PREFIX_PATH=/workspaces/isaac_ros-dev/install/gxf_isaac_gxf_helpers:/workspaces/isaac_ros-dev/install/gxf_isaac_atlas:/workspaces/isaac_ros-dev/install/gxf_isaac_sight:/workspaces/isaac_ros-dev/install/gxf_isaac_optimizer:/workspaces/isaac_ros-dev/install/gxf_isaac_message_compositor:/workspaces/isaac_ros-dev/install/gxf_isaac_gems:/workspaces/isaac_ros-dev/install/isaac_ros_gxf:/workspaces/isaac_ros-dev/install/isaac_ros_common:/usr/local/libcudss-linux-0.3.0.9_cuda12-archive:/workspaces/isaac_ros-dev/install/isaac_ros_test:/workspaces/isaac_ros-dev/install/isaac_ros_launch_utils:/workspaces/isaac_ros-dev/install/isaac_common_py:/opt/ros/humble LD_LIBRARY_PATH=/workspaces/isaac_ros-dev/install/gxf_isaac_gxf_helpers/lib:/workspaces/isaac_ros-dev/install/gxf_isaac_atlas/lib:/workspaces/isaac_ros-dev/install/gxf_isaac_sight/lib:/workspaces/isaac_ros-dev/install/gxf_isaac_optimizer/lib:/workspaces/isaac_ros-dev/install/gxf_isaac_message_compositor/lib:/workspaces/isaac_ros-dev/install/gxf_isaac_gems/lib:/workspaces/isaac_ros-dev/install/isaac_ros_gxf/lib:/workspaces/isaac_ros-dev/install/isaac_ros_common/lib:/opt/ros/humble/opt/openvdb_vendor/lib:/opt/ros/humble/opt/rviz_ogre_vendor/lib:/opt/ros/humble/lib/x86_64-linux-gnu:/opt/ros/humble/lib:/usr/local/libcudss-linux-0.3.0.9_cuda12-archive/lib:/opt/hpcx/ucc/lib/:/opt/hpcx/ucx/lib/:/usr/local/cuda/compat/lib:/usr/local/nvidia/lib:/usr/local/nvidia/lib64:/opt/tritonserver/lib PYTHONPATH=/workspaces/isaac_ros-dev/build/isaac_ros_test:/workspaces/isaac_ros-dev/install/isaac_ros_test/lib/python3.10/site-packages:/workspaces/isaac_ros-dev/build/isaac_ros_launch_utils:/workspaces/isaac_ros-dev/install/isaac_ros_launch_utils/lib/python3.10/site-packages:/workspaces/isaac_ros-dev/install/isaac_ros_common/local/lib/python3.10/dist-packages:/workspaces/isaac_ros-dev/build/isaac_common_py:/workspaces/isaac_ros-dev/install/isaac_common_py/lib/python3.10/site-packages:/opt/ros/humble/lib/python3.10/site-packages:/opt/ros/humble/local/lib/python3.10/dist-packages:/opt/ros/humble/vcstool:/opt/tritonserver/backends/dali/wheel/dali /usr/bin/cmake --install /workspaces/isaac_ros-dev/build/isaac_ros_nitros
[9.475s] -- Install configuration: "Release"
[9.475s] -- Installing: /workspaces/isaac_ros-dev/install/isaac_ros_nitros/lib/isaac_ros_nitros/diagnostic_viewer.py
[9.476s] -- Execute custom install script
[9.476s] -- Symlinking: /workspaces/isaac_ros-dev/install/isaac_ros_nitros/share/isaac_ros_nitros/cuapriltags/lib/libcuapriltags.a
[9.483s] -- Symlinking: /workspaces/isaac_ros-dev/install/isaac_ros_nitros/share/isaac_ros_nitros/cuvslam/lib/libcuvslam.so
[9.493s] -- Symlinking: /workspaces/isaac_ros-dev/install/isaac_ros_nitros/share/isaac_ros_nitros/cuvslam/lib/cuvslam_api_launcher
[9.500s] -- Symlinking: /workspaces/isaac_ros-dev/install/isaac_ros_nitros/share/isaac_ros_nitros/cuvslam/include/cuvslam.h
[9.512s] -- Symlinking: /workspaces/isaac_ros-dev/install/isaac_ros_nitros/share/isaac_ros_nitros/cuvslam/include/ground_constraint.h
[9.536s] -- Symlinking: /workspaces/isaac_ros-dev/install/isaac_ros_nitros/share/ament_index/resource_index/cuvslam/isaac_ros_nitros
[9.561s] -- Symlinking: /workspaces/isaac_ros-dev/install/isaac_ros_nitros/share/isaac_ros_nitros/cuapriltags/cuapriltags/cuAprilTags.h
[9.571s] -- Symlinking: /workspaces/isaac_ros-dev/install/isaac_ros_nitros/share/ament_index/resource_index/cuapriltags/isaac_ros_nitros
[9.581s] -- Symlinking: /workspaces/isaac_ros-dev/install/isaac_ros_nitros/share/isaac_ros_nitros/version_info.yaml
[9.588s] -- Symlinking: /workspaces/isaac_ros-dev/install/isaac_ros_nitros/include/isaac_ros_nitros/nitros_context.hpp
[9.594s] -- Symlinking: /workspaces/isaac_ros-dev/install/isaac_ros_nitros/include/isaac_ros_nitros/nitros_node.hpp
[9.600s] -- Symlinking: /workspaces/isaac_ros-dev/install/isaac_ros_nitros/include/isaac_ros_nitros/nitros_publisher.hpp
[9.607s] -- Symlinking: /workspaces/isaac_ros-dev/install/isaac_ros_nitros/include/isaac_ros_nitros/nitros_publisher_subscriber_base.hpp
[9.613s] -- Symlinking: /workspaces/isaac_ros-dev/install/isaac_ros_nitros/include/isaac_ros_nitros/nitros_publisher_subscriber_group.hpp
[9.620s] -- Symlinking: /workspaces/isaac_ros-dev/install/isaac_ros_nitros/include/isaac_ros_nitros/nitros_subscriber.hpp
[9.627s] -- Symlinking: /workspaces/isaac_ros-dev/install/isaac_ros_nitros/include/isaac_ros_nitros/types/nitros_empty.hpp
[9.636s] -- Symlinking: /workspaces/isaac_ros-dev/install/isaac_ros_nitros/include/isaac_ros_nitros/types/nitros_format_agent.hpp
[9.644s] -- Symlinking: /workspaces/isaac_ros-dev/install/isaac_ros_nitros/include/isaac_ros_nitros/types/nitros_type_base.hpp
[9.651s] -- Symlinking: /workspaces/isaac_ros-dev/install/isaac_ros_nitros/include/isaac_ros_nitros/types/nitros_type_manager.hpp
[9.659s] -- Symlinking: /workspaces/isaac_ros-dev/install/isaac_ros_nitros/include/isaac_ros_nitros/types/nitros_type_message_filter_traits.hpp
[9.670s] -- Symlinking: /workspaces/isaac_ros-dev/install/isaac_ros_nitros/include/isaac_ros_nitros/types/nitros_type_view_factory.hpp
[9.677s] -- Symlinking: /workspaces/isaac_ros-dev/install/isaac_ros_nitros/include/isaac_ros_nitros/types/type_adapter_nitros_context.hpp
[9.684s] -- Symlinking: /workspaces/isaac_ros-dev/install/isaac_ros_nitros/include/isaac_ros_nitros/types/type_utility.hpp
[9.697s] -- Symlinking: /workspaces/isaac_ros-dev/install/isaac_ros_nitros/include/isaac_ros_nitros/utils/vpi_utilities.hpp
[9.709s] -- Symlinking: /workspaces/isaac_ros-dev/install/isaac_ros_nitros/share/isaac_ros_nitros/environment/library_path.sh
[9.722s] -- Symlinking: /workspaces/isaac_ros-dev/install/isaac_ros_nitros/share/isaac_ros_nitros/environment/library_path.dsv
[9.735s] -- Symlinking: /workspaces/isaac_ros-dev/install/isaac_ros_nitros/lib/libisaac_ros_nitros.so
[9.745s] -- Symlinking: /workspaces/isaac_ros-dev/install/isaac_ros_nitros/share/isaac_ros_nitros/config/type_adapter_nitros_context_graph.yaml
[9.753s] -- Symlinking: /workspaces/isaac_ros-dev/install/isaac_ros_nitros/share/ament_index/resource_index/package_run_dependencies/isaac_ros_nitros
[9.761s] -- Symlinking: /workspaces/isaac_ros-dev/install/isaac_ros_nitros/share/ament_index/resource_index/parent_prefix_path/isaac_ros_nitros
[9.767s] -- Symlinking: /workspaces/isaac_ros-dev/install/isaac_ros_nitros/share/isaac_ros_nitros/environment/ament_prefix_path.sh
[9.773s] -- Symlinking: /workspaces/isaac_ros-dev/install/isaac_ros_nitros/share/isaac_ros_nitros/environment/ament_prefix_path.dsv
[9.780s] -- Symlinking: /workspaces/isaac_ros-dev/install/isaac_ros_nitros/share/isaac_ros_nitros/environment/path.sh
[9.788s] -- Symlinking: /workspaces/isaac_ros-dev/install/isaac_ros_nitros/share/isaac_ros_nitros/environment/path.dsv
[9.794s] -- Symlinking: /workspaces/isaac_ros-dev/install/isaac_ros_nitros/share/isaac_ros_nitros/local_setup.bash
[9.805s] -- Symlinking: /workspaces/isaac_ros-dev/install/isaac_ros_nitros/share/isaac_ros_nitros/local_setup.sh
[9.817s] -- Symlinking: /workspaces/isaac_ros-dev/install/isaac_ros_nitros/share/isaac_ros_nitros/local_setup.zsh
[9.827s] -- Symlinking: /workspaces/isaac_ros-dev/install/isaac_ros_nitros/share/isaac_ros_nitros/local_setup.dsv
[9.836s] -- Symlinking: /workspaces/isaac_ros-dev/install/isaac_ros_nitros/share/isaac_ros_nitros/package.dsv
[9.845s] -- Symlinking: /workspaces/isaac_ros-dev/install/isaac_ros_nitros/share/ament_index/resource_index/packages/isaac_ros_nitros
[9.852s] -- Symlinking: /workspaces/isaac_ros-dev/install/isaac_ros_nitros/share/isaac_ros_nitros/cmake/ament_cmake_export_dependencies-extras.cmake
[9.860s] -- Symlinking: /workspaces/isaac_ros-dev/install/isaac_ros_nitros/share/isaac_ros_nitros/cmake/ament_cmake_export_include_directories-extras.cmake
[9.868s] -- Symlinking: /workspaces/isaac_ros-dev/install/isaac_ros_nitros/share/isaac_ros_nitros/cmake/ament_cmake_export_libraries-extras.cmake
[9.875s] -- Symlinking: /workspaces/isaac_ros-dev/install/isaac_ros_nitros/share/isaac_ros_nitros/cmake/isaac_ros_nitrosConfig.cmake
[9.881s] -- Symlinking: /workspaces/isaac_ros-dev/install/isaac_ros_nitros/share/isaac_ros_nitros/cmake/isaac_ros_nitrosConfig-version.cmake
[9.887s] -- Symlinking: /workspaces/isaac_ros-dev/install/isaac_ros_nitros/share/isaac_ros_nitros/package.xml
[9.900s] Invoked command in '/workspaces/isaac_ros-dev/build/isaac_ros_nitros' returned '0': AMENT_PREFIX_PATH=/workspaces/isaac_ros-dev/install/gxf_isaac_gxf_helpers:/workspaces/isaac_ros-dev/install/gxf_isaac_atlas:/workspaces/isaac_ros-dev/install/gxf_isaac_sight:/workspaces/isaac_ros-dev/install/gxf_isaac_optimizer:/workspaces/isaac_ros-dev/install/gxf_isaac_message_compositor:/workspaces/isaac_ros-dev/install/gxf_isaac_gems:/workspaces/isaac_ros-dev/install/isaac_ros_test:/workspaces/isaac_ros-dev/install/isaac_ros_gxf:/workspaces/isaac_ros-dev/install/isaac_ros_launch_utils:/workspaces/isaac_ros-dev/install/isaac_ros_common:/workspaces/isaac_ros-dev/install/isaac_common_py:/opt/ros/humble CMAKE_PREFIX_PATH=/workspaces/isaac_ros-dev/install/gxf_isaac_gxf_helpers:/workspaces/isaac_ros-dev/install/gxf_isaac_atlas:/workspaces/isaac_ros-dev/install/gxf_isaac_sight:/workspaces/isaac_ros-dev/install/gxf_isaac_optimizer:/workspaces/isaac_ros-dev/install/gxf_isaac_message_compositor:/workspaces/isaac_ros-dev/install/gxf_isaac_gems:/workspaces/isaac_ros-dev/install/isaac_ros_gxf:/workspaces/isaac_ros-dev/install/isaac_ros_common:/usr/local/libcudss-linux-0.3.0.9_cuda12-archive:/workspaces/isaac_ros-dev/install/isaac_ros_test:/workspaces/isaac_ros-dev/install/isaac_ros_launch_utils:/workspaces/isaac_ros-dev/install/isaac_common_py:/opt/ros/humble LD_LIBRARY_PATH=/workspaces/isaac_ros-dev/install/gxf_isaac_gxf_helpers/lib:/workspaces/isaac_ros-dev/install/gxf_isaac_atlas/lib:/workspaces/isaac_ros-dev/install/gxf_isaac_sight/lib:/workspaces/isaac_ros-dev/install/gxf_isaac_optimizer/lib:/workspaces/isaac_ros-dev/install/gxf_isaac_message_compositor/lib:/workspaces/isaac_ros-dev/install/gxf_isaac_gems/lib:/workspaces/isaac_ros-dev/install/isaac_ros_gxf/lib:/workspaces/isaac_ros-dev/install/isaac_ros_common/lib:/opt/ros/humble/opt/openvdb_vendor/lib:/opt/ros/humble/opt/rviz_ogre_vendor/lib:/opt/ros/humble/lib/x86_64-linux-gnu:/opt/ros/humble/lib:/usr/local/libcudss-linux-0.3.0.9_cuda12-archive/lib:/opt/hpcx/ucc/lib/:/opt/hpcx/ucx/lib/:/usr/local/cuda/compat/lib:/usr/local/nvidia/lib:/usr/local/nvidia/lib64:/opt/tritonserver/lib PYTHONPATH=/workspaces/isaac_ros-dev/build/isaac_ros_test:/workspaces/isaac_ros-dev/install/isaac_ros_test/lib/python3.10/site-packages:/workspaces/isaac_ros-dev/build/isaac_ros_launch_utils:/workspaces/isaac_ros-dev/install/isaac_ros_launch_utils/lib/python3.10/site-packages:/workspaces/isaac_ros-dev/install/isaac_ros_common/local/lib/python3.10/dist-packages:/workspaces/isaac_ros-dev/build/isaac_common_py:/workspaces/isaac_ros-dev/install/isaac_common_py/lib/python3.10/site-packages:/opt/ros/humble/lib/python3.10/site-packages:/opt/ros/humble/local/lib/python3.10/dist-packages:/opt/ros/humble/vcstool:/opt/tritonserver/backends/dali/wheel/dali /usr/bin/cmake --install /workspaces/isaac_ros-dev/build/isaac_ros_nitros
