[0.087s] Invoking command in '/workspaces/isaac_ros-dev/build/gxf_isaac_tensorops': CMAKE_PREFIX_PATH=/workspaces/isaac_ros-dev/install/gxf_isaac_messages:/workspaces/isaac_ros-dev/install/gxf_isaac_gems:/workspaces/isaac_ros-dev/install/isaac_ros_gxf:/workspaces/isaac_ros-dev/install/isaac_ros_common:/workspaces/isaac_ros-dev/install/isaac_ros_centerpose:/workspaces/isaac_ros-dev/install/isaac_ros_tensor_rt:/workspaces/isaac_ros-dev/install/isaac_ros_dnn_image_encoder:/workspaces/isaac_ros-dev/install/isaac_ros_tensor_proc:/workspaces/isaac_ros-dev/install/isaac_ros_managed_nitros:/workspaces/isaac_ros-dev/install/isaac_ros_nitros_tensor_list_type:/workspaces/isaac_ros-dev/install/isaac_ros_tensor_list_interfaces:/workspaces/isaac_ros-dev/install/isaac_ros_nitros_image_type:/workspaces/isaac_ros-dev/install/gxf_isaac_centerpose:/workspaces/isaac_ros-dev/install/isaac_ros_nitros_detection3_d_array_type:/workspaces/isaac_ros-dev/install/isaac_ros_nitros_camera_info_type:/workspaces/isaac_ros-dev/install/isaac_ros_nitros:/workspaces/isaac_ros-dev/install/gxf_isaac_tensor_rt:/workspaces/isaac_ros-dev/install/gxf_isaac_sight:/workspaces/isaac_ros-dev/install/gxf_isaac_optimizer:/workspaces/isaac_ros-dev/install/gxf_isaac_message_compositor:/workspaces/isaac_ros-dev/install/gxf_isaac_gxf_helpers:/workspaces/isaac_ros-dev/install/gxf_isaac_atlas:/usr/local/libcudss-linux-0.3.0.9_cuda12-archive:/workspaces/isaac_ros-dev/install/isaac_ros_test:/opt/ros/humble LD_LIBRARY_PATH=/workspaces/isaac_ros-dev/install/isaac_ros_gxf/lib:/workspaces/isaac_ros-dev/install/isaac_ros_common/lib:/workspaces/isaac_ros-dev/install/isaac_ros_centerpose/lib:/workspaces/isaac_ros-dev/install/isaac_ros_tensor_rt/lib:/workspaces/isaac_ros-dev/install/isaac_ros_dnn_image_encoder/lib:/workspaces/isaac_ros-dev/install/isaac_ros_tensor_proc/lib:/workspaces/isaac_ros-dev/install/isaac_ros_managed_nitros/lib:/workspaces/isaac_ros-dev/install/isaac_ros_nitros_tensor_list_type/lib:/workspaces/isaac_ros-dev/install/isaac_ros_tensor_list_interfaces/lib:/workspaces/isaac_ros-dev/install/isaac_ros_nitros_image_type/lib:/workspaces/isaac_ros-dev/install/gxf_isaac_centerpose/lib:/workspaces/isaac_ros-dev/install/isaac_ros_nitros_detection3_d_array_type/lib:/workspaces/isaac_ros-dev/install/isaac_ros_nitros_camera_info_type/lib:/workspaces/isaac_ros-dev/install/isaac_ros_nitros/lib:/workspaces/isaac_ros-dev/install/gxf_isaac_tensor_rt/lib:/workspaces/isaac_ros-dev/install/gxf_isaac_sight/lib:/workspaces/isaac_ros-dev/install/gxf_isaac_optimizer/lib:/workspaces/isaac_ros-dev/install/gxf_isaac_messages/lib:/workspaces/isaac_ros-dev/install/gxf_isaac_message_compositor/lib:/workspaces/isaac_ros-dev/install/gxf_isaac_gxf_helpers/lib:/workspaces/isaac_ros-dev/install/gxf_isaac_atlas/lib:/workspaces/isaac_ros-dev/install/gxf_isaac_gems/lib:/opt/ros/humble/opt/rviz_ogre_vendor/lib:/opt/ros/humble/lib/x86_64-linux-gnu:/opt/ros/humble/lib:/usr/local/libcudss-linux-0.3.0.9_cuda12-archive/lib:/opt/hpcx/ucc/lib/:/opt/hpcx/ucx/lib/:/usr/local/cuda/compat/lib:/usr/local/nvidia/lib:/usr/local/nvidia/lib64:/opt/tritonserver/lib _=/usr/bin/env /usr/bin/cmake /workspaces/isaac_ros-dev/src/isaac_ros_image_pipeline/isaac_ros_gxf_extensions/gxf_isaac_tensorops -DCMAKE_BUILD_TYPE=Release -DAMENT_CMAKE_SYMLINK_INSTALL=1 -DCMAKE_INSTALL_PREFIX=/workspaces/isaac_ros-dev/install/gxf_isaac_tensorops
[0.288s] -- The C compiler identification is GNU 11.4.0
[0.379s] -- The CXX compiler identification is GNU 11.4.0
[0.387s] -- Detecting C compiler ABI info
[0.556s] -- Detecting C compiler ABI info - done
[0.561s] -- Check for working C compiler: /usr/bin/cc - skipped
[0.562s] -- Detecting C compile features
[0.562s] -- Detecting C compile features - done
[0.565s] -- Detecting CXX compiler ABI info
[0.714s] -- Detecting CXX compiler ABI info - done
[0.719s] -- Check for working CXX compiler: /usr/bin/c++ - skipped
[0.719s] -- Detecting CXX compile features
[0.720s] -- Detecting CXX compile features - done
[0.724s] -- Found ament_cmake_auto: 1.3.12 (/opt/ros/humble/share/ament_cmake_auto/cmake)
[1.216s] -- Found Python3: /usr/bin/python3 (found version "3.10.12") found components: Interpreter 
[1.290s] -- Override CMake install command with custom implementation using symlinks instead of copying resources
[1.413s] -- Loading isaac_ros_common extras
[1.414s] -- CMAKE_BUILD_TYPE: Release
[1.437s] -- Looking for pthread.h
[1.645s] -- Looking for pthread.h - found
[1.645s] -- Performing Test CMAKE_HAVE_LIBC_PTHREAD
[1.843s] -- Performing Test CMAKE_HAVE_LIBC_PTHREAD - Success
[1.843s] -- Found Threads: TRUE  
[1.864s] -- Found CUDA: /usr/local/cuda (found version "12.6") 
[1.864s] -- CUDA architectures: 89;86;80;75;70
[1.865s] -- Loading isaac_ros_common extras (modules)
[1.920s] -- Found rosidl_generator_c: 3.1.7 (/opt/ros/humble/share/rosidl_generator_c/cmake)
[1.928s] -- Found rosidl_adapter: 3.1.7 (/opt/ros/humble/share/rosidl_adapter/cmake)
[1.939s] -- Found rosidl_generator_cpp: 3.1.7 (/opt/ros/humble/share/rosidl_generator_cpp/cmake)
[1.953s] -- Using all available rosidl_typesupport_c: rosidl_typesupport_fastrtps_c;rosidl_typesupport_introspection_c
[1.971s] -- Using all available rosidl_typesupport_cpp: rosidl_typesupport_fastrtps_cpp;rosidl_typesupport_introspection_cpp
[2.024s] -- Found rmw_implementation_cmake: 6.1.2 (/opt/ros/humble/share/rmw_implementation_cmake/cmake)
[2.029s] -- Found rmw_fastrtps_cpp: 6.2.9 (/opt/ros/humble/share/rmw_fastrtps_cpp/cmake)
[2.173s] -- Found OpenSSL: /usr/lib/x86_64-linux-gnu/libcrypto.so (found version "3.0.2")  
[2.203s] -- Found FastRTPS: /opt/ros/humble/include  
[2.254s] -- Using RMW implementation 'rmw_fastrtps_cpp' as default
[2.318s] -- Loading isaac_ros_gxf extras
[2.346s] -- Found CUDAToolkit: /usr/local/cuda/include (found version "12.6.20") 
[2.493s] -- Configuring done
[2.513s] -- Generating done
[2.516s] -- Build files have been written to: /workspaces/isaac_ros-dev/build/gxf_isaac_tensorops
[2.524s] Invoked command in '/workspaces/isaac_ros-dev/build/gxf_isaac_tensorops' returned '0': CMAKE_PREFIX_PATH=/workspaces/isaac_ros-dev/install/gxf_isaac_messages:/workspaces/isaac_ros-dev/install/gxf_isaac_gems:/workspaces/isaac_ros-dev/install/isaac_ros_gxf:/workspaces/isaac_ros-dev/install/isaac_ros_common:/workspaces/isaac_ros-dev/install/isaac_ros_centerpose:/workspaces/isaac_ros-dev/install/isaac_ros_tensor_rt:/workspaces/isaac_ros-dev/install/isaac_ros_dnn_image_encoder:/workspaces/isaac_ros-dev/install/isaac_ros_tensor_proc:/workspaces/isaac_ros-dev/install/isaac_ros_managed_nitros:/workspaces/isaac_ros-dev/install/isaac_ros_nitros_tensor_list_type:/workspaces/isaac_ros-dev/install/isaac_ros_tensor_list_interfaces:/workspaces/isaac_ros-dev/install/isaac_ros_nitros_image_type:/workspaces/isaac_ros-dev/install/gxf_isaac_centerpose:/workspaces/isaac_ros-dev/install/isaac_ros_nitros_detection3_d_array_type:/workspaces/isaac_ros-dev/install/isaac_ros_nitros_camera_info_type:/workspaces/isaac_ros-dev/install/isaac_ros_nitros:/workspaces/isaac_ros-dev/install/gxf_isaac_tensor_rt:/workspaces/isaac_ros-dev/install/gxf_isaac_sight:/workspaces/isaac_ros-dev/install/gxf_isaac_optimizer:/workspaces/isaac_ros-dev/install/gxf_isaac_message_compositor:/workspaces/isaac_ros-dev/install/gxf_isaac_gxf_helpers:/workspaces/isaac_ros-dev/install/gxf_isaac_atlas:/usr/local/libcudss-linux-0.3.0.9_cuda12-archive:/workspaces/isaac_ros-dev/install/isaac_ros_test:/opt/ros/humble LD_LIBRARY_PATH=/workspaces/isaac_ros-dev/install/isaac_ros_gxf/lib:/workspaces/isaac_ros-dev/install/isaac_ros_common/lib:/workspaces/isaac_ros-dev/install/isaac_ros_centerpose/lib:/workspaces/isaac_ros-dev/install/isaac_ros_tensor_rt/lib:/workspaces/isaac_ros-dev/install/isaac_ros_dnn_image_encoder/lib:/workspaces/isaac_ros-dev/install/isaac_ros_tensor_proc/lib:/workspaces/isaac_ros-dev/install/isaac_ros_managed_nitros/lib:/workspaces/isaac_ros-dev/install/isaac_ros_nitros_tensor_list_type/lib:/workspaces/isaac_ros-dev/install/isaac_ros_tensor_list_interfaces/lib:/workspaces/isaac_ros-dev/install/isaac_ros_nitros_image_type/lib:/workspaces/isaac_ros-dev/install/gxf_isaac_centerpose/lib:/workspaces/isaac_ros-dev/install/isaac_ros_nitros_detection3_d_array_type/lib:/workspaces/isaac_ros-dev/install/isaac_ros_nitros_camera_info_type/lib:/workspaces/isaac_ros-dev/install/isaac_ros_nitros/lib:/workspaces/isaac_ros-dev/install/gxf_isaac_tensor_rt/lib:/workspaces/isaac_ros-dev/install/gxf_isaac_sight/lib:/workspaces/isaac_ros-dev/install/gxf_isaac_optimizer/lib:/workspaces/isaac_ros-dev/install/gxf_isaac_messages/lib:/workspaces/isaac_ros-dev/install/gxf_isaac_message_compositor/lib:/workspaces/isaac_ros-dev/install/gxf_isaac_gxf_helpers/lib:/workspaces/isaac_ros-dev/install/gxf_isaac_atlas/lib:/workspaces/isaac_ros-dev/install/gxf_isaac_gems/lib:/opt/ros/humble/opt/rviz_ogre_vendor/lib:/opt/ros/humble/lib/x86_64-linux-gnu:/opt/ros/humble/lib:/usr/local/libcudss-linux-0.3.0.9_cuda12-archive/lib:/opt/hpcx/ucc/lib/:/opt/hpcx/ucx/lib/:/usr/local/cuda/compat/lib:/usr/local/nvidia/lib:/usr/local/nvidia/lib64:/opt/tritonserver/lib _=/usr/bin/env /usr/bin/cmake /workspaces/isaac_ros-dev/src/isaac_ros_image_pipeline/isaac_ros_gxf_extensions/gxf_isaac_tensorops -DCMAKE_BUILD_TYPE=Release -DAMENT_CMAKE_SYMLINK_INSTALL=1 -DCMAKE_INSTALL_PREFIX=/workspaces/isaac_ros-dev/install/gxf_isaac_tensorops
[2.525s] Invoking command in '/workspaces/isaac_ros-dev/build/gxf_isaac_tensorops': CMAKE_PREFIX_PATH=/workspaces/isaac_ros-dev/install/gxf_isaac_messages:/workspaces/isaac_ros-dev/install/gxf_isaac_gems:/workspaces/isaac_ros-dev/install/isaac_ros_gxf:/workspaces/isaac_ros-dev/install/isaac_ros_common:/workspaces/isaac_ros-dev/install/isaac_ros_centerpose:/workspaces/isaac_ros-dev/install/isaac_ros_tensor_rt:/workspaces/isaac_ros-dev/install/isaac_ros_dnn_image_encoder:/workspaces/isaac_ros-dev/install/isaac_ros_tensor_proc:/workspaces/isaac_ros-dev/install/isaac_ros_managed_nitros:/workspaces/isaac_ros-dev/install/isaac_ros_nitros_tensor_list_type:/workspaces/isaac_ros-dev/install/isaac_ros_tensor_list_interfaces:/workspaces/isaac_ros-dev/install/isaac_ros_nitros_image_type:/workspaces/isaac_ros-dev/install/gxf_isaac_centerpose:/workspaces/isaac_ros-dev/install/isaac_ros_nitros_detection3_d_array_type:/workspaces/isaac_ros-dev/install/isaac_ros_nitros_camera_info_type:/workspaces/isaac_ros-dev/install/isaac_ros_nitros:/workspaces/isaac_ros-dev/install/gxf_isaac_tensor_rt:/workspaces/isaac_ros-dev/install/gxf_isaac_sight:/workspaces/isaac_ros-dev/install/gxf_isaac_optimizer:/workspaces/isaac_ros-dev/install/gxf_isaac_message_compositor:/workspaces/isaac_ros-dev/install/gxf_isaac_gxf_helpers:/workspaces/isaac_ros-dev/install/gxf_isaac_atlas:/usr/local/libcudss-linux-0.3.0.9_cuda12-archive:/workspaces/isaac_ros-dev/install/isaac_ros_test:/opt/ros/humble LD_LIBRARY_PATH=/workspaces/isaac_ros-dev/install/isaac_ros_gxf/lib:/workspaces/isaac_ros-dev/install/isaac_ros_common/lib:/workspaces/isaac_ros-dev/install/isaac_ros_centerpose/lib:/workspaces/isaac_ros-dev/install/isaac_ros_tensor_rt/lib:/workspaces/isaac_ros-dev/install/isaac_ros_dnn_image_encoder/lib:/workspaces/isaac_ros-dev/install/isaac_ros_tensor_proc/lib:/workspaces/isaac_ros-dev/install/isaac_ros_managed_nitros/lib:/workspaces/isaac_ros-dev/install/isaac_ros_nitros_tensor_list_type/lib:/workspaces/isaac_ros-dev/install/isaac_ros_tensor_list_interfaces/lib:/workspaces/isaac_ros-dev/install/isaac_ros_nitros_image_type/lib:/workspaces/isaac_ros-dev/install/gxf_isaac_centerpose/lib:/workspaces/isaac_ros-dev/install/isaac_ros_nitros_detection3_d_array_type/lib:/workspaces/isaac_ros-dev/install/isaac_ros_nitros_camera_info_type/lib:/workspaces/isaac_ros-dev/install/isaac_ros_nitros/lib:/workspaces/isaac_ros-dev/install/gxf_isaac_tensor_rt/lib:/workspaces/isaac_ros-dev/install/gxf_isaac_sight/lib:/workspaces/isaac_ros-dev/install/gxf_isaac_optimizer/lib:/workspaces/isaac_ros-dev/install/gxf_isaac_messages/lib:/workspaces/isaac_ros-dev/install/gxf_isaac_message_compositor/lib:/workspaces/isaac_ros-dev/install/gxf_isaac_gxf_helpers/lib:/workspaces/isaac_ros-dev/install/gxf_isaac_atlas/lib:/workspaces/isaac_ros-dev/install/gxf_isaac_gems/lib:/opt/ros/humble/opt/rviz_ogre_vendor/lib:/opt/ros/humble/lib/x86_64-linux-gnu:/opt/ros/humble/lib:/usr/local/libcudss-linux-0.3.0.9_cuda12-archive/lib:/opt/hpcx/ucc/lib/:/opt/hpcx/ucx/lib/:/usr/local/cuda/compat/lib:/usr/local/nvidia/lib:/usr/local/nvidia/lib64:/opt/tritonserver/lib _=/usr/bin/env /usr/bin/cmake --build /workspaces/isaac_ros-dev/build/gxf_isaac_tensorops -- -j16 -l16
[2.668s] [  2%] [32mBuilding CXX object CMakeFiles/gxf_isaac_tensorops.dir/gxf/extensions/tensorops/components/Resize.cpp.o[0m
[2.685s] [  4%] [32mBuilding CXX object CMakeFiles/gxf_isaac_tensorops.dir/gxf/extensions/tensorops/components/Reshape.cpp.o[0m
[2.685s] [  7%] [32mBuilding CXX object CMakeFiles/gxf_isaac_tensorops.dir/gxf/extensions/tensorops/components/ConvertColorFormat.cpp.o[0m
[2.706s] [ 14%] [32mBuilding CXX object CMakeFiles/gxf_isaac_tensorops.dir/gxf/extensions/tensorops/components/InterleavedToPlanar.cpp.o[0m
[2.706s] [ 14%] [32mBuilding CXX object CMakeFiles/gxf_isaac_tensorops.dir/gxf/extensions/tensorops/components/Frame3D.cpp.o[0m
[2.707s] [ 14%] [32mBuilding CXX object CMakeFiles/gxf_isaac_tensorops.dir/gxf/extensions/tensorops/components/ImageAdapter.cpp.o[0m
[2.710s] [ 16%] [32mBuilding CXX object CMakeFiles/gxf_isaac_tensorops.dir/gxf/extensions/tensorops/components/CropAndResize.cpp.o[0m
[2.721s] [ 19%] [32mBuilding CXX object CMakeFiles/gxf_isaac_tensorops.dir/gxf/extensions/tensorops/components/CameraModel.cpp.o[0m
[2.722s] [ 23%] [32mBuilding CXX object CMakeFiles/gxf_isaac_tensorops.dir/gxf/extensions/tensorops/components/Normalize.cpp.o[0m
[2.722s] [ 23%] [32mBuilding CXX object CMakeFiles/gxf_isaac_tensorops.dir/gxf/extensions/tensorops/tensorops.cpp.o[0m
[2.722s] [ 26%] [32mBuilding CXX object CMakeFiles/gxf_isaac_tensorops.dir/gxf/extensions/tensorops/components/TensorStream.cpp.o[0m
[2.724s] [ 30%] [32mBuilding CXX object CMakeFiles/gxf_isaac_tensorops.dir/gxf/extensions/tensorops/components/Undistort.cpp.o[0m
[2.724s] [ 30%] [32mBuilding CXX object CMakeFiles/gxf_isaac_tensorops.dir/gxf/extensions/tensorops/components/ImageUtils.cpp.o[0m
[2.726s] [ 33%] [32mBuilding CXX object CMakeFiles/gxf_isaac_tensorops.dir/gxf/extensions/tensorops/components/BBoxGenerator.cpp.o[0m
[2.728s] [ 35%] [34m[1mGenerating version information as YAML[0m
[2.746s] [ 38%] [32mBuilding CXX object CMakeFiles/gxf_isaac_tensorops.dir/gxf/extensions/tensorops/components/TensorOperator.cpp.o[0m
[2.935s] [ 38%] Built target generate_version_info_target_gxf_isaac_tensorops
[2.989s] [ 40%] [32mBuilding CXX object CMakeFiles/gxf_isaac_tensorops.dir/gxf/extensions/tensorops/components/detail/ImageAdapterTensorImpl.cpp.o[0m
[4.805s] [ 42%] [32mBuilding CXX object CMakeFiles/gxf_isaac_tensorops.dir/gxf/extensions/tensorops/components/detail/ImageAdapterVideoBufferImpl.cpp.o[0m
[5.203s] [ 45%] [32mBuilding CXX object CMakeFiles/gxf_isaac_tensorops.dir/gxf/extensions/tensorops/core/ArithmeticOperations.cpp.o[0m
[5.917s] [ 47%] [32mBuilding CXX object CMakeFiles/gxf_isaac_tensorops.dir/gxf/extensions/tensorops/core/BBoxUtils.cpp.o[0m
[6.050s] [ 50%] [32mBuilding CXX object CMakeFiles/gxf_isaac_tensorops.dir/gxf/extensions/tensorops/core/ColorConversions.cpp.o[0m
[6.246s] [ 52%] [32mBuilding CXX object CMakeFiles/gxf_isaac_tensorops.dir/gxf/extensions/tensorops/core/DBScan.cpp.o[0m
[6.275s] [ 54%] [32mBuilding CXX object CMakeFiles/gxf_isaac_tensorops.dir/gxf/extensions/tensorops/core/Errors.cpp.o[0m
[6.486s] [ 57%] [32mBuilding CXX object CMakeFiles/gxf_isaac_tensorops.dir/gxf/extensions/tensorops/core/Filters.cpp.o[0m
[6.560s] [ 59%] [32mBuilding CXX object CMakeFiles/gxf_isaac_tensorops.dir/gxf/extensions/tensorops/core/FusedOperations.cpp.o[0m
[6.706s] [ 61%] [32mBuilding CXX object CMakeFiles/gxf_isaac_tensorops.dir/gxf/extensions/tensorops/core/GeometryTransforms.cpp.o[0m
[6.747s] [ 64%] [32mBuilding CXX object CMakeFiles/gxf_isaac_tensorops.dir/gxf/extensions/tensorops/core/IImageWarp.cpp.o[0m
[6.858s] [ 66%] [32mBuilding CXX object CMakeFiles/gxf_isaac_tensorops.dir/gxf/extensions/tensorops/core/OneEuroFilter.cpp.o[0m
[6.876s] [ 69%] [32mBuilding CXX object CMakeFiles/gxf_isaac_tensorops.dir/gxf/extensions/tensorops/core/TensorOperators.cpp.o[0m
[7.087s] [ 71%] [32mBuilding CXX object CMakeFiles/gxf_isaac_tensorops.dir/gxf/extensions/tensorops/core/VPIColorConvertImpl.cpp.o[0m
[7.261s] [ 73%] [32mBuilding CXX object CMakeFiles/gxf_isaac_tensorops.dir/gxf/extensions/tensorops/core/VPIRemapImpl.cpp.o[0m
[7.282s] [ 76%] [32mBuilding CXX object CMakeFiles/gxf_isaac_tensorops.dir/gxf/extensions/tensorops/core/VPIResizeImpl.cpp.o[0m
[7.379s] [ 78%] [32mBuilding CXX object CMakeFiles/gxf_isaac_tensorops.dir/gxf/extensions/tensorops/core/VPIStatusMapping.cpp.o[0m
[7.546s] [ 80%] [32mBuilding CXX object CMakeFiles/gxf_isaac_tensorops.dir/gxf/extensions/tensorops/core/VPIStereoDisparityEstimatorImpl.cpp.o[0m
[7.696s] [ 83%] [32mBuilding CXX object CMakeFiles/gxf_isaac_tensorops.dir/gxf/extensions/tensorops/core/VPITensorOperators.cpp.o[0m
[7.708s] [ 85%] [32mBuilding CXX object CMakeFiles/gxf_isaac_tensorops.dir/gxf/extensions/tensorops/core/NppUtils.cpp.o[0m
[8.013s] [ 88%] [32mBuilding CXX object CMakeFiles/gxf_isaac_tensorops.dir/gxf/extensions/tensorops/core/Array.cpp.o[0m
[8.118s] [ 90%] [32mBuilding CXX object CMakeFiles/gxf_isaac_tensorops.dir/gxf/extensions/tensorops/core/CVError.cpp.o[0m
[8.137s] [ 92%] [32mBuilding CXX object CMakeFiles/gxf_isaac_tensorops.dir/gxf/extensions/tensorops/core/MathTypes.cpp.o[0m
[8.302s] [ 95%] [32mBuilding CXX object CMakeFiles/gxf_isaac_tensorops.dir/gxf/extensions/tensorops/core/Memory.cpp.o[0m
[8.345s] [ 97%] [32mBuilding CXX object CMakeFiles/gxf_isaac_tensorops.dir/gxf/extensions/tensorops/core/Tensor.cpp.o[0m
[10.359s] [100%] [32m[1mLinking CXX shared library libgxf_isaac_tensorops.so[0m
[10.654s] [100%] Built target gxf_isaac_tensorops
[10.671s] Invoked command in '/workspaces/isaac_ros-dev/build/gxf_isaac_tensorops' returned '0': CMAKE_PREFIX_PATH=/workspaces/isaac_ros-dev/install/gxf_isaac_messages:/workspaces/isaac_ros-dev/install/gxf_isaac_gems:/workspaces/isaac_ros-dev/install/isaac_ros_gxf:/workspaces/isaac_ros-dev/install/isaac_ros_common:/workspaces/isaac_ros-dev/install/isaac_ros_centerpose:/workspaces/isaac_ros-dev/install/isaac_ros_tensor_rt:/workspaces/isaac_ros-dev/install/isaac_ros_dnn_image_encoder:/workspaces/isaac_ros-dev/install/isaac_ros_tensor_proc:/workspaces/isaac_ros-dev/install/isaac_ros_managed_nitros:/workspaces/isaac_ros-dev/install/isaac_ros_nitros_tensor_list_type:/workspaces/isaac_ros-dev/install/isaac_ros_tensor_list_interfaces:/workspaces/isaac_ros-dev/install/isaac_ros_nitros_image_type:/workspaces/isaac_ros-dev/install/gxf_isaac_centerpose:/workspaces/isaac_ros-dev/install/isaac_ros_nitros_detection3_d_array_type:/workspaces/isaac_ros-dev/install/isaac_ros_nitros_camera_info_type:/workspaces/isaac_ros-dev/install/isaac_ros_nitros:/workspaces/isaac_ros-dev/install/gxf_isaac_tensor_rt:/workspaces/isaac_ros-dev/install/gxf_isaac_sight:/workspaces/isaac_ros-dev/install/gxf_isaac_optimizer:/workspaces/isaac_ros-dev/install/gxf_isaac_message_compositor:/workspaces/isaac_ros-dev/install/gxf_isaac_gxf_helpers:/workspaces/isaac_ros-dev/install/gxf_isaac_atlas:/usr/local/libcudss-linux-0.3.0.9_cuda12-archive:/workspaces/isaac_ros-dev/install/isaac_ros_test:/opt/ros/humble LD_LIBRARY_PATH=/workspaces/isaac_ros-dev/install/isaac_ros_gxf/lib:/workspaces/isaac_ros-dev/install/isaac_ros_common/lib:/workspaces/isaac_ros-dev/install/isaac_ros_centerpose/lib:/workspaces/isaac_ros-dev/install/isaac_ros_tensor_rt/lib:/workspaces/isaac_ros-dev/install/isaac_ros_dnn_image_encoder/lib:/workspaces/isaac_ros-dev/install/isaac_ros_tensor_proc/lib:/workspaces/isaac_ros-dev/install/isaac_ros_managed_nitros/lib:/workspaces/isaac_ros-dev/install/isaac_ros_nitros_tensor_list_type/lib:/workspaces/isaac_ros-dev/install/isaac_ros_tensor_list_interfaces/lib:/workspaces/isaac_ros-dev/install/isaac_ros_nitros_image_type/lib:/workspaces/isaac_ros-dev/install/gxf_isaac_centerpose/lib:/workspaces/isaac_ros-dev/install/isaac_ros_nitros_detection3_d_array_type/lib:/workspaces/isaac_ros-dev/install/isaac_ros_nitros_camera_info_type/lib:/workspaces/isaac_ros-dev/install/isaac_ros_nitros/lib:/workspaces/isaac_ros-dev/install/gxf_isaac_tensor_rt/lib:/workspaces/isaac_ros-dev/install/gxf_isaac_sight/lib:/workspaces/isaac_ros-dev/install/gxf_isaac_optimizer/lib:/workspaces/isaac_ros-dev/install/gxf_isaac_messages/lib:/workspaces/isaac_ros-dev/install/gxf_isaac_message_compositor/lib:/workspaces/isaac_ros-dev/install/gxf_isaac_gxf_helpers/lib:/workspaces/isaac_ros-dev/install/gxf_isaac_atlas/lib:/workspaces/isaac_ros-dev/install/gxf_isaac_gems/lib:/opt/ros/humble/opt/rviz_ogre_vendor/lib:/opt/ros/humble/lib/x86_64-linux-gnu:/opt/ros/humble/lib:/usr/local/libcudss-linux-0.3.0.9_cuda12-archive/lib:/opt/hpcx/ucc/lib/:/opt/hpcx/ucx/lib/:/usr/local/cuda/compat/lib:/usr/local/nvidia/lib:/usr/local/nvidia/lib64:/opt/tritonserver/lib _=/usr/bin/env /usr/bin/cmake --build /workspaces/isaac_ros-dev/build/gxf_isaac_tensorops -- -j16 -l16
[10.686s] Invoking command in '/workspaces/isaac_ros-dev/build/gxf_isaac_tensorops': CMAKE_PREFIX_PATH=/workspaces/isaac_ros-dev/install/gxf_isaac_messages:/workspaces/isaac_ros-dev/install/gxf_isaac_gems:/workspaces/isaac_ros-dev/install/isaac_ros_gxf:/workspaces/isaac_ros-dev/install/isaac_ros_common:/workspaces/isaac_ros-dev/install/isaac_ros_centerpose:/workspaces/isaac_ros-dev/install/isaac_ros_tensor_rt:/workspaces/isaac_ros-dev/install/isaac_ros_dnn_image_encoder:/workspaces/isaac_ros-dev/install/isaac_ros_tensor_proc:/workspaces/isaac_ros-dev/install/isaac_ros_managed_nitros:/workspaces/isaac_ros-dev/install/isaac_ros_nitros_tensor_list_type:/workspaces/isaac_ros-dev/install/isaac_ros_tensor_list_interfaces:/workspaces/isaac_ros-dev/install/isaac_ros_nitros_image_type:/workspaces/isaac_ros-dev/install/gxf_isaac_centerpose:/workspaces/isaac_ros-dev/install/isaac_ros_nitros_detection3_d_array_type:/workspaces/isaac_ros-dev/install/isaac_ros_nitros_camera_info_type:/workspaces/isaac_ros-dev/install/isaac_ros_nitros:/workspaces/isaac_ros-dev/install/gxf_isaac_tensor_rt:/workspaces/isaac_ros-dev/install/gxf_isaac_sight:/workspaces/isaac_ros-dev/install/gxf_isaac_optimizer:/workspaces/isaac_ros-dev/install/gxf_isaac_message_compositor:/workspaces/isaac_ros-dev/install/gxf_isaac_gxf_helpers:/workspaces/isaac_ros-dev/install/gxf_isaac_atlas:/usr/local/libcudss-linux-0.3.0.9_cuda12-archive:/workspaces/isaac_ros-dev/install/isaac_ros_test:/opt/ros/humble LD_LIBRARY_PATH=/workspaces/isaac_ros-dev/install/isaac_ros_gxf/lib:/workspaces/isaac_ros-dev/install/isaac_ros_common/lib:/workspaces/isaac_ros-dev/install/isaac_ros_centerpose/lib:/workspaces/isaac_ros-dev/install/isaac_ros_tensor_rt/lib:/workspaces/isaac_ros-dev/install/isaac_ros_dnn_image_encoder/lib:/workspaces/isaac_ros-dev/install/isaac_ros_tensor_proc/lib:/workspaces/isaac_ros-dev/install/isaac_ros_managed_nitros/lib:/workspaces/isaac_ros-dev/install/isaac_ros_nitros_tensor_list_type/lib:/workspaces/isaac_ros-dev/install/isaac_ros_tensor_list_interfaces/lib:/workspaces/isaac_ros-dev/install/isaac_ros_nitros_image_type/lib:/workspaces/isaac_ros-dev/install/gxf_isaac_centerpose/lib:/workspaces/isaac_ros-dev/install/isaac_ros_nitros_detection3_d_array_type/lib:/workspaces/isaac_ros-dev/install/isaac_ros_nitros_camera_info_type/lib:/workspaces/isaac_ros-dev/install/isaac_ros_nitros/lib:/workspaces/isaac_ros-dev/install/gxf_isaac_tensor_rt/lib:/workspaces/isaac_ros-dev/install/gxf_isaac_sight/lib:/workspaces/isaac_ros-dev/install/gxf_isaac_optimizer/lib:/workspaces/isaac_ros-dev/install/gxf_isaac_messages/lib:/workspaces/isaac_ros-dev/install/gxf_isaac_message_compositor/lib:/workspaces/isaac_ros-dev/install/gxf_isaac_gxf_helpers/lib:/workspaces/isaac_ros-dev/install/gxf_isaac_atlas/lib:/workspaces/isaac_ros-dev/install/gxf_isaac_gems/lib:/opt/ros/humble/opt/rviz_ogre_vendor/lib:/opt/ros/humble/lib/x86_64-linux-gnu:/opt/ros/humble/lib:/usr/local/libcudss-linux-0.3.0.9_cuda12-archive/lib:/opt/hpcx/ucc/lib/:/opt/hpcx/ucx/lib/:/usr/local/cuda/compat/lib:/usr/local/nvidia/lib:/usr/local/nvidia/lib64:/opt/tritonserver/lib _=/usr/bin/env /usr/bin/cmake --install /workspaces/isaac_ros-dev/build/gxf_isaac_tensorops
[10.696s] -- Install configuration: "Release"
[10.697s] -- Execute custom install script
[10.698s] -- Symlinking: /workspaces/isaac_ros-dev/install/gxf_isaac_tensorops/share/gxf_isaac_tensorops/gxf/lib/libgxf_isaac_tensorops.so
[10.713s] -- Symlinking: /workspaces/isaac_ros-dev/install/gxf_isaac_tensorops/include/extensions/tensorops/components/BBoxGenerator.cpp
[10.730s] -- Symlinking: /workspaces/isaac_ros-dev/install/gxf_isaac_tensorops/include/extensions/tensorops/components/BBoxGenerator.hpp
[10.746s] -- Symlinking: /workspaces/isaac_ros-dev/install/gxf_isaac_tensorops/include/extensions/tensorops/components/CameraModel.cpp
[10.755s] -- Symlinking: /workspaces/isaac_ros-dev/install/gxf_isaac_tensorops/include/extensions/tensorops/components/CameraModel.hpp
[10.765s] -- Symlinking: /workspaces/isaac_ros-dev/install/gxf_isaac_tensorops/include/extensions/tensorops/components/ConvertColorFormat.cpp
[10.781s] -- Symlinking: /workspaces/isaac_ros-dev/install/gxf_isaac_tensorops/include/extensions/tensorops/components/ConvertColorFormat.hpp
[10.793s] -- Symlinking: /workspaces/isaac_ros-dev/install/gxf_isaac_tensorops/include/extensions/tensorops/components/CropAndResize.cpp
[10.803s] -- Symlinking: /workspaces/isaac_ros-dev/install/gxf_isaac_tensorops/include/extensions/tensorops/components/CropAndResize.hpp
[10.810s] -- Symlinking: /workspaces/isaac_ros-dev/install/gxf_isaac_tensorops/include/extensions/tensorops/components/Frame3D.cpp
[10.819s] -- Symlinking: /workspaces/isaac_ros-dev/install/gxf_isaac_tensorops/include/extensions/tensorops/components/Frame3D.hpp
[10.827s] -- Symlinking: /workspaces/isaac_ros-dev/install/gxf_isaac_tensorops/include/extensions/tensorops/components/ImageAdapter.cpp
[10.834s] -- Symlinking: /workspaces/isaac_ros-dev/install/gxf_isaac_tensorops/include/extensions/tensorops/components/ImageAdapter.hpp
[10.840s] -- Symlinking: /workspaces/isaac_ros-dev/install/gxf_isaac_tensorops/include/extensions/tensorops/components/ImageUtils.cpp
[10.851s] -- Symlinking: /workspaces/isaac_ros-dev/install/gxf_isaac_tensorops/include/extensions/tensorops/components/ImageUtils.hpp
[10.863s] -- Symlinking: /workspaces/isaac_ros-dev/install/gxf_isaac_tensorops/include/extensions/tensorops/components/InterleavedToPlanar.cpp
[10.878s] -- Symlinking: /workspaces/isaac_ros-dev/install/gxf_isaac_tensorops/include/extensions/tensorops/components/InterleavedToPlanar.hpp
[10.891s] -- Symlinking: /workspaces/isaac_ros-dev/install/gxf_isaac_tensorops/include/extensions/tensorops/components/Normalize.cpp
[10.907s] -- Symlinking: /workspaces/isaac_ros-dev/install/gxf_isaac_tensorops/include/extensions/tensorops/components/Normalize.hpp
[10.921s] -- Symlinking: /workspaces/isaac_ros-dev/install/gxf_isaac_tensorops/include/extensions/tensorops/components/Reshape.cpp
[10.933s] -- Symlinking: /workspaces/isaac_ros-dev/install/gxf_isaac_tensorops/include/extensions/tensorops/components/Reshape.hpp
[10.940s] -- Symlinking: /workspaces/isaac_ros-dev/install/gxf_isaac_tensorops/include/extensions/tensorops/components/Resize.cpp
[10.948s] -- Symlinking: /workspaces/isaac_ros-dev/install/gxf_isaac_tensorops/include/extensions/tensorops/components/Resize.hpp
[10.960s] -- Symlinking: /workspaces/isaac_ros-dev/install/gxf_isaac_tensorops/include/extensions/tensorops/components/TensorOperator.cpp
[10.972s] -- Symlinking: /workspaces/isaac_ros-dev/install/gxf_isaac_tensorops/include/extensions/tensorops/components/TensorOperator.hpp
[10.986s] -- Symlinking: /workspaces/isaac_ros-dev/install/gxf_isaac_tensorops/include/extensions/tensorops/components/TensorStream.cpp
[11.001s] -- Symlinking: /workspaces/isaac_ros-dev/install/gxf_isaac_tensorops/include/extensions/tensorops/components/TensorStream.hpp
[11.020s] -- Symlinking: /workspaces/isaac_ros-dev/install/gxf_isaac_tensorops/include/extensions/tensorops/components/Undistort.cpp
[11.036s] -- Symlinking: /workspaces/isaac_ros-dev/install/gxf_isaac_tensorops/include/extensions/tensorops/components/Undistort.hpp
[11.047s] -- Symlinking: /workspaces/isaac_ros-dev/install/gxf_isaac_tensorops/include/extensions/tensorops/components/detail/ImageAdapterTensorImpl.cpp
[11.058s] -- Symlinking: /workspaces/isaac_ros-dev/install/gxf_isaac_tensorops/include/extensions/tensorops/components/detail/ImageAdapterTensorImpl.hpp
[11.070s] -- Symlinking: /workspaces/isaac_ros-dev/install/gxf_isaac_tensorops/include/extensions/tensorops/components/detail/ImageAdapterVideoBufferImpl.cpp
[11.083s] -- Symlinking: /workspaces/isaac_ros-dev/install/gxf_isaac_tensorops/include/extensions/tensorops/components/detail/ImageAdapterVideoBufferImpl.hpp
[11.093s] -- Symlinking: /workspaces/isaac_ros-dev/install/gxf_isaac_tensorops/include/extensions/tensorops/core/ArithmeticOperations.cpp
[11.104s] -- Symlinking: /workspaces/isaac_ros-dev/install/gxf_isaac_tensorops/include/extensions/tensorops/core/Array.cpp
[11.113s] -- Symlinking: /workspaces/isaac_ros-dev/install/gxf_isaac_tensorops/include/extensions/tensorops/core/Array.h
[11.126s] -- Symlinking: /workspaces/isaac_ros-dev/install/gxf_isaac_tensorops/include/extensions/tensorops/core/BBox.h
[11.134s] -- Symlinking: /workspaces/isaac_ros-dev/install/gxf_isaac_tensorops/include/extensions/tensorops/core/BBoxUtils.cpp
[11.143s] -- Symlinking: /workspaces/isaac_ros-dev/install/gxf_isaac_tensorops/include/extensions/tensorops/core/BBoxUtils.h
[11.150s] -- Symlinking: /workspaces/isaac_ros-dev/install/gxf_isaac_tensorops/include/extensions/tensorops/core/CVError.cpp
[11.156s] -- Symlinking: /workspaces/isaac_ros-dev/install/gxf_isaac_tensorops/include/extensions/tensorops/core/CVError.h
[11.163s] -- Symlinking: /workspaces/isaac_ros-dev/install/gxf_isaac_tensorops/include/extensions/tensorops/core/CameraModel.h
[11.171s] -- Symlinking: /workspaces/isaac_ros-dev/install/gxf_isaac_tensorops/include/extensions/tensorops/core/ColorConversions.cpp
[11.182s] -- Symlinking: /workspaces/isaac_ros-dev/install/gxf_isaac_tensorops/include/extensions/tensorops/core/ComputeEngine.h
[11.195s] -- Symlinking: /workspaces/isaac_ros-dev/install/gxf_isaac_tensorops/include/extensions/tensorops/core/Core.h
[11.211s] -- Symlinking: /workspaces/isaac_ros-dev/install/gxf_isaac_tensorops/include/extensions/tensorops/core/DBScan.cpp
[11.222s] -- Symlinking: /workspaces/isaac_ros-dev/install/gxf_isaac_tensorops/include/extensions/tensorops/core/DBScan.h
[11.233s] -- Symlinking: /workspaces/isaac_ros-dev/install/gxf_isaac_tensorops/include/extensions/tensorops/core/Errors.cpp
[11.246s] -- Symlinking: /workspaces/isaac_ros-dev/install/gxf_isaac_tensorops/include/extensions/tensorops/core/Errors.h
[11.259s] -- Symlinking: /workspaces/isaac_ros-dev/install/gxf_isaac_tensorops/include/extensions/tensorops/core/Filters.cpp
[11.269s] -- Symlinking: /workspaces/isaac_ros-dev/install/gxf_isaac_tensorops/include/extensions/tensorops/core/Filters.h
[11.283s] -- Symlinking: /workspaces/isaac_ros-dev/install/gxf_isaac_tensorops/include/extensions/tensorops/core/FusedOperations.cpp
[11.301s] -- Symlinking: /workspaces/isaac_ros-dev/install/gxf_isaac_tensorops/include/extensions/tensorops/core/GeometryTransforms.cpp
[11.315s] -- Symlinking: /workspaces/isaac_ros-dev/install/gxf_isaac_tensorops/include/extensions/tensorops/core/IImageWarp.cpp
[11.329s] -- Symlinking: /workspaces/isaac_ros-dev/install/gxf_isaac_tensorops/include/extensions/tensorops/core/IImageWarp.h
[11.344s] -- Symlinking: /workspaces/isaac_ros-dev/install/gxf_isaac_tensorops/include/extensions/tensorops/core/ITensorOperatorContext.h
[11.356s] -- Symlinking: /workspaces/isaac_ros-dev/install/gxf_isaac_tensorops/include/extensions/tensorops/core/ITensorOperatorStream.h
[11.369s] -- Symlinking: /workspaces/isaac_ros-dev/install/gxf_isaac_tensorops/include/extensions/tensorops/core/Image.h
[11.380s] -- Symlinking: /workspaces/isaac_ros-dev/install/gxf_isaac_tensorops/include/extensions/tensorops/core/ImageUtils.h
[11.387s] -- Symlinking: /workspaces/isaac_ros-dev/install/gxf_isaac_tensorops/include/extensions/tensorops/core/MathTypes.cpp
[11.401s] -- Symlinking: /workspaces/isaac_ros-dev/install/gxf_isaac_tensorops/include/extensions/tensorops/core/MathTypes.h
[11.410s] -- Symlinking: /workspaces/isaac_ros-dev/install/gxf_isaac_tensorops/include/extensions/tensorops/core/Memory.cpp
[11.419s] -- Symlinking: /workspaces/isaac_ros-dev/install/gxf_isaac_tensorops/include/extensions/tensorops/core/Memory.h
[11.432s] -- Symlinking: /workspaces/isaac_ros-dev/install/gxf_isaac_tensorops/include/extensions/tensorops/core/NppUtils.cpp
[11.444s] -- Symlinking: /workspaces/isaac_ros-dev/install/gxf_isaac_tensorops/include/extensions/tensorops/core/NppUtils.h
[11.456s] -- Symlinking: /workspaces/isaac_ros-dev/install/gxf_isaac_tensorops/include/extensions/tensorops/core/OneEuroFilter.cpp
[11.465s] -- Symlinking: /workspaces/isaac_ros-dev/install/gxf_isaac_tensorops/include/extensions/tensorops/core/OneEuroFilter.h
[11.472s] -- Symlinking: /workspaces/isaac_ros-dev/install/gxf_isaac_tensorops/include/extensions/tensorops/core/Tensor.cpp
[11.478s] -- Symlinking: /workspaces/isaac_ros-dev/install/gxf_isaac_tensorops/include/extensions/tensorops/core/Tensor.h
[11.486s] -- Symlinking: /workspaces/isaac_ros-dev/install/gxf_isaac_tensorops/include/extensions/tensorops/core/TensorOperators.cpp
[11.495s] -- Symlinking: /workspaces/isaac_ros-dev/install/gxf_isaac_tensorops/include/extensions/tensorops/core/TensorOperators.h
[11.502s] -- Symlinking: /workspaces/isaac_ros-dev/install/gxf_isaac_tensorops/include/extensions/tensorops/core/Traits.h
[11.512s] -- Symlinking: /workspaces/isaac_ros-dev/install/gxf_isaac_tensorops/include/extensions/tensorops/core/VPIColorConvertImpl.cpp
[11.519s] -- Symlinking: /workspaces/isaac_ros-dev/install/gxf_isaac_tensorops/include/extensions/tensorops/core/VPIColorConvertImpl.h
[11.529s] -- Symlinking: /workspaces/isaac_ros-dev/install/gxf_isaac_tensorops/include/extensions/tensorops/core/VPIEnumMapping.h
[11.538s] -- Symlinking: /workspaces/isaac_ros-dev/install/gxf_isaac_tensorops/include/extensions/tensorops/core/VPIImageWarp.h
[11.552s] -- Symlinking: /workspaces/isaac_ros-dev/install/gxf_isaac_tensorops/include/extensions/tensorops/core/VPIRemapImpl.cpp
[11.565s] -- Symlinking: /workspaces/isaac_ros-dev/install/gxf_isaac_tensorops/include/extensions/tensorops/core/VPIRemapImpl.h
[11.575s] -- Symlinking: /workspaces/isaac_ros-dev/install/gxf_isaac_tensorops/include/extensions/tensorops/core/VPIResizeImpl.cpp
[11.582s] -- Symlinking: /workspaces/isaac_ros-dev/install/gxf_isaac_tensorops/include/extensions/tensorops/core/VPIResizeImpl.h
[11.589s] -- Symlinking: /workspaces/isaac_ros-dev/install/gxf_isaac_tensorops/include/extensions/tensorops/core/VPIStatusMapping.cpp
[11.598s] -- Symlinking: /workspaces/isaac_ros-dev/install/gxf_isaac_tensorops/include/extensions/tensorops/core/VPIStatusMapping.h
[11.609s] -- Symlinking: /workspaces/isaac_ros-dev/install/gxf_isaac_tensorops/include/extensions/tensorops/core/VPIStereoDisparityEstimatorImpl.cpp
[11.615s] -- Symlinking: /workspaces/isaac_ros-dev/install/gxf_isaac_tensorops/include/extensions/tensorops/core/VPIStereoDisparityEstimatorImpl.h
[11.623s] -- Symlinking: /workspaces/isaac_ros-dev/install/gxf_isaac_tensorops/include/extensions/tensorops/core/VPITensorOperators.cpp
[11.631s] -- Symlinking: /workspaces/isaac_ros-dev/install/gxf_isaac_tensorops/include/extensions/tensorops/core/VPITensorOperators.h
[11.640s] -- Symlinking: /workspaces/isaac_ros-dev/install/gxf_isaac_tensorops/include/extensions/tensorops/tensorops.cpp
[11.655s] -- Symlinking: /workspaces/isaac_ros-dev/install/gxf_isaac_tensorops/share/gxf_isaac_tensorops/version_info.yaml
[11.668s] -- Symlinking: /workspaces/isaac_ros-dev/install/gxf_isaac_tensorops/share/gxf_isaac_tensorops/environment/library_path.sh
[11.682s] -- Symlinking: /workspaces/isaac_ros-dev/install/gxf_isaac_tensorops/share/gxf_isaac_tensorops/environment/library_path.dsv
[11.696s] -- Symlinking: /workspaces/isaac_ros-dev/install/gxf_isaac_tensorops/lib/libgxf_isaac_tensorops.so
[11.707s] -- Symlinking: /workspaces/isaac_ros-dev/install/gxf_isaac_tensorops/share/ament_index/resource_index/package_run_dependencies/gxf_isaac_tensorops
[11.717s] -- Symlinking: /workspaces/isaac_ros-dev/install/gxf_isaac_tensorops/share/ament_index/resource_index/parent_prefix_path/gxf_isaac_tensorops
[11.732s] -- Symlinking: /workspaces/isaac_ros-dev/install/gxf_isaac_tensorops/share/gxf_isaac_tensorops/environment/ament_prefix_path.sh
[11.748s] -- Symlinking: /workspaces/isaac_ros-dev/install/gxf_isaac_tensorops/share/gxf_isaac_tensorops/environment/ament_prefix_path.dsv
[11.761s] -- Symlinking: /workspaces/isaac_ros-dev/install/gxf_isaac_tensorops/share/gxf_isaac_tensorops/environment/path.sh
[11.770s] -- Symlinking: /workspaces/isaac_ros-dev/install/gxf_isaac_tensorops/share/gxf_isaac_tensorops/environment/path.dsv
[11.778s] -- Symlinking: /workspaces/isaac_ros-dev/install/gxf_isaac_tensorops/share/gxf_isaac_tensorops/local_setup.bash
[11.787s] -- Symlinking: /workspaces/isaac_ros-dev/install/gxf_isaac_tensorops/share/gxf_isaac_tensorops/local_setup.sh
[11.794s] -- Symlinking: /workspaces/isaac_ros-dev/install/gxf_isaac_tensorops/share/gxf_isaac_tensorops/local_setup.zsh
[11.803s] -- Symlinking: /workspaces/isaac_ros-dev/install/gxf_isaac_tensorops/share/gxf_isaac_tensorops/local_setup.dsv
[11.818s] -- Symlinking: /workspaces/isaac_ros-dev/install/gxf_isaac_tensorops/share/gxf_isaac_tensorops/package.dsv
[11.831s] -- Symlinking: /workspaces/isaac_ros-dev/install/gxf_isaac_tensorops/share/ament_index/resource_index/packages/gxf_isaac_tensorops
[11.843s] -- Symlinking: /workspaces/isaac_ros-dev/install/gxf_isaac_tensorops/share/gxf_isaac_tensorops/cmake/ament_cmake_export_include_directories-extras.cmake
[11.854s] -- Symlinking: /workspaces/isaac_ros-dev/install/gxf_isaac_tensorops/share/gxf_isaac_tensorops/cmake/ament_cmake_export_dependencies-extras.cmake
[11.867s] -- Symlinking: /workspaces/isaac_ros-dev/install/gxf_isaac_tensorops/share/gxf_isaac_tensorops/cmake/ament_cmake_export_libraries-extras.cmake
[11.885s] -- Symlinking: /workspaces/isaac_ros-dev/install/gxf_isaac_tensorops/share/gxf_isaac_tensorops/cmake/gxf_isaac_tensoropsConfig.cmake
[11.895s] -- Symlinking: /workspaces/isaac_ros-dev/install/gxf_isaac_tensorops/share/gxf_isaac_tensorops/cmake/gxf_isaac_tensoropsConfig-version.cmake
[11.904s] -- Symlinking: /workspaces/isaac_ros-dev/install/gxf_isaac_tensorops/share/gxf_isaac_tensorops/package.xml
[11.914s] Invoked command in '/workspaces/isaac_ros-dev/build/gxf_isaac_tensorops' returned '0': CMAKE_PREFIX_PATH=/workspaces/isaac_ros-dev/install/gxf_isaac_messages:/workspaces/isaac_ros-dev/install/gxf_isaac_gems:/workspaces/isaac_ros-dev/install/isaac_ros_gxf:/workspaces/isaac_ros-dev/install/isaac_ros_common:/workspaces/isaac_ros-dev/install/isaac_ros_centerpose:/workspaces/isaac_ros-dev/install/isaac_ros_tensor_rt:/workspaces/isaac_ros-dev/install/isaac_ros_dnn_image_encoder:/workspaces/isaac_ros-dev/install/isaac_ros_tensor_proc:/workspaces/isaac_ros-dev/install/isaac_ros_managed_nitros:/workspaces/isaac_ros-dev/install/isaac_ros_nitros_tensor_list_type:/workspaces/isaac_ros-dev/install/isaac_ros_tensor_list_interfaces:/workspaces/isaac_ros-dev/install/isaac_ros_nitros_image_type:/workspaces/isaac_ros-dev/install/gxf_isaac_centerpose:/workspaces/isaac_ros-dev/install/isaac_ros_nitros_detection3_d_array_type:/workspaces/isaac_ros-dev/install/isaac_ros_nitros_camera_info_type:/workspaces/isaac_ros-dev/install/isaac_ros_nitros:/workspaces/isaac_ros-dev/install/gxf_isaac_tensor_rt:/workspaces/isaac_ros-dev/install/gxf_isaac_sight:/workspaces/isaac_ros-dev/install/gxf_isaac_optimizer:/workspaces/isaac_ros-dev/install/gxf_isaac_message_compositor:/workspaces/isaac_ros-dev/install/gxf_isaac_gxf_helpers:/workspaces/isaac_ros-dev/install/gxf_isaac_atlas:/usr/local/libcudss-linux-0.3.0.9_cuda12-archive:/workspaces/isaac_ros-dev/install/isaac_ros_test:/opt/ros/humble LD_LIBRARY_PATH=/workspaces/isaac_ros-dev/install/isaac_ros_gxf/lib:/workspaces/isaac_ros-dev/install/isaac_ros_common/lib:/workspaces/isaac_ros-dev/install/isaac_ros_centerpose/lib:/workspaces/isaac_ros-dev/install/isaac_ros_tensor_rt/lib:/workspaces/isaac_ros-dev/install/isaac_ros_dnn_image_encoder/lib:/workspaces/isaac_ros-dev/install/isaac_ros_tensor_proc/lib:/workspaces/isaac_ros-dev/install/isaac_ros_managed_nitros/lib:/workspaces/isaac_ros-dev/install/isaac_ros_nitros_tensor_list_type/lib:/workspaces/isaac_ros-dev/install/isaac_ros_tensor_list_interfaces/lib:/workspaces/isaac_ros-dev/install/isaac_ros_nitros_image_type/lib:/workspaces/isaac_ros-dev/install/gxf_isaac_centerpose/lib:/workspaces/isaac_ros-dev/install/isaac_ros_nitros_detection3_d_array_type/lib:/workspaces/isaac_ros-dev/install/isaac_ros_nitros_camera_info_type/lib:/workspaces/isaac_ros-dev/install/isaac_ros_nitros/lib:/workspaces/isaac_ros-dev/install/gxf_isaac_tensor_rt/lib:/workspaces/isaac_ros-dev/install/gxf_isaac_sight/lib:/workspaces/isaac_ros-dev/install/gxf_isaac_optimizer/lib:/workspaces/isaac_ros-dev/install/gxf_isaac_messages/lib:/workspaces/isaac_ros-dev/install/gxf_isaac_message_compositor/lib:/workspaces/isaac_ros-dev/install/gxf_isaac_gxf_helpers/lib:/workspaces/isaac_ros-dev/install/gxf_isaac_atlas/lib:/workspaces/isaac_ros-dev/install/gxf_isaac_gems/lib:/opt/ros/humble/opt/rviz_ogre_vendor/lib:/opt/ros/humble/lib/x86_64-linux-gnu:/opt/ros/humble/lib:/usr/local/libcudss-linux-0.3.0.9_cuda12-archive/lib:/opt/hpcx/ucc/lib/:/opt/hpcx/ucx/lib/:/usr/local/cuda/compat/lib:/usr/local/nvidia/lib:/usr/local/nvidia/lib64:/opt/tritonserver/lib _=/usr/bin/env /usr/bin/cmake --install /workspaces/isaac_ros-dev/build/gxf_isaac_tensorops
