[0.077s] Invoking command in '/workspaces/isaac_ros-dev/build/gxf_isaac_tensorops': CMAKE_PREFIX_PATH=/workspaces/isaac_ros-dev/install/gxf_isaac_messages:/workspaces/isaac_ros-dev/install/gxf_isaac_gems:/workspaces/isaac_ros-dev/install/isaac_ros_gxf:/workspaces/isaac_ros-dev/install/isaac_ros_common:/workspaces/isaac_ros-dev/install/isaac_ros_centerpose:/workspaces/isaac_ros-dev/install/isaac_ros_tensor_rt:/workspaces/isaac_ros-dev/install/isaac_ros_dnn_image_encoder:/workspaces/isaac_ros-dev/install/isaac_ros_tensor_proc:/workspaces/isaac_ros-dev/install/isaac_ros_managed_nitros:/workspaces/isaac_ros-dev/install/isaac_ros_nitros_tensor_list_type:/workspaces/isaac_ros-dev/install/isaac_ros_tensor_list_interfaces:/workspaces/isaac_ros-dev/install/isaac_ros_nitros_image_type:/workspaces/isaac_ros-dev/install/gxf_isaac_centerpose:/workspaces/isaac_ros-dev/install/isaac_ros_nitros_detection3_d_array_type:/workspaces/isaac_ros-dev/install/isaac_ros_nitros_camera_info_type:/workspaces/isaac_ros-dev/install/isaac_ros_nitros:/workspaces/isaac_ros-dev/install/gxf_isaac_tensor_rt:/workspaces/isaac_ros-dev/install/gxf_isaac_sight:/workspaces/isaac_ros-dev/install/gxf_isaac_optimizer:/workspaces/isaac_ros-dev/install/gxf_isaac_message_compositor:/workspaces/isaac_ros-dev/install/gxf_isaac_gxf_helpers:/workspaces/isaac_ros-dev/install/gxf_isaac_atlas:/usr/local/libcudss-linux-0.3.0.9_cuda12-archive:/workspaces/isaac_ros-dev/install/isaac_ros_test:/opt/ros/humble LD_LIBRARY_PATH=/workspaces/isaac_ros-dev/install/isaac_ros_gxf/lib:/workspaces/isaac_ros-dev/install/isaac_ros_common/lib:/workspaces/isaac_ros-dev/install/isaac_ros_centerpose/lib:/workspaces/isaac_ros-dev/install/isaac_ros_tensor_rt/lib:/workspaces/isaac_ros-dev/install/isaac_ros_dnn_image_encoder/lib:/workspaces/isaac_ros-dev/install/isaac_ros_tensor_proc/lib:/workspaces/isaac_ros-dev/install/isaac_ros_managed_nitros/lib:/workspaces/isaac_ros-dev/install/isaac_ros_nitros_tensor_list_type/lib:/workspaces/isaac_ros-dev/install/isaac_ros_tensor_list_interfaces/lib:/workspaces/isaac_ros-dev/install/isaac_ros_nitros_image_type/lib:/workspaces/isaac_ros-dev/install/gxf_isaac_centerpose/lib:/workspaces/isaac_ros-dev/install/isaac_ros_nitros_detection3_d_array_type/lib:/workspaces/isaac_ros-dev/install/isaac_ros_nitros_camera_info_type/lib:/workspaces/isaac_ros-dev/install/isaac_ros_nitros/lib:/workspaces/isaac_ros-dev/install/gxf_isaac_tensor_rt/lib:/workspaces/isaac_ros-dev/install/gxf_isaac_sight/lib:/workspaces/isaac_ros-dev/install/gxf_isaac_optimizer/lib:/workspaces/isaac_ros-dev/install/gxf_isaac_messages/lib:/workspaces/isaac_ros-dev/install/gxf_isaac_message_compositor/lib:/workspaces/isaac_ros-dev/install/gxf_isaac_gxf_helpers/lib:/workspaces/isaac_ros-dev/install/gxf_isaac_atlas/lib:/workspaces/isaac_ros-dev/install/gxf_isaac_gems/lib:/opt/ros/humble/opt/rviz_ogre_vendor/lib:/opt/ros/humble/lib/x86_64-linux-gnu:/opt/ros/humble/lib:/usr/local/libcudss-linux-0.3.0.9_cuda12-archive/lib:/opt/hpcx/ucc/lib/:/opt/hpcx/ucx/lib/:/usr/local/cuda/compat/lib:/usr/local/nvidia/lib:/usr/local/nvidia/lib64:/opt/tritonserver/lib _=/usr/bin/env /usr/bin/cmake /workspaces/isaac_ros-dev/src/isaac_ros_image_pipeline/isaac_ros_gxf_extensions/gxf_isaac_tensorops -DCMAKE_BUILD_TYPE=Release -DBUILD_TESTING=OFF -DAMENT_CMAKE_SYMLINK_INSTALL=1 -DCMAKE_INSTALL_PREFIX=/workspaces/isaac_ros-dev/install/gxf_isaac_tensorops
[0.098s] -- Found ament_cmake_auto: 1.3.12 (/opt/ros/humble/share/ament_cmake_auto/cmake)
[0.209s] -- Override CMake install command with custom implementation using symlinks instead of copying resources
[0.283s] -- Loading isaac_ros_common extras
[0.283s] -- CMAKE_BUILD_TYPE: Release
[0.299s] -- CUDA architectures: 89;86;80;75;70
[0.299s] -- Loading isaac_ros_common extras (modules)
[0.315s] -- Found rosidl_generator_c: 3.1.7 (/opt/ros/humble/share/rosidl_generator_c/cmake)
[0.317s] -- Found rosidl_adapter: 3.1.7 (/opt/ros/humble/share/rosidl_adapter/cmake)
[0.320s] -- Found rosidl_generator_cpp: 3.1.7 (/opt/ros/humble/share/rosidl_generator_cpp/cmake)
[0.327s] -- Using all available rosidl_typesupport_c: rosidl_typesupport_fastrtps_c;rosidl_typesupport_introspection_c
[0.336s] -- Using all available rosidl_typesupport_cpp: rosidl_typesupport_fastrtps_cpp;rosidl_typesupport_introspection_cpp
[0.358s] -- Found rmw_implementation_cmake: 6.1.2 (/opt/ros/humble/share/rmw_implementation_cmake/cmake)
[0.359s] -- Found rmw_fastrtps_cpp: 6.2.9 (/opt/ros/humble/share/rmw_fastrtps_cpp/cmake)
[0.466s] -- Using RMW implementation 'rmw_fastrtps_cpp' as default
[0.500s] -- Loading isaac_ros_gxf extras
[0.634s] -- Configuring done
[0.649s] -- Generating done
[0.652s] -- Build files have been written to: /workspaces/isaac_ros-dev/build/gxf_isaac_tensorops
[0.658s] Invoked command in '/workspaces/isaac_ros-dev/build/gxf_isaac_tensorops' returned '0': CMAKE_PREFIX_PATH=/workspaces/isaac_ros-dev/install/gxf_isaac_messages:/workspaces/isaac_ros-dev/install/gxf_isaac_gems:/workspaces/isaac_ros-dev/install/isaac_ros_gxf:/workspaces/isaac_ros-dev/install/isaac_ros_common:/workspaces/isaac_ros-dev/install/isaac_ros_centerpose:/workspaces/isaac_ros-dev/install/isaac_ros_tensor_rt:/workspaces/isaac_ros-dev/install/isaac_ros_dnn_image_encoder:/workspaces/isaac_ros-dev/install/isaac_ros_tensor_proc:/workspaces/isaac_ros-dev/install/isaac_ros_managed_nitros:/workspaces/isaac_ros-dev/install/isaac_ros_nitros_tensor_list_type:/workspaces/isaac_ros-dev/install/isaac_ros_tensor_list_interfaces:/workspaces/isaac_ros-dev/install/isaac_ros_nitros_image_type:/workspaces/isaac_ros-dev/install/gxf_isaac_centerpose:/workspaces/isaac_ros-dev/install/isaac_ros_nitros_detection3_d_array_type:/workspaces/isaac_ros-dev/install/isaac_ros_nitros_camera_info_type:/workspaces/isaac_ros-dev/install/isaac_ros_nitros:/workspaces/isaac_ros-dev/install/gxf_isaac_tensor_rt:/workspaces/isaac_ros-dev/install/gxf_isaac_sight:/workspaces/isaac_ros-dev/install/gxf_isaac_optimizer:/workspaces/isaac_ros-dev/install/gxf_isaac_message_compositor:/workspaces/isaac_ros-dev/install/gxf_isaac_gxf_helpers:/workspaces/isaac_ros-dev/install/gxf_isaac_atlas:/usr/local/libcudss-linux-0.3.0.9_cuda12-archive:/workspaces/isaac_ros-dev/install/isaac_ros_test:/opt/ros/humble LD_LIBRARY_PATH=/workspaces/isaac_ros-dev/install/isaac_ros_gxf/lib:/workspaces/isaac_ros-dev/install/isaac_ros_common/lib:/workspaces/isaac_ros-dev/install/isaac_ros_centerpose/lib:/workspaces/isaac_ros-dev/install/isaac_ros_tensor_rt/lib:/workspaces/isaac_ros-dev/install/isaac_ros_dnn_image_encoder/lib:/workspaces/isaac_ros-dev/install/isaac_ros_tensor_proc/lib:/workspaces/isaac_ros-dev/install/isaac_ros_managed_nitros/lib:/workspaces/isaac_ros-dev/install/isaac_ros_nitros_tensor_list_type/lib:/workspaces/isaac_ros-dev/install/isaac_ros_tensor_list_interfaces/lib:/workspaces/isaac_ros-dev/install/isaac_ros_nitros_image_type/lib:/workspaces/isaac_ros-dev/install/gxf_isaac_centerpose/lib:/workspaces/isaac_ros-dev/install/isaac_ros_nitros_detection3_d_array_type/lib:/workspaces/isaac_ros-dev/install/isaac_ros_nitros_camera_info_type/lib:/workspaces/isaac_ros-dev/install/isaac_ros_nitros/lib:/workspaces/isaac_ros-dev/install/gxf_isaac_tensor_rt/lib:/workspaces/isaac_ros-dev/install/gxf_isaac_sight/lib:/workspaces/isaac_ros-dev/install/gxf_isaac_optimizer/lib:/workspaces/isaac_ros-dev/install/gxf_isaac_messages/lib:/workspaces/isaac_ros-dev/install/gxf_isaac_message_compositor/lib:/workspaces/isaac_ros-dev/install/gxf_isaac_gxf_helpers/lib:/workspaces/isaac_ros-dev/install/gxf_isaac_atlas/lib:/workspaces/isaac_ros-dev/install/gxf_isaac_gems/lib:/opt/ros/humble/opt/rviz_ogre_vendor/lib:/opt/ros/humble/lib/x86_64-linux-gnu:/opt/ros/humble/lib:/usr/local/libcudss-linux-0.3.0.9_cuda12-archive/lib:/opt/hpcx/ucc/lib/:/opt/hpcx/ucx/lib/:/usr/local/cuda/compat/lib:/usr/local/nvidia/lib:/usr/local/nvidia/lib64:/opt/tritonserver/lib _=/usr/bin/env /usr/bin/cmake /workspaces/isaac_ros-dev/src/isaac_ros_image_pipeline/isaac_ros_gxf_extensions/gxf_isaac_tensorops -DCMAKE_BUILD_TYPE=Release -DBUILD_TESTING=OFF -DAMENT_CMAKE_SYMLINK_INSTALL=1 -DCMAKE_INSTALL_PREFIX=/workspaces/isaac_ros-dev/install/gxf_isaac_tensorops
[0.659s] Invoking command in '/workspaces/isaac_ros-dev/build/gxf_isaac_tensorops': CMAKE_PREFIX_PATH=/workspaces/isaac_ros-dev/install/gxf_isaac_messages:/workspaces/isaac_ros-dev/install/gxf_isaac_gems:/workspaces/isaac_ros-dev/install/isaac_ros_gxf:/workspaces/isaac_ros-dev/install/isaac_ros_common:/workspaces/isaac_ros-dev/install/isaac_ros_centerpose:/workspaces/isaac_ros-dev/install/isaac_ros_tensor_rt:/workspaces/isaac_ros-dev/install/isaac_ros_dnn_image_encoder:/workspaces/isaac_ros-dev/install/isaac_ros_tensor_proc:/workspaces/isaac_ros-dev/install/isaac_ros_managed_nitros:/workspaces/isaac_ros-dev/install/isaac_ros_nitros_tensor_list_type:/workspaces/isaac_ros-dev/install/isaac_ros_tensor_list_interfaces:/workspaces/isaac_ros-dev/install/isaac_ros_nitros_image_type:/workspaces/isaac_ros-dev/install/gxf_isaac_centerpose:/workspaces/isaac_ros-dev/install/isaac_ros_nitros_detection3_d_array_type:/workspaces/isaac_ros-dev/install/isaac_ros_nitros_camera_info_type:/workspaces/isaac_ros-dev/install/isaac_ros_nitros:/workspaces/isaac_ros-dev/install/gxf_isaac_tensor_rt:/workspaces/isaac_ros-dev/install/gxf_isaac_sight:/workspaces/isaac_ros-dev/install/gxf_isaac_optimizer:/workspaces/isaac_ros-dev/install/gxf_isaac_message_compositor:/workspaces/isaac_ros-dev/install/gxf_isaac_gxf_helpers:/workspaces/isaac_ros-dev/install/gxf_isaac_atlas:/usr/local/libcudss-linux-0.3.0.9_cuda12-archive:/workspaces/isaac_ros-dev/install/isaac_ros_test:/opt/ros/humble LD_LIBRARY_PATH=/workspaces/isaac_ros-dev/install/isaac_ros_gxf/lib:/workspaces/isaac_ros-dev/install/isaac_ros_common/lib:/workspaces/isaac_ros-dev/install/isaac_ros_centerpose/lib:/workspaces/isaac_ros-dev/install/isaac_ros_tensor_rt/lib:/workspaces/isaac_ros-dev/install/isaac_ros_dnn_image_encoder/lib:/workspaces/isaac_ros-dev/install/isaac_ros_tensor_proc/lib:/workspaces/isaac_ros-dev/install/isaac_ros_managed_nitros/lib:/workspaces/isaac_ros-dev/install/isaac_ros_nitros_tensor_list_type/lib:/workspaces/isaac_ros-dev/install/isaac_ros_tensor_list_interfaces/lib:/workspaces/isaac_ros-dev/install/isaac_ros_nitros_image_type/lib:/workspaces/isaac_ros-dev/install/gxf_isaac_centerpose/lib:/workspaces/isaac_ros-dev/install/isaac_ros_nitros_detection3_d_array_type/lib:/workspaces/isaac_ros-dev/install/isaac_ros_nitros_camera_info_type/lib:/workspaces/isaac_ros-dev/install/isaac_ros_nitros/lib:/workspaces/isaac_ros-dev/install/gxf_isaac_tensor_rt/lib:/workspaces/isaac_ros-dev/install/gxf_isaac_sight/lib:/workspaces/isaac_ros-dev/install/gxf_isaac_optimizer/lib:/workspaces/isaac_ros-dev/install/gxf_isaac_messages/lib:/workspaces/isaac_ros-dev/install/gxf_isaac_message_compositor/lib:/workspaces/isaac_ros-dev/install/gxf_isaac_gxf_helpers/lib:/workspaces/isaac_ros-dev/install/gxf_isaac_atlas/lib:/workspaces/isaac_ros-dev/install/gxf_isaac_gems/lib:/opt/ros/humble/opt/rviz_ogre_vendor/lib:/opt/ros/humble/lib/x86_64-linux-gnu:/opt/ros/humble/lib:/usr/local/libcudss-linux-0.3.0.9_cuda12-archive/lib:/opt/hpcx/ucc/lib/:/opt/hpcx/ucx/lib/:/usr/local/cuda/compat/lib:/usr/local/nvidia/lib:/usr/local/nvidia/lib64:/opt/tritonserver/lib _=/usr/bin/env /usr/bin/cmake --build /workspaces/isaac_ros-dev/build/gxf_isaac_tensorops -- -j16 -l16
[0.766s] [35m[1mConsolidate compiler generated dependencies of target gxf_isaac_tensorops[0m
[0.796s] [  2%] Built target generate_version_info_target_gxf_isaac_tensorops
[0.859s] [100%] Built target gxf_isaac_tensorops
[0.877s] Invoked command in '/workspaces/isaac_ros-dev/build/gxf_isaac_tensorops' returned '0': CMAKE_PREFIX_PATH=/workspaces/isaac_ros-dev/install/gxf_isaac_messages:/workspaces/isaac_ros-dev/install/gxf_isaac_gems:/workspaces/isaac_ros-dev/install/isaac_ros_gxf:/workspaces/isaac_ros-dev/install/isaac_ros_common:/workspaces/isaac_ros-dev/install/isaac_ros_centerpose:/workspaces/isaac_ros-dev/install/isaac_ros_tensor_rt:/workspaces/isaac_ros-dev/install/isaac_ros_dnn_image_encoder:/workspaces/isaac_ros-dev/install/isaac_ros_tensor_proc:/workspaces/isaac_ros-dev/install/isaac_ros_managed_nitros:/workspaces/isaac_ros-dev/install/isaac_ros_nitros_tensor_list_type:/workspaces/isaac_ros-dev/install/isaac_ros_tensor_list_interfaces:/workspaces/isaac_ros-dev/install/isaac_ros_nitros_image_type:/workspaces/isaac_ros-dev/install/gxf_isaac_centerpose:/workspaces/isaac_ros-dev/install/isaac_ros_nitros_detection3_d_array_type:/workspaces/isaac_ros-dev/install/isaac_ros_nitros_camera_info_type:/workspaces/isaac_ros-dev/install/isaac_ros_nitros:/workspaces/isaac_ros-dev/install/gxf_isaac_tensor_rt:/workspaces/isaac_ros-dev/install/gxf_isaac_sight:/workspaces/isaac_ros-dev/install/gxf_isaac_optimizer:/workspaces/isaac_ros-dev/install/gxf_isaac_message_compositor:/workspaces/isaac_ros-dev/install/gxf_isaac_gxf_helpers:/workspaces/isaac_ros-dev/install/gxf_isaac_atlas:/usr/local/libcudss-linux-0.3.0.9_cuda12-archive:/workspaces/isaac_ros-dev/install/isaac_ros_test:/opt/ros/humble LD_LIBRARY_PATH=/workspaces/isaac_ros-dev/install/isaac_ros_gxf/lib:/workspaces/isaac_ros-dev/install/isaac_ros_common/lib:/workspaces/isaac_ros-dev/install/isaac_ros_centerpose/lib:/workspaces/isaac_ros-dev/install/isaac_ros_tensor_rt/lib:/workspaces/isaac_ros-dev/install/isaac_ros_dnn_image_encoder/lib:/workspaces/isaac_ros-dev/install/isaac_ros_tensor_proc/lib:/workspaces/isaac_ros-dev/install/isaac_ros_managed_nitros/lib:/workspaces/isaac_ros-dev/install/isaac_ros_nitros_tensor_list_type/lib:/workspaces/isaac_ros-dev/install/isaac_ros_tensor_list_interfaces/lib:/workspaces/isaac_ros-dev/install/isaac_ros_nitros_image_type/lib:/workspaces/isaac_ros-dev/install/gxf_isaac_centerpose/lib:/workspaces/isaac_ros-dev/install/isaac_ros_nitros_detection3_d_array_type/lib:/workspaces/isaac_ros-dev/install/isaac_ros_nitros_camera_info_type/lib:/workspaces/isaac_ros-dev/install/isaac_ros_nitros/lib:/workspaces/isaac_ros-dev/install/gxf_isaac_tensor_rt/lib:/workspaces/isaac_ros-dev/install/gxf_isaac_sight/lib:/workspaces/isaac_ros-dev/install/gxf_isaac_optimizer/lib:/workspaces/isaac_ros-dev/install/gxf_isaac_messages/lib:/workspaces/isaac_ros-dev/install/gxf_isaac_message_compositor/lib:/workspaces/isaac_ros-dev/install/gxf_isaac_gxf_helpers/lib:/workspaces/isaac_ros-dev/install/gxf_isaac_atlas/lib:/workspaces/isaac_ros-dev/install/gxf_isaac_gems/lib:/opt/ros/humble/opt/rviz_ogre_vendor/lib:/opt/ros/humble/lib/x86_64-linux-gnu:/opt/ros/humble/lib:/usr/local/libcudss-linux-0.3.0.9_cuda12-archive/lib:/opt/hpcx/ucc/lib/:/opt/hpcx/ucx/lib/:/usr/local/cuda/compat/lib:/usr/local/nvidia/lib:/usr/local/nvidia/lib64:/opt/tritonserver/lib _=/usr/bin/env /usr/bin/cmake --build /workspaces/isaac_ros-dev/build/gxf_isaac_tensorops -- -j16 -l16
[0.888s] Invoking command in '/workspaces/isaac_ros-dev/build/gxf_isaac_tensorops': CMAKE_PREFIX_PATH=/workspaces/isaac_ros-dev/install/gxf_isaac_messages:/workspaces/isaac_ros-dev/install/gxf_isaac_gems:/workspaces/isaac_ros-dev/install/isaac_ros_gxf:/workspaces/isaac_ros-dev/install/isaac_ros_common:/workspaces/isaac_ros-dev/install/isaac_ros_centerpose:/workspaces/isaac_ros-dev/install/isaac_ros_tensor_rt:/workspaces/isaac_ros-dev/install/isaac_ros_dnn_image_encoder:/workspaces/isaac_ros-dev/install/isaac_ros_tensor_proc:/workspaces/isaac_ros-dev/install/isaac_ros_managed_nitros:/workspaces/isaac_ros-dev/install/isaac_ros_nitros_tensor_list_type:/workspaces/isaac_ros-dev/install/isaac_ros_tensor_list_interfaces:/workspaces/isaac_ros-dev/install/isaac_ros_nitros_image_type:/workspaces/isaac_ros-dev/install/gxf_isaac_centerpose:/workspaces/isaac_ros-dev/install/isaac_ros_nitros_detection3_d_array_type:/workspaces/isaac_ros-dev/install/isaac_ros_nitros_camera_info_type:/workspaces/isaac_ros-dev/install/isaac_ros_nitros:/workspaces/isaac_ros-dev/install/gxf_isaac_tensor_rt:/workspaces/isaac_ros-dev/install/gxf_isaac_sight:/workspaces/isaac_ros-dev/install/gxf_isaac_optimizer:/workspaces/isaac_ros-dev/install/gxf_isaac_message_compositor:/workspaces/isaac_ros-dev/install/gxf_isaac_gxf_helpers:/workspaces/isaac_ros-dev/install/gxf_isaac_atlas:/usr/local/libcudss-linux-0.3.0.9_cuda12-archive:/workspaces/isaac_ros-dev/install/isaac_ros_test:/opt/ros/humble LD_LIBRARY_PATH=/workspaces/isaac_ros-dev/install/isaac_ros_gxf/lib:/workspaces/isaac_ros-dev/install/isaac_ros_common/lib:/workspaces/isaac_ros-dev/install/isaac_ros_centerpose/lib:/workspaces/isaac_ros-dev/install/isaac_ros_tensor_rt/lib:/workspaces/isaac_ros-dev/install/isaac_ros_dnn_image_encoder/lib:/workspaces/isaac_ros-dev/install/isaac_ros_tensor_proc/lib:/workspaces/isaac_ros-dev/install/isaac_ros_managed_nitros/lib:/workspaces/isaac_ros-dev/install/isaac_ros_nitros_tensor_list_type/lib:/workspaces/isaac_ros-dev/install/isaac_ros_tensor_list_interfaces/lib:/workspaces/isaac_ros-dev/install/isaac_ros_nitros_image_type/lib:/workspaces/isaac_ros-dev/install/gxf_isaac_centerpose/lib:/workspaces/isaac_ros-dev/install/isaac_ros_nitros_detection3_d_array_type/lib:/workspaces/isaac_ros-dev/install/isaac_ros_nitros_camera_info_type/lib:/workspaces/isaac_ros-dev/install/isaac_ros_nitros/lib:/workspaces/isaac_ros-dev/install/gxf_isaac_tensor_rt/lib:/workspaces/isaac_ros-dev/install/gxf_isaac_sight/lib:/workspaces/isaac_ros-dev/install/gxf_isaac_optimizer/lib:/workspaces/isaac_ros-dev/install/gxf_isaac_messages/lib:/workspaces/isaac_ros-dev/install/gxf_isaac_message_compositor/lib:/workspaces/isaac_ros-dev/install/gxf_isaac_gxf_helpers/lib:/workspaces/isaac_ros-dev/install/gxf_isaac_atlas/lib:/workspaces/isaac_ros-dev/install/gxf_isaac_gems/lib:/opt/ros/humble/opt/rviz_ogre_vendor/lib:/opt/ros/humble/lib/x86_64-linux-gnu:/opt/ros/humble/lib:/usr/local/libcudss-linux-0.3.0.9_cuda12-archive/lib:/opt/hpcx/ucc/lib/:/opt/hpcx/ucx/lib/:/usr/local/cuda/compat/lib:/usr/local/nvidia/lib:/usr/local/nvidia/lib64:/opt/tritonserver/lib _=/usr/bin/env /usr/bin/cmake --install /workspaces/isaac_ros-dev/build/gxf_isaac_tensorops
[0.893s] -- Install configuration: "Release"
[0.894s] -- Execute custom install script
[0.894s] -- Up-to-date symlink: /workspaces/isaac_ros-dev/install/gxf_isaac_tensorops/share/gxf_isaac_tensorops/gxf/lib/libgxf_isaac_tensorops.so
[0.895s] -- Up-to-date symlink: /workspaces/isaac_ros-dev/install/gxf_isaac_tensorops/include/extensions/tensorops/components/BBoxGenerator.cpp
[0.895s] -- Up-to-date symlink: /workspaces/isaac_ros-dev/install/gxf_isaac_tensorops/include/extensions/tensorops/components/BBoxGenerator.hpp
[0.895s] -- Up-to-date symlink: /workspaces/isaac_ros-dev/install/gxf_isaac_tensorops/include/extensions/tensorops/components/CameraModel.cpp
[0.895s] -- Up-to-date symlink: /workspaces/isaac_ros-dev/install/gxf_isaac_tensorops/include/extensions/tensorops/components/CameraModel.hpp
[0.895s] -- Up-to-date symlink: /workspaces/isaac_ros-dev/install/gxf_isaac_tensorops/include/extensions/tensorops/components/ConvertColorFormat.cpp
[0.895s] -- Up-to-date symlink: /workspaces/isaac_ros-dev/install/gxf_isaac_tensorops/include/extensions/tensorops/components/ConvertColorFormat.hpp
[0.895s] -- Up-to-date symlink: /workspaces/isaac_ros-dev/install/gxf_isaac_tensorops/include/extensions/tensorops/components/CropAndResize.cpp
[0.895s] -- Up-to-date symlink: /workspaces/isaac_ros-dev/install/gxf_isaac_tensorops/include/extensions/tensorops/components/CropAndResize.hpp
[0.895s] -- Up-to-date symlink: /workspaces/isaac_ros-dev/install/gxf_isaac_tensorops/include/extensions/tensorops/components/Frame3D.cpp
[0.896s] -- Up-to-date symlink: /workspaces/isaac_ros-dev/install/gxf_isaac_tensorops/include/extensions/tensorops/components/Frame3D.hpp
[0.896s] -- Up-to-date symlink: /workspaces/isaac_ros-dev/install/gxf_isaac_tensorops/include/extensions/tensorops/components/ImageAdapter.cpp
[0.896s] -- Up-to-date symlink: /workspaces/isaac_ros-dev/install/gxf_isaac_tensorops/include/extensions/tensorops/components/ImageAdapter.hpp
[0.896s] -- Up-to-date symlink: /workspaces/isaac_ros-dev/install/gxf_isaac_tensorops/include/extensions/tensorops/components/ImageUtils.cpp
[0.896s] -- Up-to-date symlink: /workspaces/isaac_ros-dev/install/gxf_isaac_tensorops/include/extensions/tensorops/components/ImageUtils.hpp
[0.896s] -- Up-to-date symlink: /workspaces/isaac_ros-dev/install/gxf_isaac_tensorops/include/extensions/tensorops/components/InterleavedToPlanar.cpp
[0.896s] -- Up-to-date symlink: /workspaces/isaac_ros-dev/install/gxf_isaac_tensorops/include/extensions/tensorops/components/InterleavedToPlanar.hpp
[0.896s] -- Up-to-date symlink: /workspaces/isaac_ros-dev/install/gxf_isaac_tensorops/include/extensions/tensorops/components/Normalize.cpp
[0.896s] -- Up-to-date symlink: /workspaces/isaac_ros-dev/install/gxf_isaac_tensorops/include/extensions/tensorops/components/Normalize.hpp
[0.896s] -- Up-to-date symlink: /workspaces/isaac_ros-dev/install/gxf_isaac_tensorops/include/extensions/tensorops/components/Reshape.cpp
[0.897s] -- Up-to-date symlink: /workspaces/isaac_ros-dev/install/gxf_isaac_tensorops/include/extensions/tensorops/components/Reshape.hpp
[0.897s] -- Up-to-date symlink: /workspaces/isaac_ros-dev/install/gxf_isaac_tensorops/include/extensions/tensorops/components/Resize.cpp
[0.897s] -- Up-to-date symlink: /workspaces/isaac_ros-dev/install/gxf_isaac_tensorops/include/extensions/tensorops/components/Resize.hpp
[0.897s] -- Up-to-date symlink: /workspaces/isaac_ros-dev/install/gxf_isaac_tensorops/include/extensions/tensorops/components/TensorOperator.cpp
[0.897s] -- Up-to-date symlink: /workspaces/isaac_ros-dev/install/gxf_isaac_tensorops/include/extensions/tensorops/components/TensorOperator.hpp
[0.897s] -- Up-to-date symlink: /workspaces/isaac_ros-dev/install/gxf_isaac_tensorops/include/extensions/tensorops/components/TensorStream.cpp
[0.897s] -- Up-to-date symlink: /workspaces/isaac_ros-dev/install/gxf_isaac_tensorops/include/extensions/tensorops/components/TensorStream.hpp
[0.897s] -- Up-to-date symlink: /workspaces/isaac_ros-dev/install/gxf_isaac_tensorops/include/extensions/tensorops/components/Undistort.cpp
[0.897s] -- Up-to-date symlink: /workspaces/isaac_ros-dev/install/gxf_isaac_tensorops/include/extensions/tensorops/components/Undistort.hpp
[0.897s] -- Up-to-date symlink: /workspaces/isaac_ros-dev/install/gxf_isaac_tensorops/include/extensions/tensorops/components/detail/ImageAdapterTensorImpl.cpp
[0.898s] -- Up-to-date symlink: /workspaces/isaac_ros-dev/install/gxf_isaac_tensorops/include/extensions/tensorops/components/detail/ImageAdapterTensorImpl.hpp
[0.898s] -- Up-to-date symlink: /workspaces/isaac_ros-dev/install/gxf_isaac_tensorops/include/extensions/tensorops/components/detail/ImageAdapterVideoBufferImpl.cpp
[0.898s] -- Up-to-date symlink: /workspaces/isaac_ros-dev/install/gxf_isaac_tensorops/include/extensions/tensorops/components/detail/ImageAdapterVideoBufferImpl.hpp
[0.898s] -- Up-to-date symlink: /workspaces/isaac_ros-dev/install/gxf_isaac_tensorops/include/extensions/tensorops/core/ArithmeticOperations.cpp
[0.898s] -- Up-to-date symlink: /workspaces/isaac_ros-dev/install/gxf_isaac_tensorops/include/extensions/tensorops/core/Array.cpp
[0.898s] -- Up-to-date symlink: /workspaces/isaac_ros-dev/install/gxf_isaac_tensorops/include/extensions/tensorops/core/Array.h
[0.898s] -- Up-to-date symlink: /workspaces/isaac_ros-dev/install/gxf_isaac_tensorops/include/extensions/tensorops/core/BBox.h
[0.899s] -- Up-to-date symlink: /workspaces/isaac_ros-dev/install/gxf_isaac_tensorops/include/extensions/tensorops/core/BBoxUtils.cpp
[0.899s] -- Up-to-date symlink: /workspaces/isaac_ros-dev/install/gxf_isaac_tensorops/include/extensions/tensorops/core/BBoxUtils.h
[0.899s] -- Up-to-date symlink: /workspaces/isaac_ros-dev/install/gxf_isaac_tensorops/include/extensions/tensorops/core/CVError.cpp
[0.899s] -- Up-to-date symlink: /workspaces/isaac_ros-dev/install/gxf_isaac_tensorops/include/extensions/tensorops/core/CVError.h
[0.899s] -- Up-to-date symlink: /workspaces/isaac_ros-dev/install/gxf_isaac_tensorops/include/extensions/tensorops/core/CameraModel.h
[0.899s] -- Up-to-date symlink: /workspaces/isaac_ros-dev/install/gxf_isaac_tensorops/include/extensions/tensorops/core/ColorConversions.cpp
[0.899s] -- Up-to-date symlink: /workspaces/isaac_ros-dev/install/gxf_isaac_tensorops/include/extensions/tensorops/core/ComputeEngine.h
[0.899s] -- Up-to-date symlink: /workspaces/isaac_ros-dev/install/gxf_isaac_tensorops/include/extensions/tensorops/core/Core.h
[0.899s] -- Up-to-date symlink: /workspaces/isaac_ros-dev/install/gxf_isaac_tensorops/include/extensions/tensorops/core/DBScan.cpp
[0.899s] -- Up-to-date symlink: /workspaces/isaac_ros-dev/install/gxf_isaac_tensorops/include/extensions/tensorops/core/DBScan.h
[0.900s] -- Up-to-date symlink: /workspaces/isaac_ros-dev/install/gxf_isaac_tensorops/include/extensions/tensorops/core/Errors.cpp
[0.900s] -- Up-to-date symlink: /workspaces/isaac_ros-dev/install/gxf_isaac_tensorops/include/extensions/tensorops/core/Errors.h
[0.900s] -- Up-to-date symlink: /workspaces/isaac_ros-dev/install/gxf_isaac_tensorops/include/extensions/tensorops/core/Filters.cpp
[0.900s] -- Up-to-date symlink: /workspaces/isaac_ros-dev/install/gxf_isaac_tensorops/include/extensions/tensorops/core/Filters.h
[0.900s] -- Up-to-date symlink: /workspaces/isaac_ros-dev/install/gxf_isaac_tensorops/include/extensions/tensorops/core/FusedOperations.cpp
[0.900s] -- Up-to-date symlink: /workspaces/isaac_ros-dev/install/gxf_isaac_tensorops/include/extensions/tensorops/core/GeometryTransforms.cpp
[0.900s] -- Up-to-date symlink: /workspaces/isaac_ros-dev/install/gxf_isaac_tensorops/include/extensions/tensorops/core/IImageWarp.cpp
[0.900s] -- Up-to-date symlink: /workspaces/isaac_ros-dev/install/gxf_isaac_tensorops/include/extensions/tensorops/core/IImageWarp.h
[0.901s] -- Up-to-date symlink: /workspaces/isaac_ros-dev/install/gxf_isaac_tensorops/include/extensions/tensorops/core/ITensorOperatorContext.h
[0.901s] -- Up-to-date symlink: /workspaces/isaac_ros-dev/install/gxf_isaac_tensorops/include/extensions/tensorops/core/ITensorOperatorStream.h
[0.901s] -- Up-to-date symlink: /workspaces/isaac_ros-dev/install/gxf_isaac_tensorops/include/extensions/tensorops/core/Image.h
[0.901s] -- Up-to-date symlink: /workspaces/isaac_ros-dev/install/gxf_isaac_tensorops/include/extensions/tensorops/core/ImageUtils.h
[0.901s] -- Up-to-date symlink: /workspaces/isaac_ros-dev/install/gxf_isaac_tensorops/include/extensions/tensorops/core/MathTypes.cpp
[0.901s] -- Up-to-date symlink: /workspaces/isaac_ros-dev/install/gxf_isaac_tensorops/include/extensions/tensorops/core/MathTypes.h
[0.901s] -- Up-to-date symlink: /workspaces/isaac_ros-dev/install/gxf_isaac_tensorops/include/extensions/tensorops/core/Memory.cpp
[0.901s] -- Up-to-date symlink: /workspaces/isaac_ros-dev/install/gxf_isaac_tensorops/include/extensions/tensorops/core/Memory.h
[0.901s] -- Up-to-date symlink: /workspaces/isaac_ros-dev/install/gxf_isaac_tensorops/include/extensions/tensorops/core/NppUtils.cpp
[0.901s] -- Up-to-date symlink: /workspaces/isaac_ros-dev/install/gxf_isaac_tensorops/include/extensions/tensorops/core/NppUtils.h
[0.901s] -- Up-to-date symlink: /workspaces/isaac_ros-dev/install/gxf_isaac_tensorops/include/extensions/tensorops/core/OneEuroFilter.cpp
[0.901s] -- Up-to-date symlink: /workspaces/isaac_ros-dev/install/gxf_isaac_tensorops/include/extensions/tensorops/core/OneEuroFilter.h
[0.901s] -- Up-to-date symlink: /workspaces/isaac_ros-dev/install/gxf_isaac_tensorops/include/extensions/tensorops/core/Tensor.cpp
[0.901s] -- Up-to-date symlink: /workspaces/isaac_ros-dev/install/gxf_isaac_tensorops/include/extensions/tensorops/core/Tensor.h
[0.901s] -- Up-to-date symlink: /workspaces/isaac_ros-dev/install/gxf_isaac_tensorops/include/extensions/tensorops/core/TensorOperators.cpp
[0.901s] -- Up-to-date symlink: /workspaces/isaac_ros-dev/install/gxf_isaac_tensorops/include/extensions/tensorops/core/TensorOperators.h
[0.901s] -- Up-to-date symlink: /workspaces/isaac_ros-dev/install/gxf_isaac_tensorops/include/extensions/tensorops/core/Traits.h
[0.901s] -- Up-to-date symlink: /workspaces/isaac_ros-dev/install/gxf_isaac_tensorops/include/extensions/tensorops/core/VPIColorConvertImpl.cpp
[0.901s] -- Up-to-date symlink: /workspaces/isaac_ros-dev/install/gxf_isaac_tensorops/include/extensions/tensorops/core/VPIColorConvertImpl.h
[0.901s] -- Up-to-date symlink: /workspaces/isaac_ros-dev/install/gxf_isaac_tensorops/include/extensions/tensorops/core/VPIEnumMapping.h
[0.901s] -- Up-to-date symlink: /workspaces/isaac_ros-dev/install/gxf_isaac_tensorops/include/extensions/tensorops/core/VPIImageWarp.h
[0.901s] -- Up-to-date symlink: /workspaces/isaac_ros-dev/install/gxf_isaac_tensorops/include/extensions/tensorops/core/VPIRemapImpl.cpp
[0.901s] -- Up-to-date symlink: /workspaces/isaac_ros-dev/install/gxf_isaac_tensorops/include/extensions/tensorops/core/VPIRemapImpl.h
[0.902s] -- Up-to-date symlink: /workspaces/isaac_ros-dev/install/gxf_isaac_tensorops/include/extensions/tensorops/core/VPIResizeImpl.cpp
[0.902s] -- Up-to-date symlink: /workspaces/isaac_ros-dev/install/gxf_isaac_tensorops/include/extensions/tensorops/core/VPIResizeImpl.h
[0.902s] -- Up-to-date symlink: /workspaces/isaac_ros-dev/install/gxf_isaac_tensorops/include/extensions/tensorops/core/VPIStatusMapping.cpp
[0.902s] -- Up-to-date symlink: /workspaces/isaac_ros-dev/install/gxf_isaac_tensorops/include/extensions/tensorops/core/VPIStatusMapping.h
[0.902s] -- Up-to-date symlink: /workspaces/isaac_ros-dev/install/gxf_isaac_tensorops/include/extensions/tensorops/core/VPIStereoDisparityEstimatorImpl.cpp
[0.902s] -- Up-to-date symlink: /workspaces/isaac_ros-dev/install/gxf_isaac_tensorops/include/extensions/tensorops/core/VPIStereoDisparityEstimatorImpl.h
[0.902s] -- Up-to-date symlink: /workspaces/isaac_ros-dev/install/gxf_isaac_tensorops/include/extensions/tensorops/core/VPITensorOperators.cpp
[0.902s] -- Up-to-date symlink: /workspaces/isaac_ros-dev/install/gxf_isaac_tensorops/include/extensions/tensorops/core/VPITensorOperators.h
[0.902s] -- Up-to-date symlink: /workspaces/isaac_ros-dev/install/gxf_isaac_tensorops/include/extensions/tensorops/tensorops.cpp
[0.902s] -- Up-to-date symlink: /workspaces/isaac_ros-dev/install/gxf_isaac_tensorops/share/gxf_isaac_tensorops/version_info.yaml
[0.902s] -- Up-to-date symlink: /workspaces/isaac_ros-dev/install/gxf_isaac_tensorops/share/gxf_isaac_tensorops/environment/library_path.sh
[0.902s] -- Up-to-date symlink: /workspaces/isaac_ros-dev/install/gxf_isaac_tensorops/share/gxf_isaac_tensorops/environment/library_path.dsv
[0.902s] -- Up-to-date symlink: /workspaces/isaac_ros-dev/install/gxf_isaac_tensorops/lib/libgxf_isaac_tensorops.so
[0.902s] -- Up-to-date symlink: /workspaces/isaac_ros-dev/install/gxf_isaac_tensorops/share/ament_index/resource_index/package_run_dependencies/gxf_isaac_tensorops
[0.902s] -- Up-to-date symlink: /workspaces/isaac_ros-dev/install/gxf_isaac_tensorops/share/ament_index/resource_index/parent_prefix_path/gxf_isaac_tensorops
[0.902s] -- Up-to-date symlink: /workspaces/isaac_ros-dev/install/gxf_isaac_tensorops/share/gxf_isaac_tensorops/environment/ament_prefix_path.sh
[0.902s] -- Up-to-date symlink: /workspaces/isaac_ros-dev/install/gxf_isaac_tensorops/share/gxf_isaac_tensorops/environment/ament_prefix_path.dsv
[0.902s] -- Up-to-date symlink: /workspaces/isaac_ros-dev/install/gxf_isaac_tensorops/share/gxf_isaac_tensorops/environment/path.sh
[0.902s] -- Up-to-date symlink: /workspaces/isaac_ros-dev/install/gxf_isaac_tensorops/share/gxf_isaac_tensorops/environment/path.dsv
[0.902s] -- Up-to-date symlink: /workspaces/isaac_ros-dev/install/gxf_isaac_tensorops/share/gxf_isaac_tensorops/local_setup.bash
[0.902s] -- Up-to-date symlink: /workspaces/isaac_ros-dev/install/gxf_isaac_tensorops/share/gxf_isaac_tensorops/local_setup.sh
[0.902s] -- Up-to-date symlink: /workspaces/isaac_ros-dev/install/gxf_isaac_tensorops/share/gxf_isaac_tensorops/local_setup.zsh
[0.902s] -- Up-to-date symlink: /workspaces/isaac_ros-dev/install/gxf_isaac_tensorops/share/gxf_isaac_tensorops/local_setup.dsv
[0.902s] -- Symlinking: /workspaces/isaac_ros-dev/install/gxf_isaac_tensorops/share/gxf_isaac_tensorops/package.dsv
[0.907s] -- Up-to-date symlink: /workspaces/isaac_ros-dev/install/gxf_isaac_tensorops/share/ament_index/resource_index/packages/gxf_isaac_tensorops
[0.908s] -- Up-to-date symlink: /workspaces/isaac_ros-dev/install/gxf_isaac_tensorops/share/gxf_isaac_tensorops/cmake/ament_cmake_export_include_directories-extras.cmake
[0.908s] -- Up-to-date symlink: /workspaces/isaac_ros-dev/install/gxf_isaac_tensorops/share/gxf_isaac_tensorops/cmake/ament_cmake_export_dependencies-extras.cmake
[0.908s] -- Up-to-date symlink: /workspaces/isaac_ros-dev/install/gxf_isaac_tensorops/share/gxf_isaac_tensorops/cmake/ament_cmake_export_libraries-extras.cmake
[0.908s] -- Up-to-date symlink: /workspaces/isaac_ros-dev/install/gxf_isaac_tensorops/share/gxf_isaac_tensorops/cmake/gxf_isaac_tensoropsConfig.cmake
[0.908s] -- Up-to-date symlink: /workspaces/isaac_ros-dev/install/gxf_isaac_tensorops/share/gxf_isaac_tensorops/cmake/gxf_isaac_tensoropsConfig-version.cmake
[0.908s] -- Up-to-date symlink: /workspaces/isaac_ros-dev/install/gxf_isaac_tensorops/share/gxf_isaac_tensorops/package.xml
[0.910s] Invoked command in '/workspaces/isaac_ros-dev/build/gxf_isaac_tensorops' returned '0': CMAKE_PREFIX_PATH=/workspaces/isaac_ros-dev/install/gxf_isaac_messages:/workspaces/isaac_ros-dev/install/gxf_isaac_gems:/workspaces/isaac_ros-dev/install/isaac_ros_gxf:/workspaces/isaac_ros-dev/install/isaac_ros_common:/workspaces/isaac_ros-dev/install/isaac_ros_centerpose:/workspaces/isaac_ros-dev/install/isaac_ros_tensor_rt:/workspaces/isaac_ros-dev/install/isaac_ros_dnn_image_encoder:/workspaces/isaac_ros-dev/install/isaac_ros_tensor_proc:/workspaces/isaac_ros-dev/install/isaac_ros_managed_nitros:/workspaces/isaac_ros-dev/install/isaac_ros_nitros_tensor_list_type:/workspaces/isaac_ros-dev/install/isaac_ros_tensor_list_interfaces:/workspaces/isaac_ros-dev/install/isaac_ros_nitros_image_type:/workspaces/isaac_ros-dev/install/gxf_isaac_centerpose:/workspaces/isaac_ros-dev/install/isaac_ros_nitros_detection3_d_array_type:/workspaces/isaac_ros-dev/install/isaac_ros_nitros_camera_info_type:/workspaces/isaac_ros-dev/install/isaac_ros_nitros:/workspaces/isaac_ros-dev/install/gxf_isaac_tensor_rt:/workspaces/isaac_ros-dev/install/gxf_isaac_sight:/workspaces/isaac_ros-dev/install/gxf_isaac_optimizer:/workspaces/isaac_ros-dev/install/gxf_isaac_message_compositor:/workspaces/isaac_ros-dev/install/gxf_isaac_gxf_helpers:/workspaces/isaac_ros-dev/install/gxf_isaac_atlas:/usr/local/libcudss-linux-0.3.0.9_cuda12-archive:/workspaces/isaac_ros-dev/install/isaac_ros_test:/opt/ros/humble LD_LIBRARY_PATH=/workspaces/isaac_ros-dev/install/isaac_ros_gxf/lib:/workspaces/isaac_ros-dev/install/isaac_ros_common/lib:/workspaces/isaac_ros-dev/install/isaac_ros_centerpose/lib:/workspaces/isaac_ros-dev/install/isaac_ros_tensor_rt/lib:/workspaces/isaac_ros-dev/install/isaac_ros_dnn_image_encoder/lib:/workspaces/isaac_ros-dev/install/isaac_ros_tensor_proc/lib:/workspaces/isaac_ros-dev/install/isaac_ros_managed_nitros/lib:/workspaces/isaac_ros-dev/install/isaac_ros_nitros_tensor_list_type/lib:/workspaces/isaac_ros-dev/install/isaac_ros_tensor_list_interfaces/lib:/workspaces/isaac_ros-dev/install/isaac_ros_nitros_image_type/lib:/workspaces/isaac_ros-dev/install/gxf_isaac_centerpose/lib:/workspaces/isaac_ros-dev/install/isaac_ros_nitros_detection3_d_array_type/lib:/workspaces/isaac_ros-dev/install/isaac_ros_nitros_camera_info_type/lib:/workspaces/isaac_ros-dev/install/isaac_ros_nitros/lib:/workspaces/isaac_ros-dev/install/gxf_isaac_tensor_rt/lib:/workspaces/isaac_ros-dev/install/gxf_isaac_sight/lib:/workspaces/isaac_ros-dev/install/gxf_isaac_optimizer/lib:/workspaces/isaac_ros-dev/install/gxf_isaac_messages/lib:/workspaces/isaac_ros-dev/install/gxf_isaac_message_compositor/lib:/workspaces/isaac_ros-dev/install/gxf_isaac_gxf_helpers/lib:/workspaces/isaac_ros-dev/install/gxf_isaac_atlas/lib:/workspaces/isaac_ros-dev/install/gxf_isaac_gems/lib:/opt/ros/humble/opt/rviz_ogre_vendor/lib:/opt/ros/humble/lib/x86_64-linux-gnu:/opt/ros/humble/lib:/usr/local/libcudss-linux-0.3.0.9_cuda12-archive/lib:/opt/hpcx/ucc/lib/:/opt/hpcx/ucx/lib/:/usr/local/cuda/compat/lib:/usr/local/nvidia/lib:/usr/local/nvidia/lib64:/opt/tritonserver/lib _=/usr/bin/env /usr/bin/cmake --install /workspaces/isaac_ros-dev/build/gxf_isaac_tensorops
