-- The C compiler identification is GNU 11.4.0
-- The CXX compiler identification is GNU 11.4.0
-- The CUDA compiler identification is NVIDIA 12.6.20
-- Detecting C compiler ABI info
-- Detecting C compiler ABI info - done
-- Check for working C compiler: /usr/bin/cc - skipped
-- Detecting C compile features
-- Detecting C compile features - done
-- Detecting CXX compiler ABI info
-- Detecting CXX compiler ABI info - done
-- Check for working CXX compiler: /usr/bin/c++ - skipped
-- Detecting CXX compile features
-- Detecting CXX compile features - done
-- Detecting CUDA compiler ABI info
-- Detecting CUDA compiler ABI info - done
-- Check for working CUDA compiler: /usr/local/cuda/bin/nvcc - skipped
-- Detecting CUDA compile features
-- Detecting CUDA compile features - done
-- Found ament_cmake_auto: 1.3.12 (/opt/ros/humble/share/ament_cmake_auto/cmake)
-- Found Python3: /usr/bin/python3 (found version "3.10.12") found components: Interpreter 
-- Override CMake install command with custom implementation using symlinks instead of copying resources
-- Loading isaac_ros_common extras
-- CMAKE_BUILD_TYPE: Release
-- Looking for pthread.h
-- Looking for pthread.h - found
-- Performing Test CMAKE_HAVE_LIBC_PTHREAD
-- Performing Test CMAKE_HAVE_LIBC_PTHREAD - Success
-- Found Threads: TRUE  
-- Found CUDA: /usr/local/cuda (found version "12.6") 
-- CUDA architectures: 52
-- Loading isaac_ros_common extras (modules)
-- Found rosidl_generator_c: 3.1.7 (/opt/ros/humble/share/rosidl_generator_c/cmake)
-- Found rosidl_adapter: 3.1.7 (/opt/ros/humble/share/rosidl_adapter/cmake)
-- Found rosidl_generator_cpp: 3.1.7 (/opt/ros/humble/share/rosidl_generator_cpp/cmake)
-- Using all available rosidl_typesupport_c: rosidl_typesupport_fastrtps_c;rosidl_typesupport_introspection_c
-- Using all available rosidl_typesupport_cpp: rosidl_typesupport_fastrtps_cpp;rosidl_typesupport_introspection_cpp
-- Found rmw_implementation_cmake: 6.1.2 (/opt/ros/humble/share/rmw_implementation_cmake/cmake)
-- Found rmw_fastrtps_cpp: 6.2.9 (/opt/ros/humble/share/rmw_fastrtps_cpp/cmake)
-- Found OpenSSL: /usr/lib/x86_64-linux-gnu/libcrypto.so (found version "3.0.2")  
-- Found FastRTPS: /opt/ros/humble/include  
-- Using RMW implementation 'rmw_fastrtps_cpp' as default
-- Loading isaac_ros_gxf extras
[0mIn this package, headers install destination is set to `include` by ament_auto_package. It is recommended to install `include/isaac_ros_dnn_image_encoder` instead and will be the default behavior of ament_auto_package from ROS 2 Kilted Kaiju. On distributions before Kilted, ament_auto_package behaves the same way when you use USE_SCOPED_HEADER_INSTALL_DIR option.[0m
-- Configuring done
-- Generating done
-- Build files have been written to: /workspaces/isaac_ros-dev/build/isaac_ros_dnn_image_encoder
[ 33%] [32mBuilding CXX object CMakeFiles/dnn_image_encoder_node.dir/src/dnn_image_encoder_node.cpp.o[0m
[ 66%] [34m[1mGenerating version information as YAML[0m
[ 66%] Built target generate_version_info_target_isaac_ros_dnn_image_encoder
[100%] [32m[1mLinking CXX shared library libdnn_image_encoder_node.so[0m
[100%] Built target dnn_image_encoder_node
-- Install configuration: "Release"
-- Execute custom install script
-- Symlinking: /workspaces/isaac_ros-dev/install/isaac_ros_dnn_image_encoder/share/isaac_ros_dnn_image_encoder/version_info.yaml
-- Symlinking: /workspaces/isaac_ros-dev/install/isaac_ros_dnn_image_encoder/include/isaac_ros_dnn_image_encoder/dnn_image_encoder_node.hpp
-- Symlinking: /workspaces/isaac_ros-dev/install/isaac_ros_dnn_image_encoder/share/isaac_ros_dnn_image_encoder/environment/library_path.sh
-- Symlinking: /workspaces/isaac_ros-dev/install/isaac_ros_dnn_image_encoder/share/isaac_ros_dnn_image_encoder/environment/library_path.dsv
-- Symlinking: /workspaces/isaac_ros-dev/install/isaac_ros_dnn_image_encoder/lib/libdnn_image_encoder_node.so
-- Symlinking: /workspaces/isaac_ros-dev/install/isaac_ros_dnn_image_encoder/share/isaac_ros_dnn_image_encoder/config/dnn_image_encoder_node.yaml
-- Symlinking: /workspaces/isaac_ros-dev/install/isaac_ros_dnn_image_encoder/share/isaac_ros_dnn_image_encoder/config/namespace_injector_rule.yaml
-- Symlinking: /workspaces/isaac_ros-dev/install/isaac_ros_dnn_image_encoder/share/isaac_ros_dnn_image_encoder/launch/dnn_image_encoder.launch.py
-- Symlinking: /workspaces/isaac_ros-dev/install/isaac_ros_dnn_image_encoder/share/ament_index/resource_index/package_run_dependencies/isaac_ros_dnn_image_encoder
-- Symlinking: /workspaces/isaac_ros-dev/install/isaac_ros_dnn_image_encoder/share/ament_index/resource_index/parent_prefix_path/isaac_ros_dnn_image_encoder
-- Symlinking: /workspaces/isaac_ros-dev/install/isaac_ros_dnn_image_encoder/share/isaac_ros_dnn_image_encoder/environment/ament_prefix_path.sh
-- Symlinking: /workspaces/isaac_ros-dev/install/isaac_ros_dnn_image_encoder/share/isaac_ros_dnn_image_encoder/environment/ament_prefix_path.dsv
-- Symlinking: /workspaces/isaac_ros-dev/install/isaac_ros_dnn_image_encoder/share/isaac_ros_dnn_image_encoder/environment/path.sh
-- Symlinking: /workspaces/isaac_ros-dev/install/isaac_ros_dnn_image_encoder/share/isaac_ros_dnn_image_encoder/environment/path.dsv
-- Symlinking: /workspaces/isaac_ros-dev/install/isaac_ros_dnn_image_encoder/share/isaac_ros_dnn_image_encoder/local_setup.bash
-- Symlinking: /workspaces/isaac_ros-dev/install/isaac_ros_dnn_image_encoder/share/isaac_ros_dnn_image_encoder/local_setup.sh
-- Symlinking: /workspaces/isaac_ros-dev/install/isaac_ros_dnn_image_encoder/share/isaac_ros_dnn_image_encoder/local_setup.zsh
-- Symlinking: /workspaces/isaac_ros-dev/install/isaac_ros_dnn_image_encoder/share/isaac_ros_dnn_image_encoder/local_setup.dsv
-- Symlinking: /workspaces/isaac_ros-dev/install/isaac_ros_dnn_image_encoder/share/isaac_ros_dnn_image_encoder/package.dsv
-- Symlinking: /workspaces/isaac_ros-dev/install/isaac_ros_dnn_image_encoder/share/ament_index/resource_index/packages/isaac_ros_dnn_image_encoder
-- Symlinking: /workspaces/isaac_ros-dev/install/isaac_ros_dnn_image_encoder/share/ament_index/resource_index/rclcpp_components/isaac_ros_dnn_image_encoder
-- Symlinking: /workspaces/isaac_ros-dev/install/isaac_ros_dnn_image_encoder/share/isaac_ros_dnn_image_encoder/cmake/ament_cmake_export_dependencies-extras.cmake
-- Symlinking: /workspaces/isaac_ros-dev/install/isaac_ros_dnn_image_encoder/share/isaac_ros_dnn_image_encoder/cmake/ament_cmake_export_include_directories-extras.cmake
-- Symlinking: /workspaces/isaac_ros-dev/install/isaac_ros_dnn_image_encoder/share/isaac_ros_dnn_image_encoder/cmake/ament_cmake_export_libraries-extras.cmake
-- Symlinking: /workspaces/isaac_ros-dev/install/isaac_ros_dnn_image_encoder/share/isaac_ros_dnn_image_encoder/cmake/isaac_ros_dnn_image_encoderConfig.cmake
-- Symlinking: /workspaces/isaac_ros-dev/install/isaac_ros_dnn_image_encoder/share/isaac_ros_dnn_image_encoder/cmake/isaac_ros_dnn_image_encoderConfig-version.cmake
-- Symlinking: /workspaces/isaac_ros-dev/install/isaac_ros_dnn_image_encoder/share/isaac_ros_dnn_image_encoder/package.xml
