[0.013s] Invoking command in '/workspaces/isaac_ros-dev/build/gxf_isaac_optimizer': AMENT_PREFIX_PATH=/workspaces/isaac_ros-dev/install/isaac_ros_gxf:${AMENT_PREFIX_PATH} CMAKE_PREFIX_PATH=/workspaces/isaac_ros-dev/install/isaac_ros_gxf:/workspaces/isaac_ros-dev/install/isaac_ros_common:/usr/local/libcudss-linux-0.3.0.9_cuda12-archive:/workspaces/isaac_ros-dev/install/isaac_ros_test:/workspaces/isaac_ros-dev/install/isaac_ros_launch_utils:/workspaces/isaac_ros-dev/install/isaac_common_py:/opt/ros/humble LD_LIBRARY_PATH=/workspaces/isaac_ros-dev/install/isaac_ros_gxf/lib:/workspaces/isaac_ros-dev/install/isaac_ros_common/lib:/opt/ros/humble/opt/openvdb_vendor/lib:/opt/ros/humble/opt/rviz_ogre_vendor/lib:/opt/ros/humble/lib/x86_64-linux-gnu:/opt/ros/humble/lib:/usr/local/libcudss-linux-0.3.0.9_cuda12-archive/lib:/opt/hpcx/ucc/lib/:/opt/hpcx/ucx/lib/:/usr/local/cuda/compat/lib:/usr/local/nvidia/lib:/usr/local/nvidia/lib64:/opt/tritonserver/lib /usr/bin/cmake /workspaces/isaac_ros-dev/src/isaac_ros_nitros/isaac_ros_gxf_extensions/gxf_isaac_optimizer -DBUILD_TESTING=OFF -DAMENT_CMAKE_SYMLINK_INSTALL=1 -DCMAKE_INSTALL_PREFIX=/workspaces/isaac_ros-dev/install/gxf_isaac_optimizer
[0.056s] -- The C compiler identification is GNU 11.4.0
[0.109s] -- The CXX compiler identification is GNU 11.4.0
[0.114s] -- Detecting C compiler ABI info
[0.171s] -- Detecting C compiler ABI info - done
[0.180s] -- Check for working C compiler: /usr/bin/cc - skipped
[0.180s] -- Detecting C compile features
[0.180s] -- Detecting C compile features - done
[0.183s] -- Detecting CXX compiler ABI info
[0.250s] -- Detecting CXX compiler ABI info - done
[0.256s] -- Check for working CXX compiler: /usr/bin/c++ - skipped
[0.256s] -- Detecting CXX compile features
[0.256s] -- Detecting CXX compile features - done
[0.260s] -- Found ament_cmake_auto: 1.3.12 (/opt/ros/humble/share/ament_cmake_auto/cmake)
[0.774s] -- Found Python3: /usr/bin/python3 (found version "3.10.12") found components: Interpreter 
[0.822s] -- Override CMake install command with custom implementation using symlinks instead of copying resources
[0.928s] -- Loading isaac_ros_common extras
[0.928s] -- CMAKE_BUILD_TYPE: Release
[0.942s] -- Looking for pthread.h
[0.997s] -- Looking for pthread.h - found
[0.997s] -- Performing Test CMAKE_HAVE_LIBC_PTHREAD
[1.078s] -- Performing Test CMAKE_HAVE_LIBC_PTHREAD - Success
[1.079s] -- Found Threads: TRUE  
[1.096s] -- Found CUDA: /usr/local/cuda (found version "12.6") 
[1.097s] -- CUDA architectures: 89;86;80;75;70
[1.097s] -- Loading isaac_ros_common extras (modules)
[1.143s] -- Found rosidl_generator_c: 3.1.7 (/opt/ros/humble/share/rosidl_generator_c/cmake)
[1.150s] -- Found rosidl_adapter: 3.1.7 (/opt/ros/humble/share/rosidl_adapter/cmake)
[1.159s] -- Found rosidl_generator_cpp: 3.1.7 (/opt/ros/humble/share/rosidl_generator_cpp/cmake)
[1.171s] -- Using all available rosidl_typesupport_c: rosidl_typesupport_fastrtps_c;rosidl_typesupport_introspection_c
[1.191s] -- Using all available rosidl_typesupport_cpp: rosidl_typesupport_fastrtps_cpp;rosidl_typesupport_introspection_cpp
[1.245s] -- Found rmw_implementation_cmake: 6.1.2 (/opt/ros/humble/share/rmw_implementation_cmake/cmake)
[1.248s] -- Found rmw_fastrtps_cpp: 6.2.9 (/opt/ros/humble/share/rmw_fastrtps_cpp/cmake)
[1.331s] -- Found OpenSSL: /usr/lib/x86_64-linux-gnu/libcrypto.so (found version "3.0.2")  
[1.356s] -- Found FastRTPS: /opt/ros/humble/include  
[1.401s] -- Using RMW implementation 'rmw_fastrtps_cpp' as default
[1.455s] -- Loading isaac_ros_gxf extras
[1.513s] -- Configuring done
[1.516s] -- Generating done
[1.518s] -- Build files have been written to: /workspaces/isaac_ros-dev/build/gxf_isaac_optimizer
[1.525s] Invoked command in '/workspaces/isaac_ros-dev/build/gxf_isaac_optimizer' returned '0': AMENT_PREFIX_PATH=/workspaces/isaac_ros-dev/install/isaac_ros_gxf:${AMENT_PREFIX_PATH} CMAKE_PREFIX_PATH=/workspaces/isaac_ros-dev/install/isaac_ros_gxf:/workspaces/isaac_ros-dev/install/isaac_ros_common:/usr/local/libcudss-linux-0.3.0.9_cuda12-archive:/workspaces/isaac_ros-dev/install/isaac_ros_test:/workspaces/isaac_ros-dev/install/isaac_ros_launch_utils:/workspaces/isaac_ros-dev/install/isaac_common_py:/opt/ros/humble LD_LIBRARY_PATH=/workspaces/isaac_ros-dev/install/isaac_ros_gxf/lib:/workspaces/isaac_ros-dev/install/isaac_ros_common/lib:/opt/ros/humble/opt/openvdb_vendor/lib:/opt/ros/humble/opt/rviz_ogre_vendor/lib:/opt/ros/humble/lib/x86_64-linux-gnu:/opt/ros/humble/lib:/usr/local/libcudss-linux-0.3.0.9_cuda12-archive/lib:/opt/hpcx/ucc/lib/:/opt/hpcx/ucx/lib/:/usr/local/cuda/compat/lib:/usr/local/nvidia/lib:/usr/local/nvidia/lib64:/opt/tritonserver/lib /usr/bin/cmake /workspaces/isaac_ros-dev/src/isaac_ros_nitros/isaac_ros_gxf_extensions/gxf_isaac_optimizer -DBUILD_TESTING=OFF -DAMENT_CMAKE_SYMLINK_INSTALL=1 -DCMAKE_INSTALL_PREFIX=/workspaces/isaac_ros-dev/install/gxf_isaac_optimizer
[1.527s] Invoking command in '/workspaces/isaac_ros-dev/build/gxf_isaac_optimizer': AMENT_PREFIX_PATH=/workspaces/isaac_ros-dev/install/isaac_ros_gxf:${AMENT_PREFIX_PATH} CMAKE_PREFIX_PATH=/workspaces/isaac_ros-dev/install/isaac_ros_gxf:/workspaces/isaac_ros-dev/install/isaac_ros_common:/usr/local/libcudss-linux-0.3.0.9_cuda12-archive:/workspaces/isaac_ros-dev/install/isaac_ros_test:/workspaces/isaac_ros-dev/install/isaac_ros_launch_utils:/workspaces/isaac_ros-dev/install/isaac_common_py:/opt/ros/humble LD_LIBRARY_PATH=/workspaces/isaac_ros-dev/install/isaac_ros_gxf/lib:/workspaces/isaac_ros-dev/install/isaac_ros_common/lib:/opt/ros/humble/opt/openvdb_vendor/lib:/opt/ros/humble/opt/rviz_ogre_vendor/lib:/opt/ros/humble/lib/x86_64-linux-gnu:/opt/ros/humble/lib:/usr/local/libcudss-linux-0.3.0.9_cuda12-archive/lib:/opt/hpcx/ucc/lib/:/opt/hpcx/ucx/lib/:/usr/local/cuda/compat/lib:/usr/local/nvidia/lib:/usr/local/nvidia/lib64:/opt/tritonserver/lib /usr/bin/cmake --build /workspaces/isaac_ros-dev/build/gxf_isaac_optimizer -- -j16 -l16
[1.568s] [100%] [34m[1mGenerating version information as YAML[0m
[1.635s] [100%] Built target generate_version_info_target_gxf_isaac_optimizer
[1.645s] Invoked command in '/workspaces/isaac_ros-dev/build/gxf_isaac_optimizer' returned '0': AMENT_PREFIX_PATH=/workspaces/isaac_ros-dev/install/isaac_ros_gxf:${AMENT_PREFIX_PATH} CMAKE_PREFIX_PATH=/workspaces/isaac_ros-dev/install/isaac_ros_gxf:/workspaces/isaac_ros-dev/install/isaac_ros_common:/usr/local/libcudss-linux-0.3.0.9_cuda12-archive:/workspaces/isaac_ros-dev/install/isaac_ros_test:/workspaces/isaac_ros-dev/install/isaac_ros_launch_utils:/workspaces/isaac_ros-dev/install/isaac_common_py:/opt/ros/humble LD_LIBRARY_PATH=/workspaces/isaac_ros-dev/install/isaac_ros_gxf/lib:/workspaces/isaac_ros-dev/install/isaac_ros_common/lib:/opt/ros/humble/opt/openvdb_vendor/lib:/opt/ros/humble/opt/rviz_ogre_vendor/lib:/opt/ros/humble/lib/x86_64-linux-gnu:/opt/ros/humble/lib:/usr/local/libcudss-linux-0.3.0.9_cuda12-archive/lib:/opt/hpcx/ucc/lib/:/opt/hpcx/ucx/lib/:/usr/local/cuda/compat/lib:/usr/local/nvidia/lib:/usr/local/nvidia/lib64:/opt/tritonserver/lib /usr/bin/cmake --build /workspaces/isaac_ros-dev/build/gxf_isaac_optimizer -- -j16 -l16
[1.647s] Invoking command in '/workspaces/isaac_ros-dev/build/gxf_isaac_optimizer': AMENT_PREFIX_PATH=/workspaces/isaac_ros-dev/install/isaac_ros_gxf:${AMENT_PREFIX_PATH} CMAKE_PREFIX_PATH=/workspaces/isaac_ros-dev/install/isaac_ros_gxf:/workspaces/isaac_ros-dev/install/isaac_ros_common:/usr/local/libcudss-linux-0.3.0.9_cuda12-archive:/workspaces/isaac_ros-dev/install/isaac_ros_test:/workspaces/isaac_ros-dev/install/isaac_ros_launch_utils:/workspaces/isaac_ros-dev/install/isaac_common_py:/opt/ros/humble LD_LIBRARY_PATH=/workspaces/isaac_ros-dev/install/isaac_ros_gxf/lib:/workspaces/isaac_ros-dev/install/isaac_ros_common/lib:/opt/ros/humble/opt/openvdb_vendor/lib:/opt/ros/humble/opt/rviz_ogre_vendor/lib:/opt/ros/humble/lib/x86_64-linux-gnu:/opt/ros/humble/lib:/usr/local/libcudss-linux-0.3.0.9_cuda12-archive/lib:/opt/hpcx/ucc/lib/:/opt/hpcx/ucx/lib/:/usr/local/cuda/compat/lib:/usr/local/nvidia/lib:/usr/local/nvidia/lib64:/opt/tritonserver/lib /usr/bin/cmake --install /workspaces/isaac_ros-dev/build/gxf_isaac_optimizer
[1.653s] -- Install configuration: "Release"
[1.654s] -- Execute custom install script
[1.655s] -- Symlinking: /workspaces/isaac_ros-dev/install/gxf_isaac_optimizer/share/gxf_isaac_optimizer/gxf/lib/libgxf_isaac_optimizer.so
[1.660s] -- Symlinking: /workspaces/isaac_ros-dev/install/gxf_isaac_optimizer/share/gxf_isaac_optimizer/gxf/include/extensions/gxf_optimizer/common/type.hpp
[1.668s] -- Symlinking: /workspaces/isaac_ros-dev/install/gxf_isaac_optimizer/share/gxf_isaac_optimizer/gxf/include/extensions/gxf_optimizer/core/optimizer.hpp
[1.677s] -- Symlinking: /workspaces/isaac_ros-dev/install/gxf_isaac_optimizer/share/gxf_isaac_optimizer/gxf/include/extensions/gxf_optimizer/exporter/graph_types.hpp
[1.683s] -- Symlinking: /workspaces/isaac_ros-dev/install/gxf_isaac_optimizer/share/gxf_isaac_optimizer/environment/library_path.sh
[1.688s] -- Symlinking: /workspaces/isaac_ros-dev/install/gxf_isaac_optimizer/share/gxf_isaac_optimizer/environment/library_path.dsv
[1.696s] -- Symlinking: /workspaces/isaac_ros-dev/install/gxf_isaac_optimizer/share/gxf_isaac_optimizer/version_info.yaml
[1.704s] -- Symlinking: /workspaces/isaac_ros-dev/install/gxf_isaac_optimizer/share/ament_index/resource_index/package_run_dependencies/gxf_isaac_optimizer
[1.712s] -- Symlinking: /workspaces/isaac_ros-dev/install/gxf_isaac_optimizer/share/ament_index/resource_index/parent_prefix_path/gxf_isaac_optimizer
[1.720s] -- Symlinking: /workspaces/isaac_ros-dev/install/gxf_isaac_optimizer/share/gxf_isaac_optimizer/environment/ament_prefix_path.sh
[1.726s] -- Symlinking: /workspaces/isaac_ros-dev/install/gxf_isaac_optimizer/share/gxf_isaac_optimizer/environment/ament_prefix_path.dsv
[1.733s] -- Symlinking: /workspaces/isaac_ros-dev/install/gxf_isaac_optimizer/share/gxf_isaac_optimizer/environment/path.sh
[1.740s] -- Symlinking: /workspaces/isaac_ros-dev/install/gxf_isaac_optimizer/share/gxf_isaac_optimizer/environment/path.dsv
[1.749s] -- Symlinking: /workspaces/isaac_ros-dev/install/gxf_isaac_optimizer/share/gxf_isaac_optimizer/local_setup.bash
[1.756s] -- Symlinking: /workspaces/isaac_ros-dev/install/gxf_isaac_optimizer/share/gxf_isaac_optimizer/local_setup.sh
[1.766s] -- Symlinking: /workspaces/isaac_ros-dev/install/gxf_isaac_optimizer/share/gxf_isaac_optimizer/local_setup.zsh
[1.773s] -- Symlinking: /workspaces/isaac_ros-dev/install/gxf_isaac_optimizer/share/gxf_isaac_optimizer/local_setup.dsv
[1.780s] -- Symlinking: /workspaces/isaac_ros-dev/install/gxf_isaac_optimizer/share/gxf_isaac_optimizer/package.dsv
[1.787s] -- Symlinking: /workspaces/isaac_ros-dev/install/gxf_isaac_optimizer/share/ament_index/resource_index/packages/gxf_isaac_optimizer
[1.795s] -- Symlinking: /workspaces/isaac_ros-dev/install/gxf_isaac_optimizer/share/gxf_isaac_optimizer/cmake/ament_cmake_export_targets-extras.cmake
[1.802s] -- Symlinking: /workspaces/isaac_ros-dev/install/gxf_isaac_optimizer/share/gxf_isaac_optimizer/cmake/ament_cmake_export_dependencies-extras.cmake
[1.808s] -- Symlinking: /workspaces/isaac_ros-dev/install/gxf_isaac_optimizer/share/gxf_isaac_optimizer/cmake/gxf_isaac_optimizerConfig.cmake
[1.816s] -- Symlinking: /workspaces/isaac_ros-dev/install/gxf_isaac_optimizer/share/gxf_isaac_optimizer/cmake/gxf_isaac_optimizerConfig-version.cmake
[1.824s] -- Symlinking: /workspaces/isaac_ros-dev/install/gxf_isaac_optimizer/share/gxf_isaac_optimizer/package.xml
[1.831s] -- Installing: /workspaces/isaac_ros-dev/install/gxf_isaac_optimizer/share/gxf_isaac_optimizer/cmake/export_gxf_isaac_optimizerExport.cmake
[1.833s] Invoked command in '/workspaces/isaac_ros-dev/build/gxf_isaac_optimizer' returned '0': AMENT_PREFIX_PATH=/workspaces/isaac_ros-dev/install/isaac_ros_gxf:${AMENT_PREFIX_PATH} CMAKE_PREFIX_PATH=/workspaces/isaac_ros-dev/install/isaac_ros_gxf:/workspaces/isaac_ros-dev/install/isaac_ros_common:/usr/local/libcudss-linux-0.3.0.9_cuda12-archive:/workspaces/isaac_ros-dev/install/isaac_ros_test:/workspaces/isaac_ros-dev/install/isaac_ros_launch_utils:/workspaces/isaac_ros-dev/install/isaac_common_py:/opt/ros/humble LD_LIBRARY_PATH=/workspaces/isaac_ros-dev/install/isaac_ros_gxf/lib:/workspaces/isaac_ros-dev/install/isaac_ros_common/lib:/opt/ros/humble/opt/openvdb_vendor/lib:/opt/ros/humble/opt/rviz_ogre_vendor/lib:/opt/ros/humble/lib/x86_64-linux-gnu:/opt/ros/humble/lib:/usr/local/libcudss-linux-0.3.0.9_cuda12-archive/lib:/opt/hpcx/ucc/lib/:/opt/hpcx/ucx/lib/:/usr/local/cuda/compat/lib:/usr/local/nvidia/lib:/usr/local/nvidia/lib64:/opt/tritonserver/lib /usr/bin/cmake --install /workspaces/isaac_ros-dev/build/gxf_isaac_optimizer
