[0.014s] Invoking command in '/workspaces/isaac_ros-dev/build/gxf_isaac_gxf_helpers': AMENT_PREFIX_PATH=/workspaces/isaac_ros-dev/install/gxf_isaac_gems:/workspaces/isaac_ros-dev/install/isaac_ros_gxf:${AMENT_PREFIX_PATH} CMAKE_PREFIX_PATH=/workspaces/isaac_ros-dev/install/gxf_isaac_gems:/workspaces/isaac_ros-dev/install/isaac_ros_gxf:/workspaces/isaac_ros-dev/install/isaac_ros_common:/usr/local/libcudss-linux-0.3.0.9_cuda12-archive:/workspaces/isaac_ros-dev/install/isaac_ros_test:/workspaces/isaac_ros-dev/install/isaac_ros_launch_utils:/workspaces/isaac_ros-dev/install/isaac_common_py:/opt/ros/humble LD_LIBRARY_PATH=/workspaces/isaac_ros-dev/install/gxf_isaac_gems/lib:/workspaces/isaac_ros-dev/install/isaac_ros_gxf/lib:/workspaces/isaac_ros-dev/install/isaac_ros_common/lib:/opt/ros/humble/opt/openvdb_vendor/lib:/opt/ros/humble/opt/rviz_ogre_vendor/lib:/opt/ros/humble/lib/x86_64-linux-gnu:/opt/ros/humble/lib:/usr/local/libcudss-linux-0.3.0.9_cuda12-archive/lib:/opt/hpcx/ucc/lib/:/opt/hpcx/ucx/lib/:/usr/local/cuda/compat/lib:/usr/local/nvidia/lib:/usr/local/nvidia/lib64:/opt/tritonserver/lib /usr/bin/cmake /workspaces/isaac_ros-dev/src/isaac_ros_nitros/isaac_ros_gxf_extensions/gxf_isaac_gxf_helpers -DBUILD_TESTING=OFF -DAMENT_CMAKE_SYMLINK_INSTALL=1 -DCMAKE_INSTALL_PREFIX=/workspaces/isaac_ros-dev/install/gxf_isaac_gxf_helpers
[0.067s] -- The C compiler identification is GNU 11.4.0
[0.108s] -- The CXX compiler identification is GNU 11.4.0
[0.113s] -- Detecting C compiler ABI info
[0.168s] -- Detecting C compiler ABI info - done
[0.174s] -- Check for working C compiler: /usr/bin/cc - skipped
[0.174s] -- Detecting C compile features
[0.175s] -- Detecting C compile features - done
[0.178s] -- Detecting CXX compiler ABI info
[0.246s] -- Detecting CXX compiler ABI info - done
[0.252s] -- Check for working CXX compiler: /usr/bin/c++ - skipped
[0.252s] -- Detecting CXX compile features
[0.252s] -- Detecting CXX compile features - done
[0.256s] -- Found ament_cmake_auto: 1.3.12 (/opt/ros/humble/share/ament_cmake_auto/cmake)
[0.766s] -- Found Python3: /usr/bin/python3 (found version "3.10.12") found components: Interpreter 
[0.820s] -- Override CMake install command with custom implementation using symlinks instead of copying resources
[0.934s] -- Loading isaac_ros_common extras
[0.935s] -- CMAKE_BUILD_TYPE: Release
[0.951s] -- Looking for pthread.h
[1.016s] -- Looking for pthread.h - found
[1.016s] -- Performing Test CMAKE_HAVE_LIBC_PTHREAD
[1.084s] -- Performing Test CMAKE_HAVE_LIBC_PTHREAD - Success
[1.085s] -- Found Threads: TRUE  
[1.100s] -- Found CUDA: /usr/local/cuda (found version "12.6") 
[1.101s] -- CUDA architectures: 89;86;80;75;70
[1.101s] -- Loading isaac_ros_common extras (modules)
[1.147s] -- Found rosidl_generator_c: 3.1.7 (/opt/ros/humble/share/rosidl_generator_c/cmake)
[1.154s] -- Found rosidl_adapter: 3.1.7 (/opt/ros/humble/share/rosidl_adapter/cmake)
[1.163s] -- Found rosidl_generator_cpp: 3.1.7 (/opt/ros/humble/share/rosidl_generator_cpp/cmake)
[1.174s] -- Using all available rosidl_typesupport_c: rosidl_typesupport_fastrtps_c;rosidl_typesupport_introspection_c
[1.190s] -- Using all available rosidl_typesupport_cpp: rosidl_typesupport_fastrtps_cpp;rosidl_typesupport_introspection_cpp
[1.234s] -- Found rmw_implementation_cmake: 6.1.2 (/opt/ros/humble/share/rmw_implementation_cmake/cmake)
[1.238s] -- Found rmw_fastrtps_cpp: 6.2.9 (/opt/ros/humble/share/rmw_fastrtps_cpp/cmake)
[1.323s] -- Found OpenSSL: /usr/lib/x86_64-linux-gnu/libcrypto.so (found version "3.0.2")  
[1.350s] -- Found FastRTPS: /opt/ros/humble/include  
[1.401s] -- Using RMW implementation 'rmw_fastrtps_cpp' as default
[1.457s] -- Loading isaac_ros_gxf extras
[1.518s] -- Configuring done
[1.521s] -- Generating done
[1.522s] -- Build files have been written to: /workspaces/isaac_ros-dev/build/gxf_isaac_gxf_helpers
[1.529s] Invoked command in '/workspaces/isaac_ros-dev/build/gxf_isaac_gxf_helpers' returned '0': AMENT_PREFIX_PATH=/workspaces/isaac_ros-dev/install/gxf_isaac_gems:/workspaces/isaac_ros-dev/install/isaac_ros_gxf:${AMENT_PREFIX_PATH} CMAKE_PREFIX_PATH=/workspaces/isaac_ros-dev/install/gxf_isaac_gems:/workspaces/isaac_ros-dev/install/isaac_ros_gxf:/workspaces/isaac_ros-dev/install/isaac_ros_common:/usr/local/libcudss-linux-0.3.0.9_cuda12-archive:/workspaces/isaac_ros-dev/install/isaac_ros_test:/workspaces/isaac_ros-dev/install/isaac_ros_launch_utils:/workspaces/isaac_ros-dev/install/isaac_common_py:/opt/ros/humble LD_LIBRARY_PATH=/workspaces/isaac_ros-dev/install/gxf_isaac_gems/lib:/workspaces/isaac_ros-dev/install/isaac_ros_gxf/lib:/workspaces/isaac_ros-dev/install/isaac_ros_common/lib:/opt/ros/humble/opt/openvdb_vendor/lib:/opt/ros/humble/opt/rviz_ogre_vendor/lib:/opt/ros/humble/lib/x86_64-linux-gnu:/opt/ros/humble/lib:/usr/local/libcudss-linux-0.3.0.9_cuda12-archive/lib:/opt/hpcx/ucc/lib/:/opt/hpcx/ucx/lib/:/usr/local/cuda/compat/lib:/usr/local/nvidia/lib:/usr/local/nvidia/lib64:/opt/tritonserver/lib /usr/bin/cmake /workspaces/isaac_ros-dev/src/isaac_ros_nitros/isaac_ros_gxf_extensions/gxf_isaac_gxf_helpers -DBUILD_TESTING=OFF -DAMENT_CMAKE_SYMLINK_INSTALL=1 -DCMAKE_INSTALL_PREFIX=/workspaces/isaac_ros-dev/install/gxf_isaac_gxf_helpers
[1.530s] Invoking command in '/workspaces/isaac_ros-dev/build/gxf_isaac_gxf_helpers': AMENT_PREFIX_PATH=/workspaces/isaac_ros-dev/install/gxf_isaac_gems:/workspaces/isaac_ros-dev/install/isaac_ros_gxf:${AMENT_PREFIX_PATH} CMAKE_PREFIX_PATH=/workspaces/isaac_ros-dev/install/gxf_isaac_gems:/workspaces/isaac_ros-dev/install/isaac_ros_gxf:/workspaces/isaac_ros-dev/install/isaac_ros_common:/usr/local/libcudss-linux-0.3.0.9_cuda12-archive:/workspaces/isaac_ros-dev/install/isaac_ros_test:/workspaces/isaac_ros-dev/install/isaac_ros_launch_utils:/workspaces/isaac_ros-dev/install/isaac_common_py:/opt/ros/humble LD_LIBRARY_PATH=/workspaces/isaac_ros-dev/install/gxf_isaac_gems/lib:/workspaces/isaac_ros-dev/install/isaac_ros_gxf/lib:/workspaces/isaac_ros-dev/install/isaac_ros_common/lib:/opt/ros/humble/opt/openvdb_vendor/lib:/opt/ros/humble/opt/rviz_ogre_vendor/lib:/opt/ros/humble/lib/x86_64-linux-gnu:/opt/ros/humble/lib:/usr/local/libcudss-linux-0.3.0.9_cuda12-archive/lib:/opt/hpcx/ucc/lib/:/opt/hpcx/ucx/lib/:/usr/local/cuda/compat/lib:/usr/local/nvidia/lib:/usr/local/nvidia/lib64:/opt/tritonserver/lib /usr/bin/cmake --build /workspaces/isaac_ros-dev/build/gxf_isaac_gxf_helpers -- -j16 -l16
[1.574s] [100%] [34m[1mGenerating version information as YAML[0m
[1.637s] [100%] Built target generate_version_info_target_gxf_isaac_gxf_helpers
[1.649s] Invoked command in '/workspaces/isaac_ros-dev/build/gxf_isaac_gxf_helpers' returned '0': AMENT_PREFIX_PATH=/workspaces/isaac_ros-dev/install/gxf_isaac_gems:/workspaces/isaac_ros-dev/install/isaac_ros_gxf:${AMENT_PREFIX_PATH} CMAKE_PREFIX_PATH=/workspaces/isaac_ros-dev/install/gxf_isaac_gems:/workspaces/isaac_ros-dev/install/isaac_ros_gxf:/workspaces/isaac_ros-dev/install/isaac_ros_common:/usr/local/libcudss-linux-0.3.0.9_cuda12-archive:/workspaces/isaac_ros-dev/install/isaac_ros_test:/workspaces/isaac_ros-dev/install/isaac_ros_launch_utils:/workspaces/isaac_ros-dev/install/isaac_common_py:/opt/ros/humble LD_LIBRARY_PATH=/workspaces/isaac_ros-dev/install/gxf_isaac_gems/lib:/workspaces/isaac_ros-dev/install/isaac_ros_gxf/lib:/workspaces/isaac_ros-dev/install/isaac_ros_common/lib:/opt/ros/humble/opt/openvdb_vendor/lib:/opt/ros/humble/opt/rviz_ogre_vendor/lib:/opt/ros/humble/lib/x86_64-linux-gnu:/opt/ros/humble/lib:/usr/local/libcudss-linux-0.3.0.9_cuda12-archive/lib:/opt/hpcx/ucc/lib/:/opt/hpcx/ucx/lib/:/usr/local/cuda/compat/lib:/usr/local/nvidia/lib:/usr/local/nvidia/lib64:/opt/tritonserver/lib /usr/bin/cmake --build /workspaces/isaac_ros-dev/build/gxf_isaac_gxf_helpers -- -j16 -l16
[1.651s] Invoking command in '/workspaces/isaac_ros-dev/build/gxf_isaac_gxf_helpers': AMENT_PREFIX_PATH=/workspaces/isaac_ros-dev/install/gxf_isaac_gems:/workspaces/isaac_ros-dev/install/isaac_ros_gxf:${AMENT_PREFIX_PATH} CMAKE_PREFIX_PATH=/workspaces/isaac_ros-dev/install/gxf_isaac_gems:/workspaces/isaac_ros-dev/install/isaac_ros_gxf:/workspaces/isaac_ros-dev/install/isaac_ros_common:/usr/local/libcudss-linux-0.3.0.9_cuda12-archive:/workspaces/isaac_ros-dev/install/isaac_ros_test:/workspaces/isaac_ros-dev/install/isaac_ros_launch_utils:/workspaces/isaac_ros-dev/install/isaac_common_py:/opt/ros/humble LD_LIBRARY_PATH=/workspaces/isaac_ros-dev/install/gxf_isaac_gems/lib:/workspaces/isaac_ros-dev/install/isaac_ros_gxf/lib:/workspaces/isaac_ros-dev/install/isaac_ros_common/lib:/opt/ros/humble/opt/openvdb_vendor/lib:/opt/ros/humble/opt/rviz_ogre_vendor/lib:/opt/ros/humble/lib/x86_64-linux-gnu:/opt/ros/humble/lib:/usr/local/libcudss-linux-0.3.0.9_cuda12-archive/lib:/opt/hpcx/ucc/lib/:/opt/hpcx/ucx/lib/:/usr/local/cuda/compat/lib:/usr/local/nvidia/lib:/usr/local/nvidia/lib64:/opt/tritonserver/lib /usr/bin/cmake --install /workspaces/isaac_ros-dev/build/gxf_isaac_gxf_helpers
[1.657s] -- Install configuration: "Release"
[1.658s] -- Execute custom install script
[1.659s] -- Symlinking: /workspaces/isaac_ros-dev/install/gxf_isaac_gxf_helpers/share/gxf_isaac_gxf_helpers/gxf/lib/libgxf_isaac_gxf_helpers.so
[1.666s] -- Symlinking: /workspaces/isaac_ros-dev/install/gxf_isaac_gxf_helpers/share/gxf_isaac_gxf_helpers/gxf/include/extensions/gxf_helpers/parameter_parser_isaac.hpp
[1.674s] -- Symlinking: /workspaces/isaac_ros-dev/install/gxf_isaac_gxf_helpers/share/gxf_isaac_gxf_helpers/gxf/include/extensions/gxf_helpers/parameter_wrapper_isaac.hpp
[1.682s] -- Symlinking: /workspaces/isaac_ros-dev/install/gxf_isaac_gxf_helpers/share/gxf_isaac_gxf_helpers/gxf/include/extensions/gxf_helpers/string_provider.hpp
[1.691s] -- Symlinking: /workspaces/isaac_ros-dev/install/gxf_isaac_gxf_helpers/share/gxf_isaac_gxf_helpers/environment/library_path.sh
[1.699s] -- Symlinking: /workspaces/isaac_ros-dev/install/gxf_isaac_gxf_helpers/share/gxf_isaac_gxf_helpers/environment/library_path.dsv
[1.708s] -- Symlinking: /workspaces/isaac_ros-dev/install/gxf_isaac_gxf_helpers/share/gxf_isaac_gxf_helpers/version_info.yaml
[1.718s] -- Symlinking: /workspaces/isaac_ros-dev/install/gxf_isaac_gxf_helpers/share/ament_index/resource_index/package_run_dependencies/gxf_isaac_gxf_helpers
[1.725s] -- Symlinking: /workspaces/isaac_ros-dev/install/gxf_isaac_gxf_helpers/share/ament_index/resource_index/parent_prefix_path/gxf_isaac_gxf_helpers
[1.733s] -- Symlinking: /workspaces/isaac_ros-dev/install/gxf_isaac_gxf_helpers/share/gxf_isaac_gxf_helpers/environment/ament_prefix_path.sh
[1.741s] -- Symlinking: /workspaces/isaac_ros-dev/install/gxf_isaac_gxf_helpers/share/gxf_isaac_gxf_helpers/environment/ament_prefix_path.dsv
[1.748s] -- Symlinking: /workspaces/isaac_ros-dev/install/gxf_isaac_gxf_helpers/share/gxf_isaac_gxf_helpers/environment/path.sh
[1.754s] -- Symlinking: /workspaces/isaac_ros-dev/install/gxf_isaac_gxf_helpers/share/gxf_isaac_gxf_helpers/environment/path.dsv
[1.760s] -- Symlinking: /workspaces/isaac_ros-dev/install/gxf_isaac_gxf_helpers/share/gxf_isaac_gxf_helpers/local_setup.bash
[1.767s] -- Symlinking: /workspaces/isaac_ros-dev/install/gxf_isaac_gxf_helpers/share/gxf_isaac_gxf_helpers/local_setup.sh
[1.773s] -- Symlinking: /workspaces/isaac_ros-dev/install/gxf_isaac_gxf_helpers/share/gxf_isaac_gxf_helpers/local_setup.zsh
[1.779s] -- Symlinking: /workspaces/isaac_ros-dev/install/gxf_isaac_gxf_helpers/share/gxf_isaac_gxf_helpers/local_setup.dsv
[1.786s] -- Symlinking: /workspaces/isaac_ros-dev/install/gxf_isaac_gxf_helpers/share/gxf_isaac_gxf_helpers/package.dsv
[1.793s] -- Symlinking: /workspaces/isaac_ros-dev/install/gxf_isaac_gxf_helpers/share/ament_index/resource_index/packages/gxf_isaac_gxf_helpers
[1.799s] -- Symlinking: /workspaces/isaac_ros-dev/install/gxf_isaac_gxf_helpers/share/gxf_isaac_gxf_helpers/cmake/ament_cmake_export_targets-extras.cmake
[1.807s] -- Symlinking: /workspaces/isaac_ros-dev/install/gxf_isaac_gxf_helpers/share/gxf_isaac_gxf_helpers/cmake/ament_cmake_export_dependencies-extras.cmake
[1.815s] -- Symlinking: /workspaces/isaac_ros-dev/install/gxf_isaac_gxf_helpers/share/gxf_isaac_gxf_helpers/cmake/gxf_isaac_gxf_helpersConfig.cmake
[1.823s] -- Symlinking: /workspaces/isaac_ros-dev/install/gxf_isaac_gxf_helpers/share/gxf_isaac_gxf_helpers/cmake/gxf_isaac_gxf_helpersConfig-version.cmake
[1.830s] -- Symlinking: /workspaces/isaac_ros-dev/install/gxf_isaac_gxf_helpers/share/gxf_isaac_gxf_helpers/package.xml
[1.837s] -- Installing: /workspaces/isaac_ros-dev/install/gxf_isaac_gxf_helpers/share/gxf_isaac_gxf_helpers/cmake/export_gxf_isaac_gxf_helpersExport.cmake
[1.839s] Invoked command in '/workspaces/isaac_ros-dev/build/gxf_isaac_gxf_helpers' returned '0': AMENT_PREFIX_PATH=/workspaces/isaac_ros-dev/install/gxf_isaac_gems:/workspaces/isaac_ros-dev/install/isaac_ros_gxf:${AMENT_PREFIX_PATH} CMAKE_PREFIX_PATH=/workspaces/isaac_ros-dev/install/gxf_isaac_gems:/workspaces/isaac_ros-dev/install/isaac_ros_gxf:/workspaces/isaac_ros-dev/install/isaac_ros_common:/usr/local/libcudss-linux-0.3.0.9_cuda12-archive:/workspaces/isaac_ros-dev/install/isaac_ros_test:/workspaces/isaac_ros-dev/install/isaac_ros_launch_utils:/workspaces/isaac_ros-dev/install/isaac_common_py:/opt/ros/humble LD_LIBRARY_PATH=/workspaces/isaac_ros-dev/install/gxf_isaac_gems/lib:/workspaces/isaac_ros-dev/install/isaac_ros_gxf/lib:/workspaces/isaac_ros-dev/install/isaac_ros_common/lib:/opt/ros/humble/opt/openvdb_vendor/lib:/opt/ros/humble/opt/rviz_ogre_vendor/lib:/opt/ros/humble/lib/x86_64-linux-gnu:/opt/ros/humble/lib:/usr/local/libcudss-linux-0.3.0.9_cuda12-archive/lib:/opt/hpcx/ucc/lib/:/opt/hpcx/ucx/lib/:/usr/local/cuda/compat/lib:/usr/local/nvidia/lib:/usr/local/nvidia/lib64:/opt/tritonserver/lib /usr/bin/cmake --install /workspaces/isaac_ros-dev/build/gxf_isaac_gxf_helpers
