[0.013s] Invoking command in '/workspaces/isaac_ros-dev/build/gxf_isaac_sight': AMENT_PREFIX_PATH=/workspaces/isaac_ros-dev/install/isaac_ros_gxf:${AMENT_PREFIX_PATH} CMAKE_PREFIX_PATH=/workspaces/isaac_ros-dev/install/isaac_ros_gxf:/workspaces/isaac_ros-dev/install/isaac_ros_common:/usr/local/libcudss-linux-0.3.0.9_cuda12-archive:/workspaces/isaac_ros-dev/install/isaac_ros_test:/workspaces/isaac_ros-dev/install/isaac_ros_launch_utils:/workspaces/isaac_ros-dev/install/isaac_common_py:/opt/ros/humble LD_LIBRARY_PATH=/workspaces/isaac_ros-dev/install/isaac_ros_gxf/lib:/workspaces/isaac_ros-dev/install/isaac_ros_common/lib:/opt/ros/humble/opt/openvdb_vendor/lib:/opt/ros/humble/opt/rviz_ogre_vendor/lib:/opt/ros/humble/lib/x86_64-linux-gnu:/opt/ros/humble/lib:/usr/local/libcudss-linux-0.3.0.9_cuda12-archive/lib:/opt/hpcx/ucc/lib/:/opt/hpcx/ucx/lib/:/usr/local/cuda/compat/lib:/usr/local/nvidia/lib:/usr/local/nvidia/lib64:/opt/tritonserver/lib /usr/bin/cmake /workspaces/isaac_ros-dev/src/isaac_ros_nitros/isaac_ros_gxf_extensions/gxf_isaac_sight -DBUILD_TESTING=OFF -DAMENT_CMAKE_SYMLINK_INSTALL=1 -DCMAKE_INSTALL_PREFIX=/workspaces/isaac_ros-dev/install/gxf_isaac_sight
[0.060s] -- The C compiler identification is GNU 11.4.0
[0.112s] -- The CXX compiler identification is GNU 11.4.0
[0.119s] -- Detecting C compiler ABI info
[0.181s] -- Detecting C compiler ABI info - done
[0.189s] -- Check for working C compiler: /usr/bin/cc - skipped
[0.189s] -- Detecting C compile features
[0.189s] -- Detecting C compile features - done
[0.192s] -- Detecting CXX compiler ABI info
[0.252s] -- Detecting CXX compiler ABI info - done
[0.259s] -- Check for working CXX compiler: /usr/bin/c++ - skipped
[0.259s] -- Detecting CXX compile features
[0.259s] -- Detecting CXX compile features - done
[0.262s] -- Found ament_cmake_auto: 1.3.12 (/opt/ros/humble/share/ament_cmake_auto/cmake)
[0.773s] -- Found Python3: /usr/bin/python3 (found version "3.10.12") found components: Interpreter 
[0.828s] -- Override CMake install command with custom implementation using symlinks instead of copying resources
[0.936s] -- Loading isaac_ros_common extras
[0.936s] -- CMAKE_BUILD_TYPE: Release
[0.952s] -- Looking for pthread.h
[1.021s] -- Looking for pthread.h - found
[1.022s] -- Performing Test CMAKE_HAVE_LIBC_PTHREAD
[1.103s] -- Performing Test CMAKE_HAVE_LIBC_PTHREAD - Success
[1.104s] -- Found Threads: TRUE  
[1.119s] -- Found CUDA: /usr/local/cuda (found version "12.6") 
[1.119s] -- CUDA architectures: 89;86;80;75;70
[1.120s] -- Loading isaac_ros_common extras (modules)
[1.162s] -- Found rosidl_generator_c: 3.1.7 (/opt/ros/humble/share/rosidl_generator_c/cmake)
[1.168s] -- Found rosidl_adapter: 3.1.7 (/opt/ros/humble/share/rosidl_adapter/cmake)
[1.179s] -- Found rosidl_generator_cpp: 3.1.7 (/opt/ros/humble/share/rosidl_generator_cpp/cmake)
[1.191s] -- Using all available rosidl_typesupport_c: rosidl_typesupport_fastrtps_c;rosidl_typesupport_introspection_c
[1.209s] -- Using all available rosidl_typesupport_cpp: rosidl_typesupport_fastrtps_cpp;rosidl_typesupport_introspection_cpp
[1.254s] -- Found rmw_implementation_cmake: 6.1.2 (/opt/ros/humble/share/rmw_implementation_cmake/cmake)
[1.258s] -- Found rmw_fastrtps_cpp: 6.2.9 (/opt/ros/humble/share/rmw_fastrtps_cpp/cmake)
[1.335s] -- Found OpenSSL: /usr/lib/x86_64-linux-gnu/libcrypto.so (found version "3.0.2")  
[1.361s] -- Found FastRTPS: /opt/ros/humble/include  
[1.406s] -- Using RMW implementation 'rmw_fastrtps_cpp' as default
[1.462s] -- Loading isaac_ros_gxf extras
[1.516s] -- Configuring done
[1.519s] -- Generating done
[1.520s] -- Build files have been written to: /workspaces/isaac_ros-dev/build/gxf_isaac_sight
[1.529s] Invoked command in '/workspaces/isaac_ros-dev/build/gxf_isaac_sight' returned '0': AMENT_PREFIX_PATH=/workspaces/isaac_ros-dev/install/isaac_ros_gxf:${AMENT_PREFIX_PATH} CMAKE_PREFIX_PATH=/workspaces/isaac_ros-dev/install/isaac_ros_gxf:/workspaces/isaac_ros-dev/install/isaac_ros_common:/usr/local/libcudss-linux-0.3.0.9_cuda12-archive:/workspaces/isaac_ros-dev/install/isaac_ros_test:/workspaces/isaac_ros-dev/install/isaac_ros_launch_utils:/workspaces/isaac_ros-dev/install/isaac_common_py:/opt/ros/humble LD_LIBRARY_PATH=/workspaces/isaac_ros-dev/install/isaac_ros_gxf/lib:/workspaces/isaac_ros-dev/install/isaac_ros_common/lib:/opt/ros/humble/opt/openvdb_vendor/lib:/opt/ros/humble/opt/rviz_ogre_vendor/lib:/opt/ros/humble/lib/x86_64-linux-gnu:/opt/ros/humble/lib:/usr/local/libcudss-linux-0.3.0.9_cuda12-archive/lib:/opt/hpcx/ucc/lib/:/opt/hpcx/ucx/lib/:/usr/local/cuda/compat/lib:/usr/local/nvidia/lib:/usr/local/nvidia/lib64:/opt/tritonserver/lib /usr/bin/cmake /workspaces/isaac_ros-dev/src/isaac_ros_nitros/isaac_ros_gxf_extensions/gxf_isaac_sight -DBUILD_TESTING=OFF -DAMENT_CMAKE_SYMLINK_INSTALL=1 -DCMAKE_INSTALL_PREFIX=/workspaces/isaac_ros-dev/install/gxf_isaac_sight
[1.530s] Invoking command in '/workspaces/isaac_ros-dev/build/gxf_isaac_sight': AMENT_PREFIX_PATH=/workspaces/isaac_ros-dev/install/isaac_ros_gxf:${AMENT_PREFIX_PATH} CMAKE_PREFIX_PATH=/workspaces/isaac_ros-dev/install/isaac_ros_gxf:/workspaces/isaac_ros-dev/install/isaac_ros_common:/usr/local/libcudss-linux-0.3.0.9_cuda12-archive:/workspaces/isaac_ros-dev/install/isaac_ros_test:/workspaces/isaac_ros-dev/install/isaac_ros_launch_utils:/workspaces/isaac_ros-dev/install/isaac_common_py:/opt/ros/humble LD_LIBRARY_PATH=/workspaces/isaac_ros-dev/install/isaac_ros_gxf/lib:/workspaces/isaac_ros-dev/install/isaac_ros_common/lib:/opt/ros/humble/opt/openvdb_vendor/lib:/opt/ros/humble/opt/rviz_ogre_vendor/lib:/opt/ros/humble/lib/x86_64-linux-gnu:/opt/ros/humble/lib:/usr/local/libcudss-linux-0.3.0.9_cuda12-archive/lib:/opt/hpcx/ucc/lib/:/opt/hpcx/ucx/lib/:/usr/local/cuda/compat/lib:/usr/local/nvidia/lib:/usr/local/nvidia/lib64:/opt/tritonserver/lib /usr/bin/cmake --build /workspaces/isaac_ros-dev/build/gxf_isaac_sight -- -j16 -l16
[1.573s] [100%] [34m[1mGenerating version information as YAML[0m
[1.640s] [100%] Built target generate_version_info_target_gxf_isaac_sight
[1.649s] Invoked command in '/workspaces/isaac_ros-dev/build/gxf_isaac_sight' returned '0': AMENT_PREFIX_PATH=/workspaces/isaac_ros-dev/install/isaac_ros_gxf:${AMENT_PREFIX_PATH} CMAKE_PREFIX_PATH=/workspaces/isaac_ros-dev/install/isaac_ros_gxf:/workspaces/isaac_ros-dev/install/isaac_ros_common:/usr/local/libcudss-linux-0.3.0.9_cuda12-archive:/workspaces/isaac_ros-dev/install/isaac_ros_test:/workspaces/isaac_ros-dev/install/isaac_ros_launch_utils:/workspaces/isaac_ros-dev/install/isaac_common_py:/opt/ros/humble LD_LIBRARY_PATH=/workspaces/isaac_ros-dev/install/isaac_ros_gxf/lib:/workspaces/isaac_ros-dev/install/isaac_ros_common/lib:/opt/ros/humble/opt/openvdb_vendor/lib:/opt/ros/humble/opt/rviz_ogre_vendor/lib:/opt/ros/humble/lib/x86_64-linux-gnu:/opt/ros/humble/lib:/usr/local/libcudss-linux-0.3.0.9_cuda12-archive/lib:/opt/hpcx/ucc/lib/:/opt/hpcx/ucx/lib/:/usr/local/cuda/compat/lib:/usr/local/nvidia/lib:/usr/local/nvidia/lib64:/opt/tritonserver/lib /usr/bin/cmake --build /workspaces/isaac_ros-dev/build/gxf_isaac_sight -- -j16 -l16
[1.652s] Invoking command in '/workspaces/isaac_ros-dev/build/gxf_isaac_sight': AMENT_PREFIX_PATH=/workspaces/isaac_ros-dev/install/isaac_ros_gxf:${AMENT_PREFIX_PATH} CMAKE_PREFIX_PATH=/workspaces/isaac_ros-dev/install/isaac_ros_gxf:/workspaces/isaac_ros-dev/install/isaac_ros_common:/usr/local/libcudss-linux-0.3.0.9_cuda12-archive:/workspaces/isaac_ros-dev/install/isaac_ros_test:/workspaces/isaac_ros-dev/install/isaac_ros_launch_utils:/workspaces/isaac_ros-dev/install/isaac_common_py:/opt/ros/humble LD_LIBRARY_PATH=/workspaces/isaac_ros-dev/install/isaac_ros_gxf/lib:/workspaces/isaac_ros-dev/install/isaac_ros_common/lib:/opt/ros/humble/opt/openvdb_vendor/lib:/opt/ros/humble/opt/rviz_ogre_vendor/lib:/opt/ros/humble/lib/x86_64-linux-gnu:/opt/ros/humble/lib:/usr/local/libcudss-linux-0.3.0.9_cuda12-archive/lib:/opt/hpcx/ucc/lib/:/opt/hpcx/ucx/lib/:/usr/local/cuda/compat/lib:/usr/local/nvidia/lib:/usr/local/nvidia/lib64:/opt/tritonserver/lib /usr/bin/cmake --install /workspaces/isaac_ros-dev/build/gxf_isaac_sight
[1.658s] -- Install configuration: "Release"
[1.659s] -- Execute custom install script
[1.659s] -- Symlinking: /workspaces/isaac_ros-dev/install/gxf_isaac_sight/share/gxf_isaac_sight/gxf/lib/libgxf_isaac_sight.so
[1.665s] -- Symlinking: /workspaces/isaac_ros-dev/install/gxf_isaac_sight/share/gxf_isaac_sight/environment/library_path.sh
[1.671s] -- Symlinking: /workspaces/isaac_ros-dev/install/gxf_isaac_sight/share/gxf_isaac_sight/environment/library_path.dsv
[1.678s] -- Symlinking: /workspaces/isaac_ros-dev/install/gxf_isaac_sight/share/gxf_isaac_sight/version_info.yaml
[1.685s] -- Symlinking: /workspaces/isaac_ros-dev/install/gxf_isaac_sight/share/ament_index/resource_index/package_run_dependencies/gxf_isaac_sight
[1.692s] -- Symlinking: /workspaces/isaac_ros-dev/install/gxf_isaac_sight/share/ament_index/resource_index/parent_prefix_path/gxf_isaac_sight
[1.698s] -- Symlinking: /workspaces/isaac_ros-dev/install/gxf_isaac_sight/share/gxf_isaac_sight/environment/ament_prefix_path.sh
[1.705s] -- Symlinking: /workspaces/isaac_ros-dev/install/gxf_isaac_sight/share/gxf_isaac_sight/environment/ament_prefix_path.dsv
[1.711s] -- Symlinking: /workspaces/isaac_ros-dev/install/gxf_isaac_sight/share/gxf_isaac_sight/environment/path.sh
[1.717s] -- Symlinking: /workspaces/isaac_ros-dev/install/gxf_isaac_sight/share/gxf_isaac_sight/environment/path.dsv
[1.723s] -- Symlinking: /workspaces/isaac_ros-dev/install/gxf_isaac_sight/share/gxf_isaac_sight/local_setup.bash
[1.730s] -- Symlinking: /workspaces/isaac_ros-dev/install/gxf_isaac_sight/share/gxf_isaac_sight/local_setup.sh
[1.737s] -- Symlinking: /workspaces/isaac_ros-dev/install/gxf_isaac_sight/share/gxf_isaac_sight/local_setup.zsh
[1.745s] -- Symlinking: /workspaces/isaac_ros-dev/install/gxf_isaac_sight/share/gxf_isaac_sight/local_setup.dsv
[1.753s] -- Symlinking: /workspaces/isaac_ros-dev/install/gxf_isaac_sight/share/gxf_isaac_sight/package.dsv
[1.760s] -- Symlinking: /workspaces/isaac_ros-dev/install/gxf_isaac_sight/share/ament_index/resource_index/packages/gxf_isaac_sight
[1.767s] -- Symlinking: /workspaces/isaac_ros-dev/install/gxf_isaac_sight/share/gxf_isaac_sight/cmake/ament_cmake_export_targets-extras.cmake
[1.773s] -- Symlinking: /workspaces/isaac_ros-dev/install/gxf_isaac_sight/share/gxf_isaac_sight/cmake/ament_cmake_export_dependencies-extras.cmake
[1.780s] -- Symlinking: /workspaces/isaac_ros-dev/install/gxf_isaac_sight/share/gxf_isaac_sight/cmake/gxf_isaac_sightConfig.cmake
[1.786s] -- Symlinking: /workspaces/isaac_ros-dev/install/gxf_isaac_sight/share/gxf_isaac_sight/cmake/gxf_isaac_sightConfig-version.cmake
[1.792s] -- Symlinking: /workspaces/isaac_ros-dev/install/gxf_isaac_sight/share/gxf_isaac_sight/package.xml
[1.799s] -- Installing: /workspaces/isaac_ros-dev/install/gxf_isaac_sight/share/gxf_isaac_sight/cmake/export_gxf_isaac_sightExport.cmake
[1.801s] Invoked command in '/workspaces/isaac_ros-dev/build/gxf_isaac_sight' returned '0': AMENT_PREFIX_PATH=/workspaces/isaac_ros-dev/install/isaac_ros_gxf:${AMENT_PREFIX_PATH} CMAKE_PREFIX_PATH=/workspaces/isaac_ros-dev/install/isaac_ros_gxf:/workspaces/isaac_ros-dev/install/isaac_ros_common:/usr/local/libcudss-linux-0.3.0.9_cuda12-archive:/workspaces/isaac_ros-dev/install/isaac_ros_test:/workspaces/isaac_ros-dev/install/isaac_ros_launch_utils:/workspaces/isaac_ros-dev/install/isaac_common_py:/opt/ros/humble LD_LIBRARY_PATH=/workspaces/isaac_ros-dev/install/isaac_ros_gxf/lib:/workspaces/isaac_ros-dev/install/isaac_ros_common/lib:/opt/ros/humble/opt/openvdb_vendor/lib:/opt/ros/humble/opt/rviz_ogre_vendor/lib:/opt/ros/humble/lib/x86_64-linux-gnu:/opt/ros/humble/lib:/usr/local/libcudss-linux-0.3.0.9_cuda12-archive/lib:/opt/hpcx/ucc/lib/:/opt/hpcx/ucx/lib/:/usr/local/cuda/compat/lib:/usr/local/nvidia/lib:/usr/local/nvidia/lib64:/opt/tritonserver/lib /usr/bin/cmake --install /workspaces/isaac_ros-dev/build/gxf_isaac_sight
