-- The C compiler identification is GNU 11.4.0
-- The CXX compiler identification is GNU 11.4.0
-- Detecting C compiler ABI info
-- Detecting C compiler ABI info - done
-- Check for working C compiler: /usr/bin/cc - skipped
-- Detecting C compile features
-- Detecting C compile features - done
-- Detecting CXX compiler ABI info
-- Detecting CXX compiler ABI info - done
-- Check for working CXX compiler: /usr/bin/c++ - skipped
-- Detecting CXX compile features
-- Detecting CXX compile features - done
-- Found ament_cmake_auto: 1.3.12 (/opt/ros/humble/share/ament_cmake_auto/cmake)
-- Found Python3: /usr/bin/python3 (found version "3.10.12") found components: Interpreter 
-- Override CMake install command with custom implementation using symlinks instead of copying resources
-- Loading isaac_ros_common extras
-- CMAKE_BUILD_TYPE: Release
-- Looking for pthread.h
-- Looking for pthread.h - found
-- Performing Test CMAKE_HAVE_LIBC_PTHREAD
-- Performing Test CMAKE_HAVE_LIBC_PTHREAD - Success
-- Found Threads: TRUE  
-- Found CUDA: /usr/local/cuda (found version "12.6") 
-- CUDA architectures: 89;86;80;75;70
-- Loading isaac_ros_common extras (modules)
-- Found rosidl_generator_c: 3.1.7 (/opt/ros/humble/share/rosidl_generator_c/cmake)
-- Found rosidl_adapter: 3.1.7 (/opt/ros/humble/share/rosidl_adapter/cmake)
-- Found rosidl_generator_cpp: 3.1.7 (/opt/ros/humble/share/rosidl_generator_cpp/cmake)
-- Using all available rosidl_typesupport_c: rosidl_typesupport_fastrtps_c;rosidl_typesupport_introspection_c
-- Using all available rosidl_typesupport_cpp: rosidl_typesupport_fastrtps_cpp;rosidl_typesupport_introspection_cpp
-- Found rmw_implementation_cmake: 6.1.2 (/opt/ros/humble/share/rmw_implementation_cmake/cmake)
-- Found rmw_fastrtps_cpp: 6.2.9 (/opt/ros/humble/share/rmw_fastrtps_cpp/cmake)
-- Found OpenSSL: /usr/lib/x86_64-linux-gnu/libcrypto.so (found version "3.0.2")  
-- Found FastRTPS: /opt/ros/humble/include  
-- Using RMW implementation 'rmw_fastrtps_cpp' as default
-- Loading isaac_ros_gxf extras
-- Configuring done
-- Generating done
-- Build files have been written to: /workspaces/isaac_ros-dev/build/gxf_isaac_messages
[100%] [34m[1mGenerating version information as YAML[0m
[100%] Built target generate_version_info_target_gxf_isaac_messages
-- Install configuration: "Release"
-- Execute custom install script
-- Symlinking: /workspaces/isaac_ros-dev/install/gxf_isaac_messages/share/gxf_isaac_messages/gxf/lib/libgxf_isaac_messages.so
-- Symlinking: /workspaces/isaac_ros-dev/install/gxf_isaac_messages/share/gxf_isaac_messages/gxf/include/extensions/messages/accelerometer_message.hpp
-- Symlinking: /workspaces/isaac_ros-dev/install/gxf_isaac_messages/share/gxf_isaac_messages/gxf/include/extensions/messages/battery_state_message.hpp
-- Symlinking: /workspaces/isaac_ros-dev/install/gxf_isaac_messages/share/gxf_isaac_messages/gxf/include/extensions/messages/camera_message.hpp
-- Symlinking: /workspaces/isaac_ros-dev/install/gxf_isaac_messages/share/gxf_isaac_messages/gxf/include/extensions/messages/composite_message.hpp
-- Symlinking: /workspaces/isaac_ros-dev/install/gxf_isaac_messages/share/gxf_isaac_messages/gxf/include/extensions/messages/correlated_timestamp_message.hpp
-- Symlinking: /workspaces/isaac_ros-dev/install/gxf_isaac_messages/share/gxf_isaac_messages/gxf/include/extensions/messages/encoder_tick_message.hpp
-- Symlinking: /workspaces/isaac_ros-dev/install/gxf_isaac_messages/share/gxf_isaac_messages/gxf/include/extensions/messages/flatscan_message.hpp
-- Symlinking: /workspaces/isaac_ros-dev/install/gxf_isaac_messages/share/gxf_isaac_messages/gxf/include/extensions/messages/gyroscope_message.hpp
-- Symlinking: /workspaces/isaac_ros-dev/install/gxf_isaac_messages/share/gxf_isaac_messages/gxf/include/extensions/messages/helpers.hpp
-- Symlinking: /workspaces/isaac_ros-dev/install/gxf_isaac_messages/share/gxf_isaac_messages/gxf/include/extensions/messages/imu_message.hpp
-- Symlinking: /workspaces/isaac_ros-dev/install/gxf_isaac_messages/share/gxf_isaac_messages/gxf/include/extensions/messages/json_message.hpp
-- Symlinking: /workspaces/isaac_ros-dev/install/gxf_isaac_messages/share/gxf_isaac_messages/gxf/include/extensions/messages/pose3d_cov_message.hpp
-- Symlinking: /workspaces/isaac_ros-dev/install/gxf_isaac_messages/share/gxf_isaac_messages/environment/library_path.sh
-- Symlinking: /workspaces/isaac_ros-dev/install/gxf_isaac_messages/share/gxf_isaac_messages/environment/library_path.dsv
-- Symlinking: /workspaces/isaac_ros-dev/install/gxf_isaac_messages/share/gxf_isaac_messages/version_info.yaml
-- Symlinking: /workspaces/isaac_ros-dev/install/gxf_isaac_messages/share/ament_index/resource_index/package_run_dependencies/gxf_isaac_messages
-- Symlinking: /workspaces/isaac_ros-dev/install/gxf_isaac_messages/share/ament_index/resource_index/parent_prefix_path/gxf_isaac_messages
-- Symlinking: /workspaces/isaac_ros-dev/install/gxf_isaac_messages/share/gxf_isaac_messages/environment/ament_prefix_path.sh
-- Symlinking: /workspaces/isaac_ros-dev/install/gxf_isaac_messages/share/gxf_isaac_messages/environment/ament_prefix_path.dsv
-- Symlinking: /workspaces/isaac_ros-dev/install/gxf_isaac_messages/share/gxf_isaac_messages/environment/path.sh
-- Symlinking: /workspaces/isaac_ros-dev/install/gxf_isaac_messages/share/gxf_isaac_messages/environment/path.dsv
-- Symlinking: /workspaces/isaac_ros-dev/install/gxf_isaac_messages/share/gxf_isaac_messages/local_setup.bash
-- Symlinking: /workspaces/isaac_ros-dev/install/gxf_isaac_messages/share/gxf_isaac_messages/local_setup.sh
-- Symlinking: /workspaces/isaac_ros-dev/install/gxf_isaac_messages/share/gxf_isaac_messages/local_setup.zsh
-- Symlinking: /workspaces/isaac_ros-dev/install/gxf_isaac_messages/share/gxf_isaac_messages/local_setup.dsv
-- Symlinking: /workspaces/isaac_ros-dev/install/gxf_isaac_messages/share/gxf_isaac_messages/package.dsv
-- Symlinking: /workspaces/isaac_ros-dev/install/gxf_isaac_messages/share/ament_index/resource_index/packages/gxf_isaac_messages
-- Symlinking: /workspaces/isaac_ros-dev/install/gxf_isaac_messages/share/gxf_isaac_messages/cmake/ament_cmake_export_targets-extras.cmake
-- Symlinking: /workspaces/isaac_ros-dev/install/gxf_isaac_messages/share/gxf_isaac_messages/cmake/ament_cmake_export_dependencies-extras.cmake
-- Symlinking: /workspaces/isaac_ros-dev/install/gxf_isaac_messages/share/gxf_isaac_messages/cmake/gxf_isaac_messagesConfig.cmake
-- Symlinking: /workspaces/isaac_ros-dev/install/gxf_isaac_messages/share/gxf_isaac_messages/cmake/gxf_isaac_messagesConfig-version.cmake
-- Symlinking: /workspaces/isaac_ros-dev/install/gxf_isaac_messages/share/gxf_isaac_messages/package.xml
-- Installing: /workspaces/isaac_ros-dev/install/gxf_isaac_messages/share/gxf_isaac_messages/cmake/export_gxf_isaac_messagesExport.cmake
