[0.039s] Invoking command in '/workspaces/isaac_ros-dev/build/isaac_ros_common': CMAKE_PREFIX_PATH=${CMAKE_PREFIX_PATH}:/workspaces/isaac_ros-dev/install/isaac_ros_test:/opt/ros/humble _=/usr/bin/env /usr/bin/cmake /workspaces/isaac_ros-dev/src/isaac_ros_common/isaac_ros_common -DCMAKE_BUILD_TYPE=Release -DBUILD_TESTING=OFF -DAMENT_CMAKE_SYMLINK_INSTALL=1 -DCMAKE_INSTALL_PREFIX=/workspaces/isaac_ros-dev/install/isaac_ros_common
[0.208s] -- The C compiler identification is GNU 11.4.0
[0.323s] -- The CXX compiler identification is GNU 11.4.0
[0.333s] -- Detecting C compiler ABI info
[0.459s] -- Detecting C compiler ABI info - done
[0.464s] -- Check for working C compiler: /usr/bin/cc - skipped
[0.464s] -- Detecting C compile features
[0.465s] -- Detecting C compile features - done
[0.467s] -- Detecting CXX compiler ABI info
[0.648s] -- Detecting CXX compiler ABI info - done
[0.654s] -- Check for working CXX compiler: /usr/bin/c++ - skipped
[0.654s] -- Detecting CXX compile features
[0.655s] -- Detecting CXX compile features - done
[0.658s] -- Found ament_cmake_auto: 1.3.12 (/opt/ros/humble/share/ament_cmake_auto/cmake)
[1.165s] -- Found Python3: /usr/bin/python3 (found version "3.10.12") found components: Interpreter 
[1.215s] -- Override CMake install command with custom implementation using symlinks instead of copying resources
[1.374s] -- Found rosidl_generator_c: 3.1.7 (/opt/ros/humble/share/rosidl_generator_c/cmake)
[1.381s] -- Found rosidl_adapter: 3.1.7 (/opt/ros/humble/share/rosidl_adapter/cmake)
[1.390s] -- Found rosidl_generator_cpp: 3.1.7 (/opt/ros/humble/share/rosidl_generator_cpp/cmake)
[1.403s] -- Using all available rosidl_typesupport_c: rosidl_typesupport_fastrtps_c;rosidl_typesupport_introspection_c
[1.420s] -- Using all available rosidl_typesupport_cpp: rosidl_typesupport_fastrtps_cpp;rosidl_typesupport_introspection_cpp
[1.466s] -- Found rmw_implementation_cmake: 6.1.2 (/opt/ros/humble/share/rmw_implementation_cmake/cmake)
[1.470s] -- Found rmw_fastrtps_cpp: 6.2.9 (/opt/ros/humble/share/rmw_fastrtps_cpp/cmake)
[1.584s] -- Found OpenSSL: /usr/lib/x86_64-linux-gnu/libcrypto.so (found version "3.0.2")  
[1.622s] -- Found FastRTPS: /opt/ros/humble/include  
[1.675s] -- Using RMW implementation 'rmw_fastrtps_cpp' as default
[1.687s] -- Looking for pthread.h
[1.856s] -- Looking for pthread.h - found
[1.856s] -- Performing Test CMAKE_HAVE_LIBC_PTHREAD
[2.020s] -- Performing Test CMAKE_HAVE_LIBC_PTHREAD - Success
[2.021s] -- Found Threads: TRUE  
[2.068s] -- Loading isaac_ros_common extras
[2.068s] -- CMAKE_BUILD_TYPE: Release
[2.089s] -- Found CUDA: /usr/local/cuda (found version "12.6") 
[2.089s] -- CUDA architectures: 89;86;80;75;70
[2.175s] [0mIn this package, headers install destination is set to `include` by ament_auto_package. It is recommended to install `include/isaac_ros_common` instead and will be the default behavior of ament_auto_package from ROS 2 Kilted Kaiju. On distributions before Kilted, ament_auto_package behaves the same way when you use USE_SCOPED_HEADER_INSTALL_DIR option.[0m
[2.181s] -- Configuring done
[2.188s] -- Generating done
[2.190s] -- Build files have been written to: /workspaces/isaac_ros-dev/build/isaac_ros_common
[2.197s] Invoked command in '/workspaces/isaac_ros-dev/build/isaac_ros_common' returned '0': CMAKE_PREFIX_PATH=${CMAKE_PREFIX_PATH}:/workspaces/isaac_ros-dev/install/isaac_ros_test:/opt/ros/humble _=/usr/bin/env /usr/bin/cmake /workspaces/isaac_ros-dev/src/isaac_ros_common/isaac_ros_common -DCMAKE_BUILD_TYPE=Release -DBUILD_TESTING=OFF -DAMENT_CMAKE_SYMLINK_INSTALL=1 -DCMAKE_INSTALL_PREFIX=/workspaces/isaac_ros-dev/install/isaac_ros_common
[2.199s] Invoking command in '/workspaces/isaac_ros-dev/build/isaac_ros_common': CMAKE_PREFIX_PATH=${CMAKE_PREFIX_PATH}:/workspaces/isaac_ros-dev/install/isaac_ros_test:/opt/ros/humble _=/usr/bin/env /usr/bin/cmake --build /workspaces/isaac_ros-dev/build/isaac_ros_common -- -j16 -l16
[2.355s] [ 25%] [32mBuilding CXX object CMakeFiles/isaac_ros_common.dir/src/qos.cpp.o[0m
[2.356s] [ 50%] [32mBuilding CXX object CMakeFiles/isaac_ros_common.dir/src/vpi_utilities.cpp.o[0m
[2.367s] [ 75%] [34m[1mGenerating version information as YAML[0m
[2.374s] [ 75%] Built target ament_cmake_python_symlink_isaac_ros_common
[2.484s] [ 75%] Built target generate_version_info_target_isaac_ros_common
[2.739s] running egg_info
[2.739s] creating isaac_ros_common.egg-info
[2.751s] writing isaac_ros_common.egg-info/PKG-INFO
[2.751s] writing dependency_links to isaac_ros_common.egg-info/dependency_links.txt
[2.752s] writing top-level names to isaac_ros_common.egg-info/top_level.txt
[2.752s] writing manifest file 'isaac_ros_common.egg-info/SOURCES.txt'
[2.813s] listing git files failed - pretending there aren't any
[2.912s] reading manifest file 'isaac_ros_common.egg-info/SOURCES.txt'
[2.912s] writing manifest file 'isaac_ros_common.egg-info/SOURCES.txt'
[2.989s] [ 75%] Built target ament_cmake_python_build_isaac_ros_common_egg
[4.226s] [100%] [32m[1mLinking CXX shared library libisaac_ros_common.so[0m
[4.353s] [100%] Built target isaac_ros_common
[4.369s] Invoked command in '/workspaces/isaac_ros-dev/build/isaac_ros_common' returned '0': CMAKE_PREFIX_PATH=${CMAKE_PREFIX_PATH}:/workspaces/isaac_ros-dev/install/isaac_ros_test:/opt/ros/humble _=/usr/bin/env /usr/bin/cmake --build /workspaces/isaac_ros-dev/build/isaac_ros_common -- -j16 -l16
[4.382s] Invoking command in '/workspaces/isaac_ros-dev/build/isaac_ros_common': CMAKE_PREFIX_PATH=${CMAKE_PREFIX_PATH}:/workspaces/isaac_ros-dev/install/isaac_ros_test:/opt/ros/humble _=/usr/bin/env /usr/bin/cmake --install /workspaces/isaac_ros-dev/build/isaac_ros_common
[4.390s] -- Install configuration: "Release"
[4.390s] -- Execute custom install script
[4.390s] -- Symlinking: /workspaces/isaac_ros-dev/install/isaac_ros_common/share/ament_index/resource_index/isaac_ros_common_cmake_path/isaac_ros_common
[4.402s] -- Symlinking: /workspaces/isaac_ros-dev/install/isaac_ros_common/share/isaac_ros_common/environment/pythonpath.sh
[4.413s] -- Symlinking: /workspaces/isaac_ros-dev/install/isaac_ros_common/share/isaac_ros_common/environment/pythonpath.dsv
[4.427s] -- Symlinking: /workspaces/isaac_ros-dev/install/isaac_ros_common/local/lib/python3.10/dist-packages/isaac_ros_common-3.2.5-py3.10.egg-info/PKG-INFO
[4.439s] -- Symlinking: /workspaces/isaac_ros-dev/install/isaac_ros_common/local/lib/python3.10/dist-packages/isaac_ros_common-3.2.5-py3.10.egg-info/SOURCES.txt
[4.447s] -- Symlinking: /workspaces/isaac_ros-dev/install/isaac_ros_common/local/lib/python3.10/dist-packages/isaac_ros_common-3.2.5-py3.10.egg-info/dependency_links.txt
[4.455s] -- Symlinking: /workspaces/isaac_ros-dev/install/isaac_ros_common/local/lib/python3.10/dist-packages/isaac_ros_common-3.2.5-py3.10.egg-info/top_level.txt
[4.464s] -- Symlinking: /workspaces/isaac_ros-dev/install/isaac_ros_common/local/lib/python3.10/dist-packages/isaac_ros_common/__init__.py
[4.469s] -- Symlinking: /workspaces/isaac_ros-dev/install/isaac_ros_common/local/lib/python3.10/dist-packages/isaac_ros_common/qos.py
[4.476s] -- Symlinking: /workspaces/isaac_ros-dev/install/isaac_ros_common/share/ament_index/resource_index/isaac_ros_common_scripts_path/isaac_ros_common
[4.482s] -- Symlinking: /workspaces/isaac_ros-dev/install/isaac_ros_common/share/isaac_ros_common/version_info.yaml
[4.490s] -- Symlinking: /workspaces/isaac_ros-dev/install/isaac_ros_common/include/isaac_ros_common/qos.hpp
[4.497s] -- Symlinking: /workspaces/isaac_ros-dev/install/isaac_ros_common/include/isaac_ros_common/vpi_utilities.hpp
[4.508s] -- Symlinking: /workspaces/isaac_ros-dev/install/isaac_ros_common/share/isaac_ros_common/environment/library_path.sh
[4.521s] -- Symlinking: /workspaces/isaac_ros-dev/install/isaac_ros_common/share/isaac_ros_common/environment/library_path.dsv
[4.536s] -- Symlinking: /workspaces/isaac_ros-dev/install/isaac_ros_common/lib/libisaac_ros_common.so
[4.547s] -- Symlinking: /workspaces/isaac_ros-dev/install/isaac_ros_common/share/isaac_ros_common/cmake/isaac_ros_common-extras-assets.cmake
[4.559s] -- Symlinking: /workspaces/isaac_ros-dev/install/isaac_ros_common/share/isaac_ros_common/cmake/isaac_ros_common-extras-modules.cmake
[4.571s] -- Symlinking: /workspaces/isaac_ros-dev/install/isaac_ros_common/share/isaac_ros_common/cmake/isaac_ros_common-extras.cmake
[4.579s] -- Symlinking: /workspaces/isaac_ros-dev/install/isaac_ros_common/share/isaac_ros_common/cmake/isaac_ros_common-version-info.cmake
[4.586s] -- Symlinking: /workspaces/isaac_ros-dev/install/isaac_ros_common/share/isaac_ros_common/cmake/modules/FindTENSORRT.cmake
[4.599s] -- Symlinking: /workspaces/isaac_ros-dev/install/isaac_ros_common/share/ament_index/resource_index/package_run_dependencies/isaac_ros_common
[4.611s] -- Symlinking: /workspaces/isaac_ros-dev/install/isaac_ros_common/share/ament_index/resource_index/parent_prefix_path/isaac_ros_common
[4.620s] -- Symlinking: /workspaces/isaac_ros-dev/install/isaac_ros_common/share/isaac_ros_common/environment/ament_prefix_path.sh
[4.628s] -- Symlinking: /workspaces/isaac_ros-dev/install/isaac_ros_common/share/isaac_ros_common/environment/ament_prefix_path.dsv
[4.636s] -- Symlinking: /workspaces/isaac_ros-dev/install/isaac_ros_common/share/isaac_ros_common/environment/path.sh
[4.648s] -- Symlinking: /workspaces/isaac_ros-dev/install/isaac_ros_common/share/isaac_ros_common/environment/path.dsv
[4.659s] -- Symlinking: /workspaces/isaac_ros-dev/install/isaac_ros_common/share/isaac_ros_common/local_setup.bash
[4.672s] -- Symlinking: /workspaces/isaac_ros-dev/install/isaac_ros_common/share/isaac_ros_common/local_setup.sh
[4.683s] -- Symlinking: /workspaces/isaac_ros-dev/install/isaac_ros_common/share/isaac_ros_common/local_setup.zsh
[4.691s] -- Symlinking: /workspaces/isaac_ros-dev/install/isaac_ros_common/share/isaac_ros_common/local_setup.dsv
[4.700s] -- Symlinking: /workspaces/isaac_ros-dev/install/isaac_ros_common/share/isaac_ros_common/package.dsv
[4.713s] -- Symlinking: /workspaces/isaac_ros-dev/install/isaac_ros_common/share/ament_index/resource_index/packages/isaac_ros_common
[4.723s] -- Up-to-date symlink: /workspaces/isaac_ros-dev/install/isaac_ros_common/share/isaac_ros_common/cmake/isaac_ros_common-version-info.cmake
[4.723s] -- Up-to-date symlink: /workspaces/isaac_ros-dev/install/isaac_ros_common/share/isaac_ros_common/cmake/isaac_ros_common-extras.cmake
[4.723s] -- Up-to-date symlink: /workspaces/isaac_ros-dev/install/isaac_ros_common/share/isaac_ros_common/cmake/isaac_ros_common-extras-modules.cmake
[4.723s] -- Up-to-date symlink: /workspaces/isaac_ros-dev/install/isaac_ros_common/share/isaac_ros_common/cmake/isaac_ros_common-extras-assets.cmake
[4.723s] -- Symlinking: /workspaces/isaac_ros-dev/install/isaac_ros_common/share/isaac_ros_common/cmake/ament_cmake_export_dependencies-extras.cmake
[4.735s] -- Symlinking: /workspaces/isaac_ros-dev/install/isaac_ros_common/share/isaac_ros_common/cmake/ament_cmake_export_include_directories-extras.cmake
[4.746s] -- Symlinking: /workspaces/isaac_ros-dev/install/isaac_ros_common/share/isaac_ros_common/cmake/ament_cmake_export_libraries-extras.cmake
[4.754s] -- Symlinking: /workspaces/isaac_ros-dev/install/isaac_ros_common/share/isaac_ros_common/cmake/isaac_ros_commonConfig.cmake
[4.766s] -- Symlinking: /workspaces/isaac_ros-dev/install/isaac_ros_common/share/isaac_ros_common/cmake/isaac_ros_commonConfig-version.cmake
[4.777s] -- Symlinking: /workspaces/isaac_ros-dev/install/isaac_ros_common/share/isaac_ros_common/package.xml
[4.812s] Listing '/workspaces/isaac_ros-dev/install/isaac_ros_common/local/lib/python3.10/dist-packages/isaac_ros_common'...
[4.812s] Compiling '/workspaces/isaac_ros-dev/install/isaac_ros_common/local/lib/python3.10/dist-packages/isaac_ros_common/__init__.py'...
[4.812s] Compiling '/workspaces/isaac_ros-dev/install/isaac_ros_common/local/lib/python3.10/dist-packages/isaac_ros_common/qos.py'...
[4.815s] -- Installing: /workspaces/isaac_ros-dev/install/isaac_ros_common/bin
[4.815s] -- Installing: /workspaces/isaac_ros-dev/install/isaac_ros_common/bin/isaac_ros_generate_bug_report.py
[4.815s] -- Installing: /workspaces/isaac_ros-dev/install/isaac_ros_common/bin/isaac_ros_version_embed.py
[4.816s] -- Installing: /workspaces/isaac_ros-dev/install/isaac_ros_common/bin/isaac_ros_asset_eula.sh
[4.816s] -- Installing: /workspaces/isaac_ros-dev/install/isaac_ros_common/bin/isaac_ros_common-version-info.py
[4.818s] Invoked command in '/workspaces/isaac_ros-dev/build/isaac_ros_common' returned '0': CMAKE_PREFIX_PATH=${CMAKE_PREFIX_PATH}:/workspaces/isaac_ros-dev/install/isaac_ros_test:/opt/ros/humble _=/usr/bin/env /usr/bin/cmake --install /workspaces/isaac_ros-dev/build/isaac_ros_common
